#
# A fatal error has been detected by the Java Runtime Environment:
#
#  EXCEPTION_ACCESS_VIOLATION (0xc0000005) at pc=0x00007ffb2992c599, pid=648, tid=21528
#
# JRE version: OpenJDK Runtime Environment Temurin-21.0.7+6 (21.0.7+6) (build 21.0.7+6-LTS)
# Java VM: OpenJDK 64-Bit Server VM Temurin-21.0.7+6 (21.0.7+6-LTS, mixed mode, sharing, tiered, compressed oops, compressed class ptrs, parallel gc, windows-amd64)
# Problematic frame:
# V  [jvm.dll+0x70c599]
#
# No core dump will be written. Minidumps are not enabled by default on client versions of Windows
#
# If you would like to submit a bug report, please visit:
#   https://github.com/adoptium/adoptium-support/issues
#

---------------  S U M M A R Y ------------

Command Line: --add-modules=ALL-SYSTEM --add-opens=java.base/java.util=ALL-UNNAMED --add-opens=java.base/java.lang=ALL-UNNAMED --add-opens=java.base/sun.nio.fs=ALL-UNNAMED -Declipse.application=org.eclipse.jdt.ls.core.id1 -Dosgi.bundles.defaultStartLevel=4 -Declipse.product=org.eclipse.jdt.ls.core.product -Djava.import.generatesMetadataFilesAtProjectRoot=false -DDetectVMInstallationsJob.disabled=true -Dfile.encoding=utf8 -XX:+UseParallelGC -XX:GCTimeRatio=4 -XX:AdaptiveSizePolicyWeight=90 -Dsun.zip.disableMemoryMapping=true -Xmx2G -Xms100m -Xlog:disable -javaagent:c:\Users\sterl\.vscode\extensions\redhat.java-1.43.1-win32-x64\lombok\lombok-1.18.39-4050.jar -XX:+HeapDumpOnOutOfMemoryError -XX:HeapDumpPath=c:\Users\sterl\AppData\Roaming\Code\User\workspaceStorage\76b817beaaff0acf881965c92f09875f\redhat.java -Daether.dependencyCollector.impl=bf c:\Users\sterl\.vscode\extensions\redhat.java-1.43.1-win32-x64\server\plugins\org.eclipse.equinox.launcher_1.7.0.v20250519-0528.jar -configuration c:\Users\sterl\AppData\Roaming\Code\User\globalStorage\redhat.java\1.43.1\config_win -data c:\Users\sterl\AppData\Roaming\Code\User\workspaceStorage\76b817beaaff0acf881965c92f09875f\redhat.java\jdt_ws --pipe=\\.\pipe\lsp-1c7b17384762ad013a59325b866ac3aa-sock

Host: 11th Gen Intel(R) Core(TM) i5-1155G7 @ 2.50GHz, 8 cores, 11G,  Windows 11 , 64 bit Build 26100 (10.0.26100.4484)
Time: Thu Jul 31 20:05:03 2025 Pacific Daylight Time elapsed time: 850.161666 seconds (0d 0h 14m 10s)

---------------  T H R E A D  ---------------

Current thread (0x000001a4872a2e80):  WorkerThread "GC Thread#6"    [id=21528, stack(0x00000010f8a00000,0x00000010f8b00000) (1024K)]

Stack: [0x00000010f8a00000,0x00000010f8b00000],  sp=0x00000010f8aff588,  free space=1021k
Native frames: (J=compiled Java code, j=interpreted, Vv=VM code, C=native code)
V  [jvm.dll+0x70c599]


siginfo: EXCEPTION_ACCESS_VIOLATION (0xc0000005), reading address 0x0000200080cad308


Registers:
RAX=0x00007ffb29cac1b8, RBX=0x0000000000000008, RCX=0x00007ffb29e58480, RDX=0x0000200080cad308
RSP=0x00000010f8aff588, RBP=0x0000000000000aa7, RSI=0xfe00000000000000, RDI=0x0000000000000038
R8 =0x00000010f8aff608, R9 =0x00000010f7aff558, R10=0x0000000000000001, R11=0x00000447aa3269aa
R12=0x00007ffb29e58480, R13=0x000001a487f33480, R14=0x0000000000000011, R15=0x0000000000000000
RIP=0x00007ffb2992c599, EFLAGS=0x0000000000010202

XMM[0]=0x0000000000000000 0x0000000000000000
XMM[1]=0x0000000000000000 0x3ff0000000000000
XMM[2]=0x0000000000000000 0x0000000000000000
XMM[3]=0x0000000000000000 0x0000000000000000
XMM[4]=0x0000000000000000 0x0000000000000000
XMM[5]=0x0000000000000000 0x0000000000000000
XMM[6]=0x0000000000000000 0x0000000000000000
XMM[7]=0x0000000000000000 0x0000000000000000
XMM[8]=0x0000000000000000 0x0000000000000000
XMM[9]=0x0000000000000000 0x0000000000000000
XMM[10]=0x0000000000000000 0x0000000000000000
XMM[11]=0x0000000000000000 0x0000000000000000
XMM[12]=0x0000000000000000 0x0000000000000000
XMM[13]=0x0000000000000000 0x0000000000000000
XMM[14]=0x0000000000000000 0x0000000000000000
XMM[15]=0x0000000000000000 0x0000000000000000
  MXCSR=0x00001fa0


Register to memory mapping:

RAX=0x00007ffb29cac1b8 jvm.dll
RBX=0x0000000000000008 is an unknown value
RCX=0x00007ffb29e58480 jvm.dll
RDX=0x0000200080cad308 is an unknown value
RSP=0x00000010f8aff588 points into unknown readable memory: 0x00007ffb2992ca62 | 62 ca 92 29 fb 7f 00 00
RBP=0x0000000000000aa7 is an unknown value
RSI=0xfe00000000000000 is an unknown value
RDI=0x0000000000000038 is an unknown value
R8 =0x00000010f8aff608 points into unknown readable memory: 0x000000000000010e | 0e 01 00 00 00 00 00 00
R9 =0x00000010f7aff558 points into unknown readable memory: 0x000001a426fcfcd0 | d0 fc fc 26 a4 01 00 00
R10=0x0000000000000001 is an unknown value
R11=0x00000447aa3269aa is an unknown value
R12=0x00007ffb29e58480 jvm.dll
R13=0x000001a487f33480 points into unknown readable memory: 0x0000000080ca6a78 | 78 6a ca 80 00 00 00 00
R14=0x0000000000000011 is an unknown value
R15=0x0 is null

Top of Stack: (sp=0x00000010f8aff588)
0x00000010f8aff588:   00007ffb2992ca62 0000000000000007
0x00000010f8aff598:   0000000000000000 0000000000000000
0x00000010f8aff5a8:   00007ffb298f850e 0000000000000000
0x00000010f8aff5b8:   00007ffb00000007 00007ffb00000000
0x00000010f8aff5c8:   0000000000000110 0000000000000898
0x00000010f8aff5d8:   00000010f7aff558 00000010f7aff468
0x00000010f8aff5e8:   00000010f7aff2a0 0000000000000008
0x00000010f8aff5f8:   00000001faba80df 000001ee0af9b5f6
0x00000010f8aff608:   000000000000010e 0000000000000118
0x00000010f8aff618:   0000000000000028 0000408856de6574
0x00000010f8aff628:   0000000000000000 0000000000000070
0x00000010f8aff638:   000001a4876df390 0000000000000000
0x00000010f8aff648:   0000000000000030 000001a487118be0
0x00000010f8aff658:   0000000000000000 000001a4872a2e80
0x00000010f8aff668:   00007ffb29af6377 000001a426fb28a8
0x00000010f8aff678:   000001a4872a2e80 000001a426fb28a8
0x00000010f8aff688:   000001a487118be0 0000000000000000
0x00000010f8aff698:   000001a4872a2e80 0000000000000000
0x00000010f8aff6a8:   0000000000100000 0000000000000000
0x00000010f8aff6b8:   00007ffb29a71f6b 00000010f8a00000
0x00000010f8aff6c8:   00000000ffffffff 0000000000000000
0x00000010f8aff6d8:   0000000000000000 0000000000000004
0x00000010f8aff6e8:   0000000000001000 0000000400001000
0x00000010f8aff6f8:   0000000000020000 0000000000000000
0x00000010f8aff708:   00007ffbae34effb 000001a4872a2e80
0x00000010f8aff718:   0000000000000000 0000000000000000
0x00000010f8aff728:   00007ffbae7774bf 0000000000000000
0x00000010f8aff738:   00007ffb298ec7dd 0000000000000000
0x00000010f8aff748:   000001a4872a2e80 00000000000075a3
0x00000010f8aff758:   0000000000000000 0000000000000000
0x00000010f8aff768:   00007ffbae7637b0 000001a4000075a3
0x00000010f8aff778:   000001a4870d8f90 0000000000000000 

Instructions: (pc=0x00007ffb2992c599)
0x00007ffb2992c499:   48 8d 05 08 ee 37 00 48 89 44 24 20 4c 89 5c 24
0x00007ffb2992c4a9:   30 45 84 c9 74 08 49 d3 e0 4d 03 c2 eb 04 4c 8b
0x00007ffb2992c4b9:   42 08 49 63 40 0c 4c 8d 0d 8a be 52 00 48 8d 4c
0x00007ffb2992c4c9:   24 20 41 ff 14 c1 48 83 c4 48 c3 cc cc cc cc cc
0x00007ffb2992c4d9:   cc cc cc cc cc cc cc 40 53 48 83 ec 40 48 8b 05
0x00007ffb2992c4e9:   13 6e 5a 00 48 8b d9 48 8b 50 30 48 89 54 24 20
0x00007ffb2992c4f9:   48 8d 54 24 20 48 c7 44 24 28 00 00 00 00 e8 b4
0x00007ffb2992c509:   e8 ff ff c6 43 58 00 48 8d 4b 28 48 8b 05 dd 6d
0x00007ffb2992c519:   5a 00 48 8b 90 88 00 00 00 48 8b 42 30 48 8d 54
0x00007ffb2992c529:   24 30 48 89 44 24 30 48 c7 44 24 38 00 00 00 00
0x00007ffb2992c539:   e8 82 e8 ff ff 48 8d 8b 40 03 00 00 c6 43 59 00
0x00007ffb2992c549:   48 8b 01 48 83 c4 40 5b 48 ff 60 08 cc cc cc cc
0x00007ffb2992c559:   cc cc cc cc cc cc cc 48 8b 15 29 5e 5c 00 48 8b
0x00007ffb2992c569:   0d 82 6d 5a 00 48 81 c2 a0 00 00 00 e9 16 ee fe
0x00007ffb2992c579:   ff cc cc cc cc cc cc 48 8b 05 59 6d 5a 00 c3 cc
0x00007ffb2992c589:   cc cc cc cc cc cc cc 48 3b 15 89 6d 5a 00 72 0c
0x00007ffb2992c599:   48 8b 02 24 03 3c 03 74 03 32 c0 c3 b0 01 c3 cc
0x00007ffb2992c5a9:   cc cc cc cc cc cc cc 4c 89 44 24 18 53 55 56 57
0x00007ffb2992c5b9:   41 54 41 56 41 57 48 83 ec 40 48 8b e9 48 8b fa
0x00007ffb2992c5c9:   48 8b ca e8 6f fe 8f ff 48 8b 94 24 90 00 00 00
0x00007ffb2992c5d9:   4c 8b f0 83 e2 03 83 3d 7a e6 51 00 02 75 09 48
0x00007ffb2992c5e9:   83 fa 02 0f 94 c2 eb 05 f6 d2 80 e2 01 84 d2 74
0x00007ffb2992c5f9:   1a 48 8d 94 24 98 00 00 00 48 8d 8c 24 90 00 00
0x00007ffb2992c609:   00 e8 d1 92 f4 ff 48 8b 30 eb 08 48 8b b4 24 90
0x00007ffb2992c619:   00 00 00 48 8b 5d 30 4e 8d 24 f5 00 00 00 00 48
0x00007ffb2992c629:   8b 45 40 4c 8d 7d 28 48 2b c3 48 c1 ee 03 48 c1
0x00007ffb2992c639:   e8 03 83 e6 0f 4c 89 ac 24 80 00 00 00 4d 8b ec
0x00007ffb2992c649:   4c 3b f0 77 39 49 8d 04 1c 4c 8b c3 48 89 45 30
0x00007ffb2992c659:   48 8b d3 8b 0d fe 27 5a 00 49 d3 e8 49 8b c0 48
0x00007ffb2992c669:   d3 e0 48 2b d0 48 8b 45 50 48 c1 ea 03 48 8b 48
0x00007ffb2992c679:   70 41 88 14 08 48 85 db 0f 85 74 01 00 00 80 7d
0x00007ffb2992c689:   59 00 0f 85 a0 02 00 00 48 8b 05 a0 df 51 00 48 


Stack slot to memory mapping:

stack at sp + 0 slots: 0x00007ffb2992ca62 jvm.dll
stack at sp + 1 slots: 0x0000000000000007 is an unknown value
stack at sp + 2 slots: 0x0 is null
stack at sp + 3 slots: 0x0 is null
stack at sp + 4 slots: 0x00007ffb298f850e jvm.dll
stack at sp + 5 slots: 0x0 is null
stack at sp + 6 slots: 0x00007ffb00000007 is an unknown value
stack at sp + 7 slots: 0x00007ffb00000000 is an unknown value


---------------  P R O C E S S  ---------------

Threads class SMR info:
_java_thread_list=0x000001a4877c5d20, length=51, elements={
0x000001a429390cf0, 0x000001a42944c7b0, 0x000001a43fdf3f00, 0x000001a43fdf6ff0,
0x000001a43fdf7ff0, 0x000001a43fdf8d70, 0x000001a43fdfb7d0, 0x000001a43fdfc550,
0x000001a4827a9260, 0x000001a48281dff0, 0x000001a482a9bac0, 0x000001a487b4b240,
0x000001a487787950, 0x000001a487408d60, 0x000001a487409790, 0x000001a487316150,
0x000001a487570cd0, 0x000001a487111ab0, 0x000001a4871134f0, 0x000001a487111420,
0x000001a489e031e0, 0x000001a489e06cf0, 0x000001a489e04c20, 0x000001a489e03870,
0x000001a489e05fd0, 0x000001a489e06660, 0x000001a489e03f00, 0x000001a489e07380,
0x000001a489e04590, 0x000001a489e080a0, 0x000001a489e07a10, 0x000001a489e08730,
0x000001a489e052b0, 0x000001a489903b50, 0x000001a489904870, 0x000001a489901a80,
0x000001a489907660, 0x000001a489905590, 0x000001a489905c20, 0x000001a4899062b0,
0x000001a489906940, 0x000001a489900d60, 0x000001a489906fd0, 0x000001a4899027a0,
0x000001a493f91c10, 0x000001a493f90860, 0x000001a493f922a0, 0x000001a493f93650,
0x000001a493f93ce0, 0x000001a4892c99f0, 0x000001a4892cada0
}

Java Threads: ( => current thread )
  0x000001a429390cf0 JavaThread "main"                              [_thread_blocked, id=8056, stack(0x00000010f7600000,0x00000010f7700000) (1024K)]
  0x000001a42944c7b0 JavaThread "Reference Handler"          daemon [_thread_blocked, id=13248, stack(0x00000010f7b00000,0x00000010f7c00000) (1024K)]
  0x000001a43fdf3f00 JavaThread "Finalizer"                  daemon [_thread_blocked, id=22032, stack(0x00000010f7c00000,0x00000010f7d00000) (1024K)]
  0x000001a43fdf6ff0 JavaThread "Signal Dispatcher"          daemon [_thread_blocked, id=12484, stack(0x00000010f7d00000,0x00000010f7e00000) (1024K)]
  0x000001a43fdf7ff0 JavaThread "Attach Listener"            daemon [_thread_blocked, id=20936, stack(0x00000010f7e00000,0x00000010f7f00000) (1024K)]
  0x000001a43fdf8d70 JavaThread "Service Thread"             daemon [_thread_blocked, id=18552, stack(0x00000010f7f00000,0x00000010f8000000) (1024K)]
  0x000001a43fdfb7d0 JavaThread "Monitor Deflation Thread"   daemon [_thread_blocked, id=4236, stack(0x00000010f8000000,0x00000010f8100000) (1024K)]
  0x000001a43fdfc550 JavaThread "C2 CompilerThread0"         daemon [_thread_blocked, id=13268, stack(0x00000010f8100000,0x00000010f8200000) (1024K)]
  0x000001a4827a9260 JavaThread "C1 CompilerThread0"         daemon [_thread_blocked, id=7332, stack(0x00000010f8200000,0x00000010f8300000) (1024K)]
  0x000001a48281dff0 JavaThread "Common-Cleaner"             daemon [_thread_blocked, id=4520, stack(0x00000010f8300000,0x00000010f8400000) (1024K)]
  0x000001a482a9bac0 JavaThread "Notification Thread"        daemon [_thread_blocked, id=18052, stack(0x00000010f8400000,0x00000010f8500000) (1024K)]
  0x000001a487b4b240 JavaThread "Active Thread: Equinox Container: a037e807-2ca4-45ca-878c-2eb5d9ba481a"        [_thread_blocked, id=16220, stack(0x00000010f8d00000,0x00000010f8e00000) (1024K)]
  0x000001a487787950 JavaThread "Refresh Thread: Equinox Container: a037e807-2ca4-45ca-878c-2eb5d9ba481a" daemon [_thread_blocked, id=9500, stack(0x00000010f8b00000,0x00000010f8c00000) (1024K)]
  0x000001a487408d60 JavaThread "Framework Event Dispatcher: Equinox Container: a037e807-2ca4-45ca-878c-2eb5d9ba481a" daemon [_thread_blocked, id=4928, stack(0x00000010f8e00000,0x00000010f8f00000) (1024K)]
  0x000001a487409790 JavaThread "Start Level: Equinox Container: a037e807-2ca4-45ca-878c-2eb5d9ba481a" daemon [_thread_blocked, id=2844, stack(0x00000010f8f00000,0x00000010f9000000) (1024K)]
  0x000001a487316150 JavaThread "Bundle File Closer"         daemon [_thread_blocked, id=14948, stack(0x00000010f9000000,0x00000010f9100000) (1024K)]
  0x000001a487570cd0 JavaThread "SCR Component Actor"        daemon [_thread_blocked, id=7308, stack(0x00000010f9100000,0x00000010f9200000) (1024K)]
  0x000001a487111ab0 JavaThread "Worker-JM"                         [_thread_blocked, id=14448, stack(0x00000010f9400000,0x00000010f9500000) (1024K)]
  0x000001a4871134f0 JavaThread "JNA Cleaner"                daemon [_thread_blocked, id=17068, stack(0x00000010f9500000,0x00000010f9600000) (1024K)]
  0x000001a487111420 JavaThread "Java indexing"              daemon [_thread_blocked, id=5780, stack(0x00000010f9800000,0x00000010f9900000) (1024K)]
  0x000001a489e031e0 JavaThread "Thread-2"                   daemon [_thread_in_native, id=3840, stack(0x00000010f9f00000,0x00000010fa000000) (1024K)]
  0x000001a489e06cf0 JavaThread "Thread-3"                   daemon [_thread_in_native, id=9440, stack(0x00000010fa000000,0x00000010fa100000) (1024K)]
  0x000001a489e04c20 JavaThread "Thread-4"                   daemon [_thread_in_native, id=12848, stack(0x00000010fa100000,0x00000010fa200000) (1024K)]
  0x000001a489e03870 JavaThread "Thread-5"                   daemon [_thread_in_native, id=15784, stack(0x00000010fa200000,0x00000010fa300000) (1024K)]
  0x000001a489e05fd0 JavaThread "Thread-6"                   daemon [_thread_in_native, id=8968, stack(0x00000010fa300000,0x00000010fa400000) (1024K)]
  0x000001a489e06660 JavaThread "Thread-7"                   daemon [_thread_in_native, id=548, stack(0x00000010fa400000,0x00000010fa500000) (1024K)]
  0x000001a489e03f00 JavaThread "Thread-8"                   daemon [_thread_in_native, id=12088, stack(0x00000010fa500000,0x00000010fa600000) (1024K)]
  0x000001a489e07380 JavaThread "Thread-9"                   daemon [_thread_in_native, id=5372, stack(0x00000010fa600000,0x00000010fa700000) (1024K)]
  0x000001a489e04590 JavaThread "Thread-10"                  daemon [_thread_in_native, id=2492, stack(0x00000010fa700000,0x00000010fa800000) (1024K)]
  0x000001a489e080a0 JavaThread "pool-2-thread-1"                   [_thread_blocked, id=15048, stack(0x00000010fa800000,0x00000010fa900000) (1024K)]
  0x000001a489e07a10 JavaThread "WorkspaceEventsHandler"            [_thread_blocked, id=1708, stack(0x00000010fa900000,0x00000010faa00000) (1024K)]
  0x000001a489e08730 JavaThread "pool-1-thread-1"                   [_thread_blocked, id=5540, stack(0x00000010faa00000,0x00000010fab00000) (1024K)]
  0x000001a489e052b0 JavaThread "Worker-5"                          [_thread_blocked, id=22052, stack(0x00000010fab00000,0x00000010fac00000) (1024K)]
  0x000001a489903b50 JavaThread "ForkJoinPool.commonPool-worker-1" daemon [_thread_blocked, id=2316, stack(0x00000010f9200000,0x00000010f9300000) (1024K)]
  0x000001a489904870 JavaThread "ForkJoinPool.commonPool-worker-2" daemon [_thread_blocked, id=14288, stack(0x00000010f9300000,0x00000010f9400000) (1024K)]
  0x000001a489901a80 JavaThread "ForkJoinPool.commonPool-worker-4" daemon [_thread_blocked, id=7280, stack(0x00000010fc100000,0x00000010fc200000) (1024K)]
  0x000001a489907660 JavaThread "ForkJoinPool.commonPool-worker-5" daemon [_thread_blocked, id=14204, stack(0x00000010fc200000,0x00000010fc300000) (1024K)]
  0x000001a489905590 JavaThread "ForkJoinPool.commonPool-worker-7" daemon [_thread_blocked, id=8148, stack(0x00000010fc400000,0x00000010fc500000) (1024K)]
  0x000001a489905c20 JavaThread "ForkJoinPool.commonPool-worker-8" daemon [_thread_blocked, id=11140, stack(0x00000010f9700000,0x00000010f9800000) (1024K)]
  0x000001a4899062b0 JavaThread "ForkJoinPool.commonPool-worker-9" daemon [_thread_blocked, id=336, stack(0x00000010f9a00000,0x00000010f9b00000) (1024K)]
  0x000001a489906940 JavaThread "Cleaner-0"                  daemon [_thread_blocked, id=2436, stack(0x00000010f7400000,0x00000010f7500000) (1024K)]
  0x000001a489900d60 JavaThread "Compiler Source File Reader" daemon [_thread_blocked, id=20620, stack(0x00000010f9900000,0x00000010f9a00000) (1024K)]
  0x000001a489906fd0 JavaThread "Worker-6"                          [_thread_blocked, id=10404, stack(0x00000010f9c00000,0x00000010f9d00000) (1024K)]
  0x000001a4899027a0 JavaThread "Compiler Source File Reader" daemon [_thread_blocked, id=8888, stack(0x00000010f9d00000,0x00000010f9e00000) (1024K)]
  0x000001a493f91c10 JavaThread "Compiler Source File Reader" daemon [_thread_blocked, id=9552, stack(0x00000010f9e00000,0x00000010f9f00000) (1024K)]
  0x000001a493f90860 JavaThread "Compiler Source File Reader" daemon [_thread_blocked, id=14436, stack(0x00000010fad00000,0x00000010fae00000) (1024K)]
  0x000001a493f922a0 JavaThread "Java Debug Server"          daemon [_thread_in_native, id=7608, stack(0x00000010fae00000,0x00000010faf00000) (1024K)]
  0x000001a493f93650 JavaThread "RxSchedulerPurge-1"         daemon [_thread_blocked, id=5124, stack(0x00000010fb000000,0x00000010fb100000) (1024K)]
  0x000001a493f93ce0 JavaThread "RxCachedWorkerPoolEvictor-1" daemon [_thread_blocked, id=7664, stack(0x00000010fb100000,0x00000010fb200000) (1024K)]
  0x000001a4892c99f0 JavaThread "Compiler Source File Reader" daemon [_thread_blocked, id=4048, stack(0x00000010fb300000,0x00000010fb400000) (1024K)]
  0x000001a4892cada0 JavaThread "Worker-7"                          [_thread_blocked, id=11192, stack(0x00000010f7700000,0x00000010f7800000) (1024K)]
Total: 51

Other Threads:
  0x000001a43fdf35f0 VMThread "VM Thread"                           [id=16656, stack(0x00000010f7a00000,0x00000010f7b00000) (1024K)]
  0x000001a4293fa830 WatcherThread "VM Periodic Task Thread"        [id=13132, stack(0x00000010f7900000,0x00000010f7a00000) (1024K)]
  0x000001a4293ae100 WorkerThread "GC Thread#0"                     [id=18992, stack(0x00000010f7800000,0x00000010f7900000) (1024K)]
  0x000001a482a98aa0 WorkerThread "GC Thread#1"                     [id=19708, stack(0x00000010f8500000,0x00000010f8600000) (1024K)]
  0x000001a482a98e40 WorkerThread "GC Thread#2"                     [id=17340, stack(0x00000010f8600000,0x00000010f8700000) (1024K)]
  0x000001a482a991e0 WorkerThread "GC Thread#3"                     [id=18960, stack(0x00000010f8700000,0x00000010f8800000) (1024K)]
  0x000001a4872a2740 WorkerThread "GC Thread#4"                     [id=13716, stack(0x00000010f8800000,0x00000010f8900000) (1024K)]
  0x000001a4872a2ae0 WorkerThread "GC Thread#5"                     [id=1036, stack(0x00000010f8900000,0x00000010f8a00000) (1024K)]
=>0x000001a4872a2e80 WorkerThread "GC Thread#6"                     [id=21528, stack(0x00000010f8a00000,0x00000010f8b00000) (1024K)]
  0x000001a43fe029e0 WorkerThread "GC Thread#7"                     [id=6728, stack(0x00000010f8c00000,0x00000010f8d00000) (1024K)]
Total: 10

Threads with active compile tasks:
C2 CompilerThread0  850211 22648       4       org.eclipse.jdt.internal.core.SourceMethod::isConstructor (32 bytes)
Total: 1

VM state: at safepoint (normal execution)

VM Mutex/Monitor currently owned by a thread:  ([mutex/lock_event])
[0x00007ffb29ece308] Threads_lock - owner thread: 0x000001a43fdf35f0
[0x00007ffb29ece408] Heap_lock - owner thread: 0x000001a489903b50

Heap address: 0x0000000080000000, size: 2048 MB, Compressed Oops mode: 32-bit

CDS archive(s) mapped at: [0x000001a440000000-0x000001a440ba0000-0x000001a440ba0000), size 12189696, SharedBaseAddress: 0x000001a440000000, ArchiveRelocationMode: 1.
Compressed class space mapped at: 0x000001a441000000-0x000001a481000000, reserved size: 1073741824
Narrow klass base: 0x000001a440000000, Narrow klass shift: 0, Narrow klass range: 0x100000000

GC Precious Log:
 CardTable entry size: 512
 CPUs: 8 total, 8 available
 Memory: 11930M
 Large Page Support: Disabled
 NUMA Support: Disabled
 Compressed Oops: Enabled (32-bit)
 Alignments: Space 512K, Generation 512K, Heap 2M
 Heap Min Capacity: 100M
 Heap Initial Capacity: 100M
 Heap Max Capacity: 2G
 Pre-touch: Disabled
 Parallel Workers: 8

Heap:
 PSYoungGen      total 3072K, used 2751K [0x00000000d5580000, 0x00000000d5980000, 0x0000000100000000)
  eden space 2560K, 99% used [0x00000000d5580000,0x00000000d57ffff0,0x00000000d5800000)
  from space 512K, 37% used [0x00000000d5900000,0x00000000d5930000,0x00000000d5980000)
  to   space 512K, 96% used [0x00000000d5880000,0x00000000d58fc010,0x00000000d5900000)
 ParOldGen       total 529920K, used 529770K [0x0000000080000000, 0x00000000a0580000, 0x00000000d5580000)
  object space 529920K, 99% used [0x0000000080000000,0x00000000a055ab60,0x00000000a0580000)
 Metaspace       used 89929K, committed 91776K, reserved 1179648K
  class space    used 9144K, committed 9984K, reserved 1048576K

Card table byte_map: [0x000001a428d30000,0x000001a429140000] _byte_map_base: 0x000001a428930000

Marking Bits: (ParMarkBitMap*) 0x00007ffb29ed31f0
 Begin Bits: [0x000001a43b830000, 0x000001a43d830000)
 End Bits:   [0x000001a43d830000, 0x000001a43f830000)

Polling page: 0x000001a427230000

Metaspace:

Usage:
  Non-class:     78.89 MB used.
      Class:      8.93 MB used.
       Both:     87.82 MB used.

Virtual space:
  Non-class space:      128.00 MB reserved,      79.88 MB ( 62%) committed,  2 nodes.
      Class space:        1.00 GB reserved,       9.75 MB ( <1%) committed,  1 nodes.
             Both:        1.12 GB reserved,      89.62 MB (  8%) committed. 

Chunk freelists:
   Non-Class:  15.64 MB
       Class:  6.08 MB
        Both:  21.71 MB

MaxMetaspaceSize: unlimited
CompressedClassSpaceSize: 1.00 GB
Initial GC threshold: 21.00 MB
Current GC threshold: 132.31 MB
CDS: on
 - commit_granule_bytes: 65536.
 - commit_granule_words: 8192.
 - virtual_space_node_default_size: 8388608.
 - enlarge_chunks_in_place: 1.
 - use_allocation_guard: 0.


Internal statistics:

num_allocs_failed_limit: 9.
num_arena_births: 1818.
num_arena_deaths: 16.
num_vsnodes_births: 3.
num_vsnodes_deaths: 0.
num_space_committed: 1434.
num_space_uncommitted: 0.
num_chunks_returned_to_freelist: 26.
num_chunks_taken_from_freelist: 6260.
num_chunk_merges: 13.
num_chunk_splits: 3736.
num_chunks_enlarged: 1966.
num_inconsistent_stats: 0.

CodeHeap 'non-profiled nmethods': size=120000Kb used=19897Kb max_used=19897Kb free=100102Kb
 bounds [0x000001a434050000, 0x000001a4353c0000, 0x000001a43b580000]
CodeHeap 'profiled nmethods': size=120000Kb used=39680Kb max_used=41093Kb free=80319Kb
 bounds [0x000001a42c580000, 0x000001a42ee10000, 0x000001a433ab0000]
CodeHeap 'non-nmethods': size=5760Kb used=1549Kb max_used=1651Kb free=4210Kb
 bounds [0x000001a433ab0000, 0x000001a433d20000, 0x000001a434050000]
 total_blobs=18129 nmethods=17267 adapters=761
 compilation: enabled
              stopped_count=0, restarted_count=0
 full_count=0

Compilation events (20 events):
Event: 843.812 Thread 0x000001a4827a9260 nmethod 22638 0x000001a42d931e10 code [0x000001a42d932080, 0x000001a42d932c08]
Event: 846.822 Thread 0x000001a4827a9260 22639       3       io.reactivex.internal.schedulers.SchedulerPoolFactory$ScheduledTask::run (66 bytes)
Event: 846.822 Thread 0x000001a4827a9260 nmethod 22639 0x000001a42d930b10 code [0x000001a42d930d80, 0x000001a42d931a70]
Event: 847.493 Thread 0x000001a43fdfc550 22640       4       java.util.Hashtable$EntrySet::iterator (9 bytes)
Event: 847.494 Thread 0x000001a43fdfc550 nmethod 22640 0x000001a4353bde90 code [0x000001a4353be020, 0x000001a4353be1b0]
Event: 849.820 Thread 0x000001a4827a9260 22641   !   3       java.util.concurrent.ScheduledThreadPoolExecutor$DelayedWorkQueue::offer (123 bytes)
Event: 849.821 Thread 0x000001a4827a9260 nmethod 22641 0x000001a42da66d90 code [0x000001a42da670a0, 0x000001a42da68430]
Event: 849.821 Thread 0x000001a4827a9260 22644   !   3       java.util.concurrent.ScheduledThreadPoolExecutor$DelayedWorkQueue::take (203 bytes)
Event: 849.823 Thread 0x000001a4827a9260 nmethod 22644 0x000001a42da64610 code [0x000001a42da649e0, 0x000001a42da66280]
Event: 849.823 Thread 0x000001a4827a9260 22642       3       java.util.concurrent.ThreadPoolExecutor::ensurePrestart (41 bytes)
Event: 849.824 Thread 0x000001a4827a9260 nmethod 22642 0x000001a42d930590 code [0x000001a42d930760, 0x000001a42d930a10]
Event: 849.824 Thread 0x000001a4827a9260 22643       3       java.util.concurrent.ScheduledThreadPoolExecutor$DelayedWorkQueue::take (5 bytes)
Event: 849.824 Thread 0x000001a4827a9260 nmethod 22643 0x000001a42d930190 code [0x000001a42d930340, 0x000001a42d930498]
Event: 850.115 Thread 0x000001a4827a9260 22645       3       org.eclipse.core.internal.resources.WorkspaceRoot::findFilesForLocationURI (29 bytes)
Event: 850.116 Thread 0x000001a4827a9260 nmethod 22645 0x000001a42da63d10 code [0x000001a42da63f00, 0x000001a42da64420]
Event: 850.123 Thread 0x000001a4827a9260 22646       1       org.eclipse.lsp4j.jsonrpc.json.JsonRpcMethod::getMethodName (5 bytes)
Event: 850.123 Thread 0x000001a4827a9260 nmethod 22646 0x000001a4353be310 code [0x000001a4353be4a0, 0x000001a4353be568]
Event: 850.124 Thread 0x000001a4827a9260 22647       3       org.eclipse.core.internal.resources.WorkspaceRoot::findFilesForLocationURI (7 bytes)
Event: 850.124 Thread 0x000001a4827a9260 nmethod 22647 0x000001a42da63390 code [0x000001a42da63580, 0x000001a42da63b00]
Event: 850.147 Thread 0x000001a43fdfc550 22648       4       org.eclipse.jdt.internal.core.SourceMethod::isConstructor (32 bytes)

GC Heap History (20 events):
Event: 831.087 GC heap after
{Heap after GC invocations=1913 (full 5):
 PSYoungGen      total 3584K, used 656K [0x00000000d5580000, 0x00000000d5a00000, 0x0000000100000000)
  eden space 2560K, 0% used [0x00000000d5580000,0x00000000d5580000,0x00000000d5800000)
  from space 1024K, 64% used [0x00000000d5800000,0x00000000d58a4010,0x00000000d5900000)
  to   space 1024K, 0% used [0x00000000d5900000,0x00000000d5900000,0x00000000d5a00000)
 ParOldGen       total 526848K, used 526757K [0x0000000080000000, 0x00000000a0280000, 0x00000000d5580000)
  object space 526848K, 99% used [0x0000000080000000,0x00000000a0269658,0x00000000a0280000)
 Metaspace       used 89826K, committed 91648K, reserved 1179648K
  class space    used 9144K, committed 9984K, reserved 1048576K
}
Event: 831.094 GC heap before
{Heap before GC invocations=1914 (full 5):
 PSYoungGen      total 3584K, used 3216K [0x00000000d5580000, 0x00000000d5a00000, 0x0000000100000000)
  eden space 2560K, 100% used [0x00000000d5580000,0x00000000d5800000,0x00000000d5800000)
  from space 1024K, 64% used [0x00000000d5800000,0x00000000d58a4010,0x00000000d5900000)
  to   space 1024K, 0% used [0x00000000d5900000,0x00000000d5900000,0x00000000d5a00000)
 ParOldGen       total 526848K, used 526757K [0x0000000080000000, 0x00000000a0280000, 0x00000000d5580000)
  object space 526848K, 99% used [0x0000000080000000,0x00000000a0269658,0x00000000a0280000)
 Metaspace       used 89828K, committed 91648K, reserved 1179648K
  class space    used 9144K, committed 9984K, reserved 1048576K
}
Event: 831.095 GC heap after
{Heap after GC invocations=1914 (full 5):
 PSYoungGen      total 3584K, used 864K [0x00000000d5580000, 0x00000000d5a00000, 0x0000000100000000)
  eden space 2560K, 0% used [0x00000000d5580000,0x00000000d5580000,0x00000000d5800000)
  from space 1024K, 84% used [0x00000000d5900000,0x00000000d59d8000,0x00000000d5a00000)
  to   space 1024K, 0% used [0x00000000d5800000,0x00000000d5800000,0x00000000d5900000)
 ParOldGen       total 527360K, used 526982K [0x0000000080000000, 0x00000000a0300000, 0x00000000d5580000)
  object space 527360K, 99% used [0x0000000080000000,0x00000000a02a1858,0x00000000a0300000)
 Metaspace       used 89828K, committed 91648K, reserved 1179648K
  class space    used 9144K, committed 9984K, reserved 1048576K
}
Event: 831.126 GC heap before
{Heap before GC invocations=1915 (full 5):
 PSYoungGen      total 3584K, used 3424K [0x00000000d5580000, 0x00000000d5a00000, 0x0000000100000000)
  eden space 2560K, 100% used [0x00000000d5580000,0x00000000d5800000,0x00000000d5800000)
  from space 1024K, 84% used [0x00000000d5900000,0x00000000d59d8000,0x00000000d5a00000)
  to   space 1024K, 0% used [0x00000000d5800000,0x00000000d5800000,0x00000000d5900000)
 ParOldGen       total 527360K, used 526982K [0x0000000080000000, 0x00000000a0300000, 0x00000000d5580000)
  object space 527360K, 99% used [0x0000000080000000,0x00000000a02a1858,0x00000000a0300000)
 Metaspace       used 89842K, committed 91712K, reserved 1179648K
  class space    used 9144K, committed 9984K, reserved 1048576K
}
Event: 831.128 GC heap after
{Heap after GC invocations=1915 (full 5):
 PSYoungGen      total 3584K, used 672K [0x00000000d5580000, 0x00000000d5a00000, 0x0000000100000000)
  eden space 2560K, 0% used [0x00000000d5580000,0x00000000d5580000,0x00000000d5800000)
  from space 1024K, 65% used [0x00000000d5800000,0x00000000d58a8020,0x00000000d5900000)
  to   space 1024K, 0% used [0x00000000d5900000,0x00000000d5900000,0x00000000d5a00000)
 ParOldGen       total 527872K, used 527702K [0x0000000080000000, 0x00000000a0380000, 0x00000000d5580000)
  object space 527872K, 99% used [0x0000000080000000,0x00000000a0355898,0x00000000a0380000)
 Metaspace       used 89842K, committed 91712K, reserved 1179648K
  class space    used 9144K, committed 9984K, reserved 1048576K
}
Event: 831.135 GC heap before
{Heap before GC invocations=1916 (full 5):
 PSYoungGen      total 3584K, used 3232K [0x00000000d5580000, 0x00000000d5a00000, 0x0000000100000000)
  eden space 2560K, 100% used [0x00000000d5580000,0x00000000d5800000,0x00000000d5800000)
  from space 1024K, 65% used [0x00000000d5800000,0x00000000d58a8020,0x00000000d5900000)
  to   space 1024K, 0% used [0x00000000d5900000,0x00000000d5900000,0x00000000d5a00000)
 ParOldGen       total 527872K, used 527702K [0x0000000080000000, 0x00000000a0380000, 0x00000000d5580000)
  object space 527872K, 99% used [0x0000000080000000,0x00000000a0355898,0x00000000a0380000)
 Metaspace       used 89842K, committed 91712K, reserved 1179648K
  class space    used 9144K, committed 9984K, reserved 1048576K
}
Event: 831.137 GC heap after
{Heap after GC invocations=1916 (full 5):
 PSYoungGen      total 3584K, used 928K [0x00000000d5580000, 0x00000000d5a00000, 0x0000000100000000)
  eden space 2560K, 0% used [0x00000000d5580000,0x00000000d5580000,0x00000000d5800000)
  from space 1024K, 90% used [0x00000000d5900000,0x00000000d59e8000,0x00000000d5a00000)
  to   space 1024K, 0% used [0x00000000d5800000,0x00000000d5800000,0x00000000d5900000)
 ParOldGen       total 528384K, used 528107K [0x0000000080000000, 0x00000000a0400000, 0x00000000d5580000)
  object space 528384K, 99% used [0x0000000080000000,0x00000000a03bac38,0x00000000a0400000)
 Metaspace       used 89842K, committed 91712K, reserved 1179648K
  class space    used 9144K, committed 9984K, reserved 1048576K
}
Event: 831.152 GC heap before
{Heap before GC invocations=1917 (full 5):
 PSYoungGen      total 3584K, used 3488K [0x00000000d5580000, 0x00000000d5a00000, 0x0000000100000000)
  eden space 2560K, 100% used [0x00000000d5580000,0x00000000d5800000,0x00000000d5800000)
  from space 1024K, 90% used [0x00000000d5900000,0x00000000d59e8000,0x00000000d5a00000)
  to   space 1024K, 0% used [0x00000000d5800000,0x00000000d5800000,0x00000000d5900000)
 ParOldGen       total 528384K, used 528107K [0x0000000080000000, 0x00000000a0400000, 0x00000000d5580000)
  object space 528384K, 99% used [0x0000000080000000,0x00000000a03bac38,0x00000000a0400000)
 Metaspace       used 89848K, committed 91712K, reserved 1179648K
  class space    used 9144K, committed 9984K, reserved 1048576K
}
Event: 831.155 GC heap after
{Heap after GC invocations=1917 (full 5):
 PSYoungGen      total 3584K, used 960K [0x00000000d5580000, 0x00000000d5a00000, 0x0000000100000000)
  eden space 2560K, 0% used [0x00000000d5580000,0x00000000d5580000,0x00000000d5800000)
  from space 1024K, 93% used [0x00000000d5800000,0x00000000d58f0000,0x00000000d5900000)
  to   space 1024K, 0% used [0x00000000d5900000,0x00000000d5900000,0x00000000d5a00000)
 ParOldGen       total 528896K, used 528737K [0x0000000080000000, 0x00000000a0480000, 0x00000000d5580000)
  object space 528896K, 99% used [0x0000000080000000,0x00000000a0458610,0x00000000a0480000)
 Metaspace       used 89848K, committed 91712K, reserved 1179648K
  class space    used 9144K, committed 9984K, reserved 1048576K
}
Event: 831.170 GC heap before
{Heap before GC invocations=1918 (full 5):
 PSYoungGen      total 3584K, used 3520K [0x00000000d5580000, 0x00000000d5a00000, 0x0000000100000000)
  eden space 2560K, 100% used [0x00000000d5580000,0x00000000d5800000,0x00000000d5800000)
  from space 1024K, 93% used [0x00000000d5800000,0x00000000d58f0000,0x00000000d5900000)
  to   space 1024K, 0% used [0x00000000d5900000,0x00000000d5900000,0x00000000d5a00000)
 ParOldGen       total 528896K, used 528737K [0x0000000080000000, 0x00000000a0480000, 0x00000000d5580000)
  object space 528896K, 99% used [0x0000000080000000,0x00000000a0458610,0x00000000a0480000)
 Metaspace       used 89851K, committed 91712K, reserved 1179648K
  class space    used 9144K, committed 9984K, reserved 1048576K
}
Event: 831.172 GC heap after
{Heap after GC invocations=1918 (full 5):
 PSYoungGen      total 3072K, used 128K [0x00000000d5580000, 0x00000000d5980000, 0x0000000100000000)
  eden space 2560K, 0% used [0x00000000d5580000,0x00000000d5580000,0x00000000d5800000)
  from space 512K, 25% used [0x00000000d5900000,0x00000000d5920000,0x00000000d5980000)
  to   space 512K, 0% used [0x00000000d5880000,0x00000000d5880000,0x00000000d5900000)
 ParOldGen       total 529920K, used 529546K [0x0000000080000000, 0x00000000a0580000, 0x00000000d5580000)
  object space 529920K, 99% used [0x0000000080000000,0x00000000a0522b60,0x00000000a0580000)
 Metaspace       used 89851K, committed 91712K, reserved 1179648K
  class space    used 9144K, committed 9984K, reserved 1048576K
}
Event: 831.187 GC heap before
{Heap before GC invocations=1919 (full 5):
 PSYoungGen      total 3072K, used 2688K [0x00000000d5580000, 0x00000000d5980000, 0x0000000100000000)
  eden space 2560K, 100% used [0x00000000d5580000,0x00000000d5800000,0x00000000d5800000)
  from space 512K, 25% used [0x00000000d5900000,0x00000000d5920000,0x00000000d5980000)
  to   space 512K, 0% used [0x00000000d5880000,0x00000000d5880000,0x00000000d5900000)
 ParOldGen       total 529920K, used 529546K [0x0000000080000000, 0x00000000a0580000, 0x00000000d5580000)
  object space 529920K, 99% used [0x0000000080000000,0x00000000a0522b60,0x00000000a0580000)
 Metaspace       used 89912K, committed 91776K, reserved 1179648K
  class space    used 9144K, committed 9984K, reserved 1048576K
}
Event: 831.189 GC heap after
{Heap after GC invocations=1919 (full 5):
 PSYoungGen      total 3072K, used 256K [0x00000000d5580000, 0x00000000d5980000, 0x0000000100000000)
  eden space 2560K, 0% used [0x00000000d5580000,0x00000000d5580000,0x00000000d5800000)
  from space 512K, 50% used [0x00000000d5880000,0x00000000d58c0000,0x00000000d5900000)
  to   space 512K, 0% used [0x00000000d5900000,0x00000000d5900000,0x00000000d5980000)
 ParOldGen       total 529920K, used 529594K [0x0000000080000000, 0x00000000a0580000, 0x00000000d5580000)
  object space 529920K, 99% used [0x0000000080000000,0x00000000a052eb60,0x00000000a0580000)
 Metaspace       used 89912K, committed 91776K, reserved 1179648K
  class space    used 9144K, committed 9984K, reserved 1048576K
}
Event: 831.346 GC heap before
{Heap before GC invocations=1920 (full 5):
 PSYoungGen      total 3072K, used 2816K [0x00000000d5580000, 0x00000000d5980000, 0x0000000100000000)
  eden space 2560K, 100% used [0x00000000d5580000,0x00000000d5800000,0x00000000d5800000)
  from space 512K, 50% used [0x00000000d5880000,0x00000000d58c0000,0x00000000d5900000)
  to   space 512K, 0% used [0x00000000d5900000,0x00000000d5900000,0x00000000d5980000)
 ParOldGen       total 529920K, used 529594K [0x0000000080000000, 0x00000000a0580000, 0x00000000d5580000)
  object space 529920K, 99% used [0x0000000080000000,0x00000000a052eb60,0x00000000a0580000)
 Metaspace       used 89915K, committed 91776K, reserved 1179648K
  class space    used 9144K, committed 9984K, reserved 1048576K
}
Event: 831.347 GC heap after
{Heap after GC invocations=1920 (full 5):
 PSYoungGen      total 3072K, used 128K [0x00000000d5580000, 0x00000000d5980000, 0x0000000100000000)
  eden space 2560K, 0% used [0x00000000d5580000,0x00000000d5580000,0x00000000d5800000)
  from space 512K, 25% used [0x00000000d5900000,0x00000000d5920000,0x00000000d5980000)
  to   space 512K, 0% used [0x00000000d5880000,0x00000000d5880000,0x00000000d5900000)
 ParOldGen       total 529920K, used 529626K [0x0000000080000000, 0x00000000a0580000, 0x00000000d5580000)
  object space 529920K, 99% used [0x0000000080000000,0x00000000a0536b60,0x00000000a0580000)
 Metaspace       used 89915K, committed 91776K, reserved 1179648K
  class space    used 9144K, committed 9984K, reserved 1048576K
}
Event: 831.369 GC heap before
{Heap before GC invocations=1921 (full 5):
 PSYoungGen      total 3072K, used 2687K [0x00000000d5580000, 0x00000000d5980000, 0x0000000100000000)
  eden space 2560K, 99% used [0x00000000d5580000,0x00000000d57ffcc8,0x00000000d5800000)
  from space 512K, 25% used [0x00000000d5900000,0x00000000d5920000,0x00000000d5980000)
  to   space 512K, 0% used [0x00000000d5880000,0x00000000d5880000,0x00000000d5900000)
 ParOldGen       total 529920K, used 529626K [0x0000000080000000, 0x00000000a0580000, 0x00000000d5580000)
  object space 529920K, 99% used [0x0000000080000000,0x00000000a0536b60,0x00000000a0580000)
 Metaspace       used 89917K, committed 91776K, reserved 1179648K
  class space    used 9144K, committed 9984K, reserved 1048576K
}
Event: 831.370 GC heap after
{Heap after GC invocations=1921 (full 5):
 PSYoungGen      total 3072K, used 340K [0x00000000d5580000, 0x00000000d5980000, 0x0000000100000000)
  eden space 2560K, 0% used [0x00000000d5580000,0x00000000d5580000,0x00000000d5800000)
  from space 512K, 66% used [0x00000000d5880000,0x00000000d58d50a8,0x00000000d5900000)
  to   space 512K, 0% used [0x00000000d5900000,0x00000000d5900000,0x00000000d5980000)
 ParOldGen       total 529920K, used 529682K [0x0000000080000000, 0x00000000a0580000, 0x00000000d5580000)
  object space 529920K, 99% used [0x0000000080000000,0x00000000a0544b60,0x00000000a0580000)
 Metaspace       used 89917K, committed 91776K, reserved 1179648K
  class space    used 9144K, committed 9984K, reserved 1048576K
}
Event: 850.142 GC heap before
{Heap before GC invocations=1922 (full 5):
 PSYoungGen      total 3072K, used 2900K [0x00000000d5580000, 0x00000000d5980000, 0x0000000100000000)
  eden space 2560K, 100% used [0x00000000d5580000,0x00000000d5800000,0x00000000d5800000)
  from space 512K, 66% used [0x00000000d5880000,0x00000000d58d50a8,0x00000000d5900000)
  to   space 512K, 0% used [0x00000000d5900000,0x00000000d5900000,0x00000000d5980000)
 ParOldGen       total 529920K, used 529682K [0x0000000080000000, 0x00000000a0580000, 0x00000000d5580000)
  object space 529920K, 99% used [0x0000000080000000,0x00000000a0544b60,0x00000000a0580000)
 Metaspace       used 89929K, committed 91776K, reserved 1179648K
  class space    used 9144K, committed 9984K, reserved 1048576K
}
Event: 850.144 GC heap after
{Heap after GC invocations=1922 (full 5):
 PSYoungGen      total 3072K, used 192K [0x00000000d5580000, 0x00000000d5980000, 0x0000000100000000)
  eden space 2560K, 0% used [0x00000000d5580000,0x00000000d5580000,0x00000000d5800000)
  from space 512K, 37% used [0x00000000d5900000,0x00000000d5930000,0x00000000d5980000)
  to   space 512K, 0% used [0x00000000d5880000,0x00000000d5880000,0x00000000d5900000)
 ParOldGen       total 529920K, used 529714K [0x0000000080000000, 0x00000000a0580000, 0x00000000d5580000)
  object space 529920K, 99% used [0x0000000080000000,0x00000000a054cb60,0x00000000a0580000)
 Metaspace       used 89929K, committed 91776K, reserved 1179648K
  class space    used 9144K, committed 9984K, reserved 1048576K
}
Event: 850.148 GC heap before
{Heap before GC invocations=1923 (full 5):
 PSYoungGen      total 3072K, used 2751K [0x00000000d5580000, 0x00000000d5980000, 0x0000000100000000)
  eden space 2560K, 99% used [0x00000000d5580000,0x00000000d57ffff0,0x00000000d5800000)
  from space 512K, 37% used [0x00000000d5900000,0x00000000d5930000,0x00000000d5980000)
  to   space 512K, 0% used [0x00000000d5880000,0x00000000d5880000,0x00000000d5900000)
 ParOldGen       total 529920K, used 529714K [0x0000000080000000, 0x00000000a0580000, 0x00000000d5580000)
  object space 529920K, 99% used [0x0000000080000000,0x00000000a054cb60,0x00000000a0580000)
 Metaspace       used 89929K, committed 91776K, reserved 1179648K
  class space    used 9144K, committed 9984K, reserved 1048576K
}

Dll operation events (12 events):
Event: 0.011 Loaded shared library c:\Users\sterl\.vscode\extensions\redhat.java-1.43.1-win32-x64\jre\21.0.7-win32-x86_64\bin\java.dll
Event: 0.117 Loaded shared library c:\Users\sterl\.vscode\extensions\redhat.java-1.43.1-win32-x64\jre\21.0.7-win32-x86_64\bin\zip.dll
Event: 0.144 Loaded shared library C:\Users\sterl\.vscode\extensions\redhat.java-1.43.1-win32-x64\jre\21.0.7-win32-x86_64\bin\instrument.dll
Event: 0.151 Loaded shared library C:\Users\sterl\.vscode\extensions\redhat.java-1.43.1-win32-x64\jre\21.0.7-win32-x86_64\bin\net.dll
Event: 0.153 Loaded shared library C:\Users\sterl\.vscode\extensions\redhat.java-1.43.1-win32-x64\jre\21.0.7-win32-x86_64\bin\nio.dll
Event: 0.160 Loaded shared library C:\Users\sterl\.vscode\extensions\redhat.java-1.43.1-win32-x64\jre\21.0.7-win32-x86_64\bin\zip.dll
Event: 0.213 Loaded shared library C:\Users\sterl\.vscode\extensions\redhat.java-1.43.1-win32-x64\jre\21.0.7-win32-x86_64\bin\jimage.dll
Event: 0.359 Loaded shared library c:\Users\sterl\.vscode\extensions\redhat.java-1.43.1-win32-x64\jre\21.0.7-win32-x86_64\bin\verify.dll
Event: 11.225 Loaded shared library C:\Users\sterl\AppData\Roaming\Code\User\globalStorage\redhat.java\1.43.1\config_win\org.eclipse.equinox.launcher\org.eclipse.equinox.launcher.win32.win32.x86_64_1.2.1300.v20250331-1702\eclipse_11911.dll
Event: 22.442 Loaded shared library C:\Users\sterl\AppData\Local\Temp\jna-109761374\jna4733882300075200245.dll
Event: 191.388 Loaded shared library C:\Users\sterl\.vscode\extensions\redhat.java-1.43.1-win32-x64\jre\21.0.7-win32-x86_64\bin\sunmscapi.dll
Event: 621.731 Loaded shared library C:\Users\sterl\.vscode\extensions\redhat.java-1.43.1-win32-x64\jre\21.0.7-win32-x86_64\bin\extnet.dll

Deoptimization events (20 events):
Event: 830.456 Thread 0x000001a4899062b0 Uncommon trap: trap_request=0xffffff45 fr.pc=0x000001a434c5de34 relative=0x0000000000000094
Event: 830.456 Thread 0x000001a4899062b0 Uncommon trap: reason=unstable_if action=reinterpret pc=0x000001a434c5de34 method=org.eclipse.jdt.internal.compiler.lookup.TypeBinding.equalsEquals(Lorg/eclipse/jdt/internal/compiler/lookup/TypeBinding;Lorg/eclipse/jdt/internal/compiler/lookup/TypeBinding
Event: 830.456 Thread 0x000001a4899062b0 DEOPT PACKING pc=0x000001a434c5de34 sp=0x00000010f9afe000
Event: 830.456 Thread 0x000001a4899062b0 DEOPT UNPACKING pc=0x000001a433b06da2 sp=0x00000010f9afdfa0 mode 2
Event: 830.712 Thread 0x000001a4899062b0 DEOPT PACKING pc=0x000001a42d8ae01a sp=0x00000010f9afe1e0
Event: 830.712 Thread 0x000001a4899062b0 DEOPT UNPACKING pc=0x000001a433b078e2 sp=0x00000010f9afd6f8 mode 0
Event: 831.072 Thread 0x000001a4899062b0 Uncommon trap: trap_request=0xffffffd6 fr.pc=0x000001a4353746d4 relative=0x0000000000001394
Event: 831.072 Thread 0x000001a4899062b0 Uncommon trap: reason=array_check action=maybe_recompile pc=0x000001a4353746d4 method=java.util.TimSort.mergeHi(IIII)V @ 282 c2
Event: 831.072 Thread 0x000001a4899062b0 DEOPT PACKING pc=0x000001a4353746d4 sp=0x00000010f9afd950
Event: 831.072 Thread 0x000001a4899062b0 DEOPT UNPACKING pc=0x000001a433b06da2 sp=0x00000010f9afd938 mode 2
Event: 831.072 Thread 0x000001a4899062b0 Uncommon trap: trap_request=0xffffffd6 fr.pc=0x000001a4353746d4 relative=0x0000000000001394
Event: 831.072 Thread 0x000001a4899062b0 Uncommon trap: reason=array_check action=maybe_recompile pc=0x000001a4353746d4 method=java.util.TimSort.mergeHi(IIII)V @ 282 c2
Event: 831.072 Thread 0x000001a4899062b0 DEOPT PACKING pc=0x000001a4353746d4 sp=0x00000010f9afd950
Event: 831.072 Thread 0x000001a4899062b0 DEOPT UNPACKING pc=0x000001a433b06da2 sp=0x00000010f9afd938 mode 2
Event: 831.155 Thread 0x000001a4899062b0 Uncommon trap: trap_request=0xffffff45 fr.pc=0x000001a435393950 relative=0x0000000000002870
Event: 831.155 Thread 0x000001a4899062b0 Uncommon trap: reason=unstable_if action=reinterpret pc=0x000001a435393950 method=lombok.eclipse.TransformEclipseAST.transform(Lorg/eclipse/jdt/internal/compiler/parser/Parser;Lorg/eclipse/jdt/internal/compiler/ast/CompilationUnitDeclaration;)V @ 34 c2
Event: 831.155 Thread 0x000001a4899062b0 DEOPT PACKING pc=0x000001a435393950 sp=0x00000010f9afd8d0
Event: 831.155 Thread 0x000001a4899062b0 DEOPT UNPACKING pc=0x000001a433b06da2 sp=0x00000010f9afd750 mode 2
Event: 831.368 Thread 0x000001a489e08730 DEOPT PACKING pc=0x000001a42d298e5b sp=0x00000010faafddf0
Event: 831.368 Thread 0x000001a489e08730 DEOPT UNPACKING pc=0x000001a433b078e2 sp=0x00000010faafd320 mode 0

Classes loaded (20 events):
Event: 748.075 Loading class sun/security/ssl/PreSharedKeyExtension$SHPreSharedKeySpec
Event: 748.075 Loading class sun/security/ssl/PreSharedKeyExtension$SHPreSharedKeySpec done
Event: 748.140 Loading class sun/net/www/http/KeepAliveCleanerEntry
Event: 748.141 Loading class sun/net/www/http/KeepAliveCleanerEntry done
Event: 748.141 Loading class sun/net/www/http/KeepAliveStream$1
Event: 748.141 Loading class sun/net/www/http/KeepAliveStream$1 done
Event: 748.141 Loading class sun/net/www/http/ChunkedInputStream
Event: 748.141 Loading class sun/net/www/http/ChunkedInputStream done
Event: 748.147 Loading class sun/net/www/http/KeepAliveCache$1
Event: 748.147 Loading class sun/net/www/http/KeepAliveCache$1 done
Event: 748.148 Loading class sun/net/www/http/KeepAliveCache$ClientVector
Event: 748.148 Loading class sun/net/www/http/KeepAliveCache$ClientVector done
Event: 748.150 Loading class sun/net/www/http/KeepAliveEntry
Event: 748.150 Loading class sun/net/www/http/KeepAliveEntry done
Event: 758.149 Loading class sun/security/ssl/Alert
Event: 758.150 Loading class sun/security/ssl/Alert done
Event: 758.150 Loading class sun/security/ssl/Alert$AlertConsumer
Event: 758.151 Loading class sun/security/ssl/Alert$AlertConsumer done
Event: 758.151 Loading class sun/security/ssl/Alert$Level
Event: 758.151 Loading class sun/security/ssl/Alert$Level done

Classes unloaded (8 events):
Event: 22.882 Thread 0x000001a43fdf35f0 Unloading class 0x000001a4411a3000 'java/lang/invoke/LambdaForm$MH+0x000001a4411a3000'
Event: 22.882 Thread 0x000001a43fdf35f0 Unloading class 0x000001a4411a2c00 'java/lang/invoke/LambdaForm$MH+0x000001a4411a2c00'
Event: 22.882 Thread 0x000001a43fdf35f0 Unloading class 0x000001a4411a2800 'java/lang/invoke/LambdaForm$MH+0x000001a4411a2800'
Event: 22.882 Thread 0x000001a43fdf35f0 Unloading class 0x000001a4411a2400 'java/lang/invoke/LambdaForm$MH+0x000001a4411a2400'
Event: 22.882 Thread 0x000001a43fdf35f0 Unloading class 0x000001a4411a2000 'java/lang/invoke/LambdaForm$BMH+0x000001a4411a2000'
Event: 22.882 Thread 0x000001a43fdf35f0 Unloading class 0x000001a4411a1c00 'java/lang/invoke/LambdaForm$DMH+0x000001a4411a1c00'
Event: 22.882 Thread 0x000001a43fdf35f0 Unloading class 0x000001a4411a0800 'java/lang/invoke/LambdaForm$DMH+0x000001a4411a0800'
Event: 367.288 Thread 0x000001a43fdf35f0 Unloading class 0x000001a441711000 'java/lang/invoke/LambdaForm$DMH+0x000001a441711000'

Classes redefined (0 events):
No events

Internal exceptions (20 events):
Event: 755.746 Thread 0x000001a4899062b0 Exception <a 'sun/nio/fs/WindowsException'{0x00000000d56521c8}> (0x00000000d56521c8) 
thrown [s\src\hotspot\share\prims\jni.cpp, line 520]
Event: 755.747 Thread 0x000001a4899062b0 Exception <a 'sun/nio/fs/WindowsException'{0x00000000d56527e0}> (0x00000000d56527e0) 
thrown [s\src\hotspot\share\prims\jni.cpp, line 520]
Event: 755.747 Thread 0x000001a4899062b0 Exception <a 'sun/nio/fs/WindowsException'{0x00000000d5653490}> (0x00000000d5653490) 
thrown [s\src\hotspot\share\prims\jni.cpp, line 520]
Event: 755.747 Thread 0x000001a4899062b0 Exception <a 'sun/nio/fs/WindowsException'{0x00000000d5653d58}> (0x00000000d5653d58) 
thrown [s\src\hotspot\share\prims\jni.cpp, line 520]
Event: 755.747 Thread 0x000001a4899062b0 Exception <a 'sun/nio/fs/WindowsException'{0x00000000d5654a70}> (0x00000000d5654a70) 
thrown [s\src\hotspot\share\prims\jni.cpp, line 520]
Event: 755.747 Thread 0x000001a4899062b0 Exception <a 'sun/nio/fs/WindowsException'{0x00000000d5655338}> (0x00000000d5655338) 
thrown [s\src\hotspot\share\prims\jni.cpp, line 520]
Event: 755.747 Thread 0x000001a4899062b0 Exception <a 'sun/nio/fs/WindowsException'{0x00000000d5656b10}> (0x00000000d5656b10) 
thrown [s\src\hotspot\share\prims\jni.cpp, line 520]
Event: 755.747 Thread 0x000001a4899062b0 Exception <a 'sun/nio/fs/WindowsException'{0x00000000d56573d8}> (0x00000000d56573d8) 
thrown [s\src\hotspot\share\prims\jni.cpp, line 520]
Event: 755.747 Thread 0x000001a4899062b0 Exception <a 'sun/nio/fs/WindowsException'{0x00000000d56580f0}> (0x00000000d56580f0) 
thrown [s\src\hotspot\share\prims\jni.cpp, line 520]
Event: 755.747 Thread 0x000001a4899062b0 Exception <a 'sun/nio/fs/WindowsException'{0x00000000d56589b8}> (0x00000000d56589b8) 
thrown [s\src\hotspot\share\prims\jni.cpp, line 520]
Event: 755.747 Thread 0x000001a4899062b0 Exception <a 'sun/nio/fs/WindowsException'{0x00000000d565a0e0}> (0x00000000d565a0e0) 
thrown [s\src\hotspot\share\prims\jni.cpp, line 520]
Event: 755.747 Thread 0x000001a4899062b0 Exception <a 'sun/nio/fs/WindowsException'{0x00000000d565a9a8}> (0x00000000d565a9a8) 
thrown [s\src\hotspot\share\prims\jni.cpp, line 520]
Event: 755.749 Thread 0x000001a4899062b0 Exception <a 'sun/nio/fs/WindowsException'{0x00000000d5678cb8}> (0x00000000d5678cb8) 
thrown [s\src\hotspot\share\prims\jni.cpp, line 520]
Event: 755.750 Thread 0x000001a4899062b0 Exception <a 'sun/nio/fs/WindowsException'{0x00000000d5679580}> (0x00000000d5679580) 
thrown [s\src\hotspot\share\prims\jni.cpp, line 520]
Event: 756.189 Thread 0x000001a489905c20 Implicit null exception at 0x000001a4350ee7b0 to 0x000001a4350eef1c
Event: 816.814 Thread 0x000001a4899062b0 Exception <a 'java/lang/NoSuchMethodError'{0x00000000d5693888}: 'void java.lang.invoke.DirectMethodHandle$Holder.invokeSpecial(java.lang.Object, java.lang.Object, int)'> (0x00000000d5693888) 
thrown [s\src\hotspot\share\interpreter\linkResolver.cpp, line 773]
Event: 816.882 Thread 0x000001a4899062b0 Exception <a 'java/lang/NoSuchMethodError'{0x00000000d56c83a8}: 'int java.lang.invoke.DirectMethodHandle$Holder.invokeVirtual(java.lang.Object, java.lang.Object, java.lang.Object, int)'> (0x00000000d56c83a8) 
thrown [s\src\hotspot\share\interpreter\linkResolver.cpp, line 773]
Event: 830.369 Thread 0x000001a4899062b0 Implicit null exception at 0x000001a434add68b to 0x000001a434adf68c
Event: 830.369 Thread 0x000001a4899062b0 Implicit null exception at 0x000001a434ae2770 to 0x000001a434ae4584
Event: 830.456 Thread 0x000001a4899062b0 Implicit null exception at 0x000001a434c5ddc6 to 0x000001a434c5de24

ZGC Phase Switch (0 events):
No events

VM Operations (20 events):
Event: 831.137 Executing VM operation: ParallelGCFailedAllocation (Allocation Failure) done
Event: 831.152 Executing VM operation: ParallelGCFailedAllocation (Allocation Failure)
Event: 831.155 Executing VM operation: ParallelGCFailedAllocation (Allocation Failure) done
Event: 831.170 Executing VM operation: ParallelGCFailedAllocation (Allocation Failure)
Event: 831.172 Executing VM operation: ParallelGCFailedAllocation (Allocation Failure) done
Event: 831.187 Executing VM operation: ParallelGCFailedAllocation (Allocation Failure)
Event: 831.189 Executing VM operation: ParallelGCFailedAllocation (Allocation Failure) done
Event: 831.346 Executing VM operation: ParallelGCFailedAllocation (Allocation Failure)
Event: 831.347 Executing VM operation: ParallelGCFailedAllocation (Allocation Failure) done
Event: 831.369 Executing VM operation: ParallelGCFailedAllocation (Allocation Failure)
Event: 831.370 Executing VM operation: ParallelGCFailedAllocation (Allocation Failure) done
Event: 832.373 Executing VM operation: Cleanup
Event: 832.373 Executing VM operation: Cleanup done
Event: 841.744 Executing VM operation: HandshakeAllThreads (HandshakeForDeflation)
Event: 841.745 Executing VM operation: HandshakeAllThreads (HandshakeForDeflation) done
Event: 841.745 Executing VM operation: RendezvousGCThreads
Event: 841.745 Executing VM operation: RendezvousGCThreads done
Event: 850.142 Executing VM operation: ParallelGCFailedAllocation (Allocation Failure)
Event: 850.144 Executing VM operation: ParallelGCFailedAllocation (Allocation Failure) done
Event: 850.148 Executing VM operation: ParallelGCFailedAllocation (Allocation Failure)

Memory protections (0 events):
No events

Nmethod flushes (20 events):
Event: 517.451 Thread 0x000001a43fdf35f0 flushing  nmethod 0x000001a42ea77010
Event: 517.451 Thread 0x000001a43fdf35f0 flushing  nmethod 0x000001a42ea91710
Event: 517.451 Thread 0x000001a43fdf35f0 flushing  nmethod 0x000001a42ea95c90
Event: 517.451 Thread 0x000001a43fdf35f0 flushing  nmethod 0x000001a42eab3710
Event: 517.451 Thread 0x000001a43fdf35f0 flushing  nmethod 0x000001a42eac4d10
Event: 517.451 Thread 0x000001a43fdf35f0 flushing  nmethod 0x000001a42eacb090
Event: 517.451 Thread 0x000001a43fdf35f0 flushing  nmethod 0x000001a42eae4510
Event: 517.451 Thread 0x000001a43fdf35f0 flushing  nmethod 0x000001a42eaf9b10
Event: 517.451 Thread 0x000001a43fdf35f0 flushing  nmethod 0x000001a42eafbe10
Event: 517.451 Thread 0x000001a43fdf35f0 flushing  nmethod 0x000001a42eb17d90
Event: 517.451 Thread 0x000001a43fdf35f0 flushing  nmethod 0x000001a42eb20c90
Event: 517.451 Thread 0x000001a43fdf35f0 flushing  nmethod 0x000001a42eb27690
Event: 517.451 Thread 0x000001a43fdf35f0 flushing  nmethod 0x000001a42eb35c10
Event: 517.451 Thread 0x000001a43fdf35f0 flushing  nmethod 0x000001a42eb3cf90
Event: 517.451 Thread 0x000001a43fdf35f0 flushing  nmethod 0x000001a42eb3e290
Event: 517.451 Thread 0x000001a43fdf35f0 flushing  nmethod 0x000001a42ec12110
Event: 517.451 Thread 0x000001a43fdf35f0 flushing  nmethod 0x000001a42ec17f10
Event: 517.451 Thread 0x000001a43fdf35f0 flushing  nmethod 0x000001a42ec70710
Event: 517.451 Thread 0x000001a43fdf35f0 flushing  nmethod 0x000001a42ec7f890
Event: 517.451 Thread 0x000001a43fdf35f0 flushing  nmethod 0x000001a42ec96310

Events (20 events):
Event: 757.470 Thread 0x000001a4892cd500 Thread exited: 0x000001a4892cd500
Event: 763.153 Thread 0x000001a4892ca080 Thread exited: 0x000001a4892ca080
Event: 787.471 Thread 0x000001a4892c9360 Thread exited: 0x000001a4892c9360
Event: 799.233 Thread 0x000001a489906fd0 Thread added: 0x000001a4892cada0
Event: 799.233 Thread 0x000001a4892cada0 Thread exited: 0x000001a4892cada0
Event: 816.678 Thread 0x000001a487112140 Thread exited: 0x000001a487112140
Event: 816.734 Thread 0x000001a4827a9260 Thread added: 0x000001a48b526480
Event: 816.759 Thread 0x000001a4827a9260 Thread added: 0x000001a48b522e00
Event: 817.403 Thread 0x000001a489e0a800 Thread exited: 0x000001a489e0a800
Event: 818.800 Thread 0x000001a48b522e00 Thread exited: 0x000001a48b522e00
Event: 818.800 Thread 0x000001a48b526480 Thread exited: 0x000001a48b526480
Event: 818.847 Thread 0x000001a43fdfc550 Thread added: 0x000001a48b526480
Event: 825.725 Thread 0x000001a48b526480 Thread exited: 0x000001a48b526480
Event: 829.858 Thread 0x000001a4827a9260 Thread added: 0x000001a48b526480
Event: 830.332 Thread 0x000001a48b526480 Thread exited: 0x000001a48b526480
Event: 830.361 Thread 0x000001a4827a9260 Thread added: 0x000001a48b522e00
Event: 830.397 Thread 0x000001a4827a9260 Thread added: 0x000001a48b5234d0
Event: 831.340 Thread 0x000001a48b5234d0 Thread exited: 0x000001a48b5234d0
Event: 831.821 Thread 0x000001a48b522e00 Thread exited: 0x000001a48b522e00
Event: 850.137 Thread 0x000001a489e052b0 Thread added: 0x000001a4892cada0


Dynamic libraries:
0x00007ff7c28a0000 - 0x00007ff7c28ae000 	c:\Users\sterl\.vscode\extensions\redhat.java-1.43.1-win32-x64\jre\21.0.7-win32-x86_64\bin\java.exe
0x00007ffbb1140000 - 0x00007ffbb13a8000 	C:\WINDOWS\SYSTEM32\ntdll.dll
0x00007ffbafe30000 - 0x00007ffbafef9000 	C:\WINDOWS\System32\KERNEL32.DLL
0x00007ffbae290000 - 0x00007ffbae67d000 	C:\WINDOWS\System32\KERNELBASE.dll
0x00007ffbae760000 - 0x00007ffbae8ab000 	C:\WINDOWS\System32\ucrtbase.dll
0x00007ffb6f590000 - 0x00007ffb6f5a8000 	c:\Users\sterl\.vscode\extensions\redhat.java-1.43.1-win32-x64\jre\21.0.7-win32-x86_64\bin\jli.dll
0x00007ffbaff50000 - 0x00007ffbb011c000 	C:\WINDOWS\System32\USER32.dll
0x00007ffbae680000 - 0x00007ffbae6a7000 	C:\WINDOWS\System32\win32u.dll
0x00007ffbb0f90000 - 0x00007ffbb0fbb000 	C:\WINDOWS\System32\GDI32.dll
0x00007ffbaeda0000 - 0x00007ffbaeed7000 	C:\WINDOWS\System32\gdi32full.dll
0x00007ffbae6b0000 - 0x00007ffbae753000 	C:\WINDOWS\System32\msvcp_win.dll
0x00007ffb749e0000 - 0x00007ffb749fe000 	c:\Users\sterl\.vscode\extensions\redhat.java-1.43.1-win32-x64\jre\21.0.7-win32-x86_64\bin\VCRUNTIME140.dll
0x00007ffbad480000 - 0x00007ffbad71a000 	C:\WINDOWS\WinSxS\amd64_microsoft.windows.common-controls_6595b64144ccf1df_6.0.26100.4484_none_3e0e6d4ce32ef3b3\COMCTL32.dll
0x00007ffbaf8a0000 - 0x00007ffbaf949000 	C:\WINDOWS\System32\msvcrt.dll
0x00007ffbaf860000 - 0x00007ffbaf88f000 	C:\WINDOWS\System32\IMM32.DLL
0x00007ffb91da0000 - 0x00007ffb91dac000 	c:\Users\sterl\.vscode\extensions\redhat.java-1.43.1-win32-x64\jre\21.0.7-win32-x86_64\bin\vcruntime140_1.dll
0x00007ffb30f00000 - 0x00007ffb30f8d000 	c:\Users\sterl\.vscode\extensions\redhat.java-1.43.1-win32-x64\jre\21.0.7-win32-x86_64\bin\msvcp140.dll
0x00007ffb29220000 - 0x00007ffb29fb0000 	c:\Users\sterl\.vscode\extensions\redhat.java-1.43.1-win32-x64\jre\21.0.7-win32-x86_64\bin\server\jvm.dll
0x00007ffbaeef0000 - 0x00007ffbaefa4000 	C:\WINDOWS\System32\ADVAPI32.dll
0x00007ffbb0120000 - 0x00007ffbb01c6000 	C:\WINDOWS\System32\sechost.dll
0x00007ffbaf950000 - 0x00007ffbafa68000 	C:\WINDOWS\System32\RPCRT4.dll
0x00007ffbb0ce0000 - 0x00007ffbb0d54000 	C:\WINDOWS\System32\WS2_32.dll
0x00007ffba3c60000 - 0x00007ffba3c95000 	C:\WINDOWS\SYSTEM32\WINMM.dll
0x00007ffbae100000 - 0x00007ffbae15e000 	C:\WINDOWS\SYSTEM32\POWRPROF.dll
0x00007ffba39a0000 - 0x00007ffba39ab000 	C:\WINDOWS\SYSTEM32\VERSION.dll
0x00007ffbae0e0000 - 0x00007ffbae0f4000 	C:\WINDOWS\SYSTEM32\UMPDC.dll
0x00007ffbac6f0000 - 0x00007ffbac70b000 	C:\WINDOWS\SYSTEM32\kernel.appcore.dll
0x00007ffb8d200000 - 0x00007ffb8d20a000 	c:\Users\sterl\.vscode\extensions\redhat.java-1.43.1-win32-x64\jre\21.0.7-win32-x86_64\bin\jimage.dll
0x00007ffbadb40000 - 0x00007ffbadd81000 	C:\WINDOWS\SYSTEM32\DBGHELP.DLL
0x00007ffbb01d0000 - 0x00007ffbb0556000 	C:\WINDOWS\System32\combase.dll
0x00007ffbb05e0000 - 0x00007ffbb06c0000 	C:\WINDOWS\System32\OLEAUT32.dll
0x00007ffbad920000 - 0x00007ffbad963000 	C:\WINDOWS\SYSTEM32\dbgcore.DLL
0x00007ffbaec70000 - 0x00007ffbaed09000 	C:\WINDOWS\System32\bcryptPrimitives.dll
0x00007ffb808b0000 - 0x00007ffb808bf000 	c:\Users\sterl\.vscode\extensions\redhat.java-1.43.1-win32-x64\jre\21.0.7-win32-x86_64\bin\instrument.dll
0x00007ffb6c8f0000 - 0x00007ffb6c90f000 	c:\Users\sterl\.vscode\extensions\redhat.java-1.43.1-win32-x64\jre\21.0.7-win32-x86_64\bin\java.dll
0x00007ffbaf0e0000 - 0x00007ffbaf82a000 	C:\WINDOWS\System32\SHELL32.dll
0x00007ffbae8b0000 - 0x00007ffbaea24000 	C:\WINDOWS\System32\wintypes.dll
0x00007ffbab410000 - 0x00007ffbabc6b000 	C:\WINDOWS\SYSTEM32\windows.storage.dll
0x00007ffbb0b60000 - 0x00007ffbb0c55000 	C:\WINDOWS\System32\SHCORE.dll
0x00007ffbb0c70000 - 0x00007ffbb0cda000 	C:\WINDOWS\System32\shlwapi.dll
0x00007ffbae1a0000 - 0x00007ffbae1cf000 	C:\WINDOWS\SYSTEM32\profapi.dll
0x00007ffb6c6b0000 - 0x00007ffb6c6c8000 	c:\Users\sterl\.vscode\extensions\redhat.java-1.43.1-win32-x64\jre\21.0.7-win32-x86_64\bin\zip.dll
0x00007ffb7f000000 - 0x00007ffb7f010000 	C:\Users\sterl\.vscode\extensions\redhat.java-1.43.1-win32-x64\jre\21.0.7-win32-x86_64\bin\net.dll
0x00007ffba7240000 - 0x00007ffba735e000 	C:\WINDOWS\SYSTEM32\WINHTTP.dll
0x00007ffbacc40000 - 0x00007ffbaccaa000 	C:\WINDOWS\system32\mswsock.dll
0x00007ffb6a3e0000 - 0x00007ffb6a3f6000 	C:\Users\sterl\.vscode\extensions\redhat.java-1.43.1-win32-x64\jre\21.0.7-win32-x86_64\bin\nio.dll
0x00007ffb7e0b0000 - 0x00007ffb7e0c0000 	c:\Users\sterl\.vscode\extensions\redhat.java-1.43.1-win32-x64\jre\21.0.7-win32-x86_64\bin\verify.dll
0x00007ffb28510000 - 0x00007ffb28555000 	C:\Users\sterl\AppData\Roaming\Code\User\globalStorage\redhat.java\1.43.1\config_win\org.eclipse.equinox.launcher\org.eclipse.equinox.launcher.win32.win32.x86_64_1.2.1300.v20250331-1702\eclipse_11911.dll
0x00007ffbb0de0000 - 0x00007ffbb0f7e000 	C:\WINDOWS\System32\ole32.dll
0x00007ffbaddb0000 - 0x00007ffbaddcb000 	C:\WINDOWS\SYSTEM32\CRYPTSP.dll
0x00007ffbacd50000 - 0x00007ffbacd8b000 	C:\WINDOWS\system32\rsaenh.dll
0x00007ffbaccb0000 - 0x00007ffbaccdb000 	C:\WINDOWS\SYSTEM32\USERENV.dll
0x00007ffbae170000 - 0x00007ffbae196000 	C:\WINDOWS\SYSTEM32\bcrypt.dll
0x00007ffbacf30000 - 0x00007ffbacf3c000 	C:\WINDOWS\SYSTEM32\CRYPTBASE.dll
0x00007ffbac110000 - 0x00007ffbac143000 	C:\WINDOWS\SYSTEM32\IPHLPAPI.DLL
0x00007ffbaeee0000 - 0x00007ffbaeeea000 	C:\WINDOWS\System32\NSI.dll
0x00007ffb28350000 - 0x00007ffb28399000 	C:\Users\sterl\AppData\Local\Temp\jna-109761374\jna4733882300075200245.dll
0x00007ffbafa70000 - 0x00007ffbafa78000 	C:\WINDOWS\System32\PSAPI.DLL
0x00007ffba7450000 - 0x00007ffba746f000 	C:\WINDOWS\SYSTEM32\dhcpcsvc6.DLL
0x00007ffba7420000 - 0x00007ffba7445000 	C:\WINDOWS\SYSTEM32\dhcpcsvc.DLL
0x00007ffbad9e0000 - 0x00007ffbad9ee000 	C:\Users\sterl\.vscode\extensions\redhat.java-1.43.1-win32-x64\jre\21.0.7-win32-x86_64\bin\sunmscapi.dll
0x00007ffbaea30000 - 0x00007ffbaeba7000 	C:\WINDOWS\System32\CRYPT32.dll
0x00007ffbad1d0000 - 0x00007ffbad200000 	C:\WINDOWS\SYSTEM32\ncrypt.dll
0x00007ffbad180000 - 0x00007ffbad1bf000 	C:\WINDOWS\SYSTEM32\NTASN1.dll
0x00007ffbaa040000 - 0x00007ffbaa049000 	C:\Users\sterl\.vscode\extensions\redhat.java-1.43.1-win32-x64\jre\21.0.7-win32-x86_64\bin\extnet.dll
0x00007ffbac1a0000 - 0x00007ffbac2c6000 	C:\WINDOWS\SYSTEM32\DNSAPI.dll
0x00007ffba3a40000 - 0x00007ffba3a4b000 	C:\Windows\System32\rasadhlp.dll
0x00007ffba7590000 - 0x00007ffba7616000 	C:\WINDOWS\System32\fwpuclnt.dll

dbghelp: loaded successfully - version: 4.0.5 - missing functions: none
symbol engine: initialized successfully - sym options: 0x614 - pdb path: .;c:\Users\sterl\.vscode\extensions\redhat.java-1.43.1-win32-x64\jre\21.0.7-win32-x86_64\bin;C:\WINDOWS\SYSTEM32;C:\WINDOWS\WinSxS\amd64_microsoft.windows.common-controls_6595b64144ccf1df_6.0.26100.4484_none_3e0e6d4ce32ef3b3;c:\Users\sterl\.vscode\extensions\redhat.java-1.43.1-win32-x64\jre\21.0.7-win32-x86_64\bin\server;C:\Users\sterl\AppData\Roaming\Code\User\globalStorage\redhat.java\1.43.1\config_win\org.eclipse.equinox.launcher\org.eclipse.equinox.launcher.win32.win32.x86_64_1.2.1300.v20250331-1702;C:\Users\sterl\AppData\Local\Temp\jna-109761374

VM Arguments:
jvm_args: --add-modules=ALL-SYSTEM --add-opens=java.base/java.util=ALL-UNNAMED --add-opens=java.base/java.lang=ALL-UNNAMED --add-opens=java.base/sun.nio.fs=ALL-UNNAMED -Declipse.application=org.eclipse.jdt.ls.core.id1 -Dosgi.bundles.defaultStartLevel=4 -Declipse.product=org.eclipse.jdt.ls.core.product -Djava.import.generatesMetadataFilesAtProjectRoot=false -DDetectVMInstallationsJob.disabled=true -Dfile.encoding=utf8 -XX:+UseParallelGC -XX:GCTimeRatio=4 -XX:AdaptiveSizePolicyWeight=90 -Dsun.zip.disableMemoryMapping=true -Xmx2G -Xms100m -Xlog:disable -javaagent:c:\Users\sterl\.vscode\extensions\redhat.java-1.43.1-win32-x64\lombok\lombok-1.18.39-4050.jar -XX:+HeapDumpOnOutOfMemoryError -XX:HeapDumpPath=c:\Users\sterl\AppData\Roaming\Code\User\workspaceStorage\76b817beaaff0acf881965c92f09875f\redhat.java -Daether.dependencyCollector.impl=bf 
java_command: c:\Users\sterl\.vscode\extensions\redhat.java-1.43.1-win32-x64\server\plugins\org.eclipse.equinox.launcher_1.7.0.v20250519-0528.jar -configuration c:\Users\sterl\AppData\Roaming\Code\User\globalStorage\redhat.java\1.43.1\config_win -data c:\Users\sterl\AppData\Roaming\Code\User\workspaceStorage\76b817beaaff0acf881965c92f09875f\redhat.java\jdt_ws --pipe=\\.\pipe\lsp-1c7b17384762ad013a59325b866ac3aa-sock
java_class_path (initial): c:\Users\sterl\.vscode\extensions\redhat.java-1.43.1-win32-x64\server\plugins\org.eclipse.equinox.launcher_1.7.0.v20250519-0528.jar
Launcher Type: SUN_STANDARD

[Global flags]
    uintx AdaptiveSizePolicyWeight                 = 90                                        {product} {command line}
     intx CICompilerCount                          = 4                                         {product} {ergonomic}
    uintx GCTimeRatio                              = 4                                         {product} {command line}
     bool HeapDumpOnOutOfMemoryError               = true                                   {manageable} {command line}
    ccstr HeapDumpPath                             = c:\Users\sterl\AppData\Roaming\Code\User\workspaceStorage\76b817beaaff0acf881965c92f09875f\redhat.java         {manageable} {command line}
   size_t InitialHeapSize                          = 104857600                                 {product} {command line}
   size_t MaxHeapSize                              = 2147483648                                {product} {command line}
   size_t MaxNewSize                               = 715653120                                 {product} {ergonomic}
   size_t MinHeapDeltaBytes                        = 524288                                    {product} {ergonomic}
   size_t MinHeapSize                              = 104857600                                 {product} {command line}
   size_t NewSize                                  = 34603008                                  {product} {ergonomic}
    uintx NonNMethodCodeHeapSize                   = 5839372                                {pd product} {ergonomic}
    uintx NonProfiledCodeHeapSize                  = 122909434                              {pd product} {ergonomic}
   size_t OldSize                                  = 70254592                                  {product} {ergonomic}
    uintx ProfiledCodeHeapSize                     = 122909434                              {pd product} {ergonomic}
    uintx ReservedCodeCacheSize                    = 251658240                              {pd product} {ergonomic}
     bool SegmentedCodeCache                       = true                                      {product} {ergonomic}
   size_t SoftMaxHeapSize                          = 2147483648                             {manageable} {ergonomic}
     bool UseCompressedOops                        = true                           {product lp64_product} {ergonomic}
     bool UseLargePagesIndividualAllocation        = false                                  {pd product} {ergonomic}
     bool UseParallelGC                            = true                                      {product} {command line}

Logging:
Log output configuration:
 #0: stdout all=off uptime,level,tags foldmultilines=false
 #1: stderr all=off uptime,level,tags foldmultilines=false

Environment Variables:
JAVA_HOME=C:\Program Files\Java\jdk-17
PATH=C:\Program Files\Common Files\Oracle\Java\javapath;C:\Program Files (x86)\Embarcadero\Studio\23.0\bin;C:\Users\Public\Documents\Embarcadero\Studio\23.0\Bpl;C:\Program Files (x86)\Embarcadero\Studio\23.0\bin64;C:\Users\Public\Documents\Embarcadero\Studio\23.0\Bpl\Win64;C:\windows\system32;C:\windows;C:\windows\System32\Wbem;C:\windows\System32\WindowsPowerShell\v1.0\;C:\windows\System32\OpenSSH\;C:\msys64\mingw64\bin;C:\Program Files\dotnet\;C;C:\Program Files\Azure Data Studio\bin;C:\Program Files (x86)\Microsoft SQL Server\160\Tools\Binn\;C:\Program Files\Microsoft SQL Server\160\Tools\Binn\;C:\Program Files\Microsoft SQL Server\Client SDK\ODBC\170\Tools\Binn\;C:\Program Files\Microsoft SQL Server\160\DTS\Binn\;C:\Program Files (x86)\Microsoft SQL Server\160\DTS\Binn\;C:\Program Files\Git\cmd;C:\Program Files\HP\HP One Agent;C:\Program Files (x86)\Windows Kits\10\Windows Performance Toolkit\;C:\WINDOWS\system32;C:\WINDOWS;C:\WINDOWS\System32\Wbem;C:\WINDOWS\System32\WindowsPowerShell\v1.0\;C:\WINDOWS\System32\OpenSSH\;C:\Program Files\nodejs\;C:\ProgramData\chocolatey\bin;C:\Program Files\Java\jdk-17\bin;C:\Program Files\Apache\Maven\apache-maven-3.9.9\bin;C:\Program Files\MySQL\MySQL Shell 8.0\bin\;C:\Users\sterl\AppData\Local\Programs\Python\Python313\Scripts\;C:\Users\sterl\AppData\Local\Programs\Python\Python313\;C:\Users\sterl\AppData\Local\Programs\Python\Launcher\;C:\Users\sterl\AppData\Local\Microsoft\WindowsApps;C:\Users\sterl\AppData\Local\Programs\Microsoft VS Code\bin;C:\Program Files (x86)\Brackets\;C:\Users\sterl\.dotnet\tools;C:\Program Files\Azure Data Studio\bin;C:\Users\sterl\AppData\Roaming\npm;C:\Users\sterl\AppData\Local\Stripe\stripe.exe;
USERNAME=sterl
OS=Windows_NT
PROCESSOR_IDENTIFIER=Intel64 Family 6 Model 140 Stepping 2, GenuineIntel
TMP=C:\Users\sterl\AppData\Local\Temp
TEMP=C:\Users\sterl\AppData\Local\Temp




Periodic native trim disabled

---------------  S Y S T E M  ---------------

OS:
 Windows 11 , 64 bit Build 26100 (10.0.26100.4484)
OS uptime: 6 days 2:51 hours
Hyper-V role detected

CPU: total 8 (initial active 8) (4 cores per cpu, 2 threads per core) family 6 model 140 stepping 2 microcode 0x34, cx8, cmov, fxsr, ht, mmx, 3dnowpref, sse, sse2, sse3, ssse3, sse4.1, sse4.2, popcnt, lzcnt, tsc, tscinvbit, avx, avx2, aes, erms, clmul, bmi1, bmi2, adx, avx512f, avx512dq, avx512cd, avx512bw, avx512vl, sha, fma, vzeroupper, avx512_vpopcntdq, avx512_vpclmulqdq, avx512_vaes, avx512_vnni, clflush, clflushopt, clwb, avx512_vbmi2, avx512_vbmi, hv, rdtscp, rdpid, fsrm, gfni, avx512_bitalg, f16c, cet_ibt, cet_ss, avx512_ifma
Processor Information for the first 8 processors :
  Max Mhz: 2496, Current Mhz: 2496, Mhz Limit: 2496

Memory: 4k page, system-wide physical 11930M (2890M free)
TotalPageFile size 17562M (AvailPageFile size 5258M)
current process WorkingSet (physical memory assigned to process): 957M, peak: 1131M
current process commit charge ("private bytes"): 887M, peak: 1080M

vm_info: OpenJDK 64-Bit Server VM (21.0.7+6-LTS) for windows-amd64 JRE (21.0.7+6-LTS), built on 2025-04-15T00:00:00Z by "admin" with MS VC++ 17.7 (VS2022)

END.
