#
# A fatal error has been detected by the Java Runtime Environment:
#
#  EXCEPTION_ACCESS_VIOLATION (0xc0000005) at pc=0x00007ffd8be276fc, pid=20360, tid=9664
#
# JRE version: OpenJDK Runtime Environment Temurin-21.0.7+6 (21.0.7+6) (build 21.0.7+6-LTS)
# Java VM: OpenJDK 64-Bit Server VM Temurin-21.0.7+6 (21.0.7+6-LTS, mixed mode, sharing, tiered, compressed oops, compressed class ptrs, parallel gc, windows-amd64)
# Problematic frame:
# V  [jvm.dll+0x5d76fc]
#
# No core dump will be written. Minidumps are not enabled by default on client versions of Windows
#
# If you would like to submit a bug report, please visit:
#   https://github.com/adoptium/adoptium-support/issues
#

---------------  S U M M A R Y ------------

Command Line: --add-modules=ALL-SYSTEM --add-opens=java.base/java.util=ALL-UNNAMED --add-opens=java.base/java.lang=ALL-UNNAMED --add-opens=java.base/sun.nio.fs=ALL-UNNAMED -Declipse.application=org.eclipse.jdt.ls.core.id1 -Dosgi.bundles.defaultStartLevel=4 -Declipse.product=org.eclipse.jdt.ls.core.product -Djava.import.generatesMetadataFilesAtProjectRoot=false -DDetectVMInstallationsJob.disabled=true -Dfile.encoding=utf8 -XX:+UseParallelGC -XX:GCTimeRatio=4 -XX:AdaptiveSizePolicyWeight=90 -Dsun.zip.disableMemoryMapping=true -Xmx2G -Xms100m -Xlog:disable -javaagent:c:\Users\sterl\.vscode\extensions\redhat.java-1.43.1-win32-x64\lombok\lombok-1.18.39-4050.jar -XX:+HeapDumpOnOutOfMemoryError -XX:HeapDumpPath=c:\Users\sterl\AppData\Roaming\Code\User\workspaceStorage\76b817beaaff0acf881965c92f09875f\redhat.java -Daether.dependencyCollector.impl=bf c:\Users\sterl\.vscode\extensions\redhat.java-1.43.1-win32-x64\server\plugins\org.eclipse.equinox.launcher_1.7.0.v20250519-0528.jar -configuration c:\Users\sterl\AppData\Roaming\Code\User\globalStorage\redhat.java\1.43.1\config_win -data c:\Users\sterl\AppData\Roaming\Code\User\workspaceStorage\76b817beaaff0acf881965c92f09875f\redhat.java\jdt_ws --pipe=\\.\pipe\lsp-c26135c5444c4112d5fccb0ae78828fc-sock

Host: 11th Gen Intel(R) Core(TM) i5-1155G7 @ 2.50GHz, 8 cores, 11G,  Windows 11 , 64 bit Build 26100 (10.0.26100.4484)
Time: Mon Jul 21 19:44:16 2025 Pacific Daylight Time elapsed time: 49.967448 seconds (0d 0h 0m 49s)

---------------  T H R E A D  ---------------

Current thread (0x000001b9ee02d230):  JavaThread "C2 CompilerThread0" daemon [_thread_in_native, id=9664, stack(0x0000007f8a700000,0x0000007f8a800000) (1024K)]


Current CompileTask:
C2:49967 12528 %     4       org.eclipse.jdt.internal.core.search.indexing.BinaryIndexer::extractReferenceFromConstantPool @ 15 (358 bytes)

Stack: [0x0000007f8a700000,0x0000007f8a800000],  sp=0x0000007f8a7fcce0,  free space=1011k
Native frames: (J=compiled Java code, j=interpreted, Vv=VM code, C=native code)
V  [jvm.dll+0x5d76fc]
V  [jvm.dll+0x382ad4]
V  [jvm.dll+0x381f0a]
V  [jvm.dll+0x247af0]
V  [jvm.dll+0x2470cf]
V  [jvm.dll+0x1c760e]
V  [jvm.dll+0x25695a]
V  [jvm.dll+0x254efa]
V  [jvm.dll+0x3f03f6]
V  [jvm.dll+0x851f6b]
V  [jvm.dll+0x6cc7dd]
C  [ucrtbase.dll+0x37b0]
C  [KERNEL32.DLL+0x2e8d7]
C  [ntdll.dll+0x3c34c]


siginfo: EXCEPTION_ACCESS_VIOLATION (0xc0000005), reading address 0x000021b9d03f5988


Registers:
RAX=0x0000007f8a7fd2a0, RBX=0x000001b9fc2ba490, RCX=0x000021b9d03f5960, RDX=0x000001b9fcf577e0
RSP=0x0000007f8a7fcce0, RBP=0x0000007f8a7fcd79, RSI=0x0000000000000008, RDI=0x0000007f8a7fd070
R8 =0x0000000000000001, R9 =0x0000000000000000, R10=0x000001b9d1e3afa8, R11=0x00007ffd8c4e63b0
R12=0x0000000000000006, R13=0x000001b9fc2ba490, R14=0x0000000000000024, R15=0x000001b9fe1ddd20
RIP=0x00007ffd8be276fc, EFLAGS=0x0000000000010206

XMM[0]=0x0000000000000000 0x0000000000000000
XMM[1]=0x0000000000000000 0x0000000000000000
XMM[2]=0x0000000000000000 0x0000000000000000
XMM[3]=0x0000000000000000 0x0000000000000000
XMM[4]=0x0000000000000000 0x0000000000000000
XMM[5]=0x0000000000000000 0x0000000000000000
XMM[6]=0x0000000000000000 0x0000000000000000
XMM[7]=0x0000000000000000 0x0000000000000000
XMM[8]=0x0000000000000000 0x0000000000000000
XMM[9]=0x0000000000000000 0x0000000000000000
XMM[10]=0x0000000000000000 0x0000000000000000
XMM[11]=0x0000000000000000 0x0000000000000000
XMM[12]=0x0000000000000000 0x0000000000000000
XMM[13]=0x0000000000000000 0x0000000000000000
XMM[14]=0x0000000000000000 0x0000000000000000
XMM[15]=0x0000000000000000 0x0000000000000000
  MXCSR=0x00001fb2


Register to memory mapping:

RAX=0x0000007f8a7fd2a0 is pointing into the stack for thread: 0x000001b9ee02d230
RBX=0x000001b9fc2ba490 points into unknown readable memory: 0x0000000100000001 | 01 00 00 00 01 00 00 00
RCX=0x000021b9d03f5960 is an unknown value
RDX=0x000001b9fcf577e0 points into unknown readable memory: 0x0000000000100000 | 00 00 10 00 00 00 00 00
RSP=0x0000007f8a7fcce0 is pointing into the stack for thread: 0x000001b9ee02d230
RBP=0x0000007f8a7fcd79 is pointing into the stack for thread: 0x000001b9ee02d230
RSI=0x0000000000000008 is an unknown value
RDI=0x0000007f8a7fd070 is pointing into the stack for thread: 0x000001b9ee02d230
R8 =0x0000000000000001 is an unknown value
R9 =0x0 is null
R10=0x000001b9d1e3afa8 points into unknown readable memory: 0x00007ffd8c23a788 | 88 a7 23 8c fd 7f 00 00
R11=0x00007ffd8c4e63b0 jvm.dll
R12=0x0000000000000006 is an unknown value
R13=0x000001b9fc2ba490 points into unknown readable memory: 0x0000000100000001 | 01 00 00 00 01 00 00 00
R14=0x0000000000000024 is an unknown value
R15=0x000001b9fe1ddd20 points into unknown readable memory: 0x00007ffd8c2c5538 | 38 55 2c 8c fd 7f 00 00

Top of Stack: (sp=0x0000007f8a7fcce0)
0x0000007f8a7fcce0:   0000000000000014 0000007f8a7fcd20
0x0000007f8a7fccf0:   000001b9d9d763e8 0000007f8a7fcd79
0x0000007f8a7fcd00:   0000007f8a7fcd70 00007ffd8b8ba6d4
0x0000007f8a7fcd10:   000001b9d1e3afa8 000001b9ee025d90
0x0000007f8a7fcd20:   000001b900000008 000001b9ee158cc0
0x0000007f8a7fcd30:   000001b9fe7f11a8 00007ffd00000000
0x0000007f8a7fcd40:   000001b9da2321e0 000001b9ee158cc0
0x0000007f8a7fcd50:   000001b9fc595210 0000000000343f60
0x0000007f8a7fcd60:   000001b9fc5a5220 000001b9fc5a5220
0x0000007f8a7fcd70:   000001b900000020 000001b9fd746570
0x0000007f8a7fcd80:   0000000000000020 000001b9ee158cc0
0x0000007f8a7fcd90:   0000000000237250 000001b9d98be150
0x0000007f8a7fcda0:   0000000000000000 000001b9d98be538
0x0000007f8a7fcdb0:   000001b9d98be160 0000007f8a7fd2a0
0x0000007f8a7fcdc0:   00000000000003d8 0000000000003390
0x0000007f8a7fcdd0:   0000007f8a7fcee0 00007ffd8bbd2ad4
0x0000007f8a7fcde0:   0000007f00000660 0000000000000007
0x0000007f8a7fcdf0:   000001b9fc2ba490 000001b9ee025d40
0x0000007f8a7fce00:   000000007fffff01 00007ffe2820f164
0x0000007f8a7fce10:   0000000000000003 0000000000000000
0x0000007f8a7fce20:   00000000ee025d01 0000000000001707
0x0000007f8a7fce30:   000001b9d98be150 000001b9fcf510b0
0x0000007f8a7fce40:   000001b9fcf57d20 000001b9fcf59098
0x0000007f8a7fce50:   0000000000d09550 000001b9ff327070
0x0000007f8a7fce60:   000001b9ff333f70 000001b9ff327080
0x0000007f8a7fce70:   000001b9ee158cc0 00007ffe00000200
0x0000007f8a7fce80:   000001b9d078e0c0 000001b900000200
0x0000007f8a7fce90:   000001b9ee158cc0 000001b9fc768da0
0x0000007f8a7fcea0:   00000000001ef180 0000000000000000
0x0000007f8a7fceb0:   0000000000000048 0000000000000001
0x0000007f8a7fcec0:   00007ffd8c24ee80 0000000000000009
0x0000007f8a7fced0:   0000007f8a7fe820 0000000000000000 

Instructions: (pc=0x00007ffd8be276fc)
0x00007ffd8be275fc:   73 0a 49 8b 42 20 4e 8b 3c e0 eb 03 45 33 ff 41
0x00007ffd8be2760c:   8b 47 2c 83 e0 0f 3c 0c 0f 84 81 01 00 00 48 8b
0x00007ffd8be2761c:   47 40 49 63 57 28 48 8b 48 08 8b 34 91 85 f6 74
0x00007ffd8be2762c:   5d 49 8b 45 08 8b ce 48 c1 e9 08 8b de 4c 8b 04
0x00007ffd8be2763c:   c8 4d 3b c3 75 18 8b d6 49 8b cd e8 34 43 de ff
0x00007ffd8be2764c:   4c 8b 55 97 4c 8d 1d 59 ed 6b 00 4c 8b c0 0f b6
0x00007ffd8be2765c:   cb ba 01 00 00 00 48 c1 eb 06 80 e1 3f 83 e3 03
0x00007ffd8be2766c:   48 d3 e2 49 8b 0c d8 48 8b c1 48 0b c2 49 89 04
0x00007ffd8be2767c:   d8 48 8b 5d 77 48 85 ca 75 04 41 ff 45 00 48 8b
0x00007ffd8be2768c:   43 08 48 8b ce 48 c1 e9 08 4c 8b ce 49 c1 e9 06
0x00007ffd8be2769c:   41 b8 01 00 00 00 41 83 e1 03 48 8b 14 c8 40 0f
0x00007ffd8be276ac:   b6 ce 80 e1 3f 49 d3 e0 49 8b c0 4a 8b 0c ca 48
0x00007ffd8be276bc:   f7 d0 48 23 c1 4a 89 04 ca 49 85 c8 74 02 ff 0b
0x00007ffd8be276cc:   41 8b 47 18 83 f8 01 0f 86 af 00 00 00 4c 8b 6d
0x00007ffd8be276dc:   77 44 8d 70 ff be 08 00 00 00 66 66 0f 1f 84 00
0x00007ffd8be276ec:   00 00 00 00 49 8b 47 08 48 8b 0c 30 48 8b 47 38
0x00007ffd8be276fc:   8b 51 28 48 8b 48 78 4c 39 14 d1 74 69 48 8b 47
0x00007ffd8be2770c:   40 48 63 d2 48 8b 48 08 8b 14 91 85 d2 74 57 49
0x00007ffd8be2771c:   8b 45 08 8b ca 48 c1 e9 08 8b da 4c 8b 04 c8 4d
0x00007ffd8be2772c:   3b c3 75 16 49 8b cd e8 48 42 de ff 4c 8b 55 97
0x00007ffd8be2773c:   4c 8d 1d 6d ec 6b 00 4c 8b c0 0f b6 cb ba 01 00
0x00007ffd8be2774c:   00 00 48 c1 eb 06 80 e1 3f 83 e3 03 48 d3 e2 49
0x00007ffd8be2775c:   8b 0c d8 48 8b c1 48 0b c2 49 89 04 d8 48 85 ca
0x00007ffd8be2776c:   75 04 41 ff 45 00 48 83 c6 08 49 83 ee 01 0f 85
0x00007ffd8be2777c:   70 ff ff ff 4c 8b 6d c7 48 8b 5d 77 44 89 65 6f
0x00007ffd8be2778c:   45 8b fc 41 83 fc 01 0f 87 5b fe ff ff eb 04 44
0x00007ffd8be2779c:   8b 7d 6f 4c 8b 65 97 45 8b f7 45 85 ff 0f 84 d5
0x00007ffd8be277ac:   00 00 00 90 41 8d 46 ff 44 8b f0 41 3b 44 24 18
0x00007ffd8be277bc:   73 0d 8b c8 49 8b 44 24 20 48 8b 14 c8 eb 02 33
0x00007ffd8be277cc:   d2 48 8b 47 40 48 63 52 28 48 8b 48 08 8b 34 91
0x00007ffd8be277dc:   85 f6 74 59 49 8b 45 08 8b ce 48 c1 e9 08 8b de
0x00007ffd8be277ec:   4c 8b 04 c8 4d 3b c3 75 14 8b d6 49 8b cd e8 81 


Stack slot to memory mapping:

stack at sp + 0 slots: 0x0000000000000014 is an unknown value
stack at sp + 1 slots: 0x0000007f8a7fcd20 is pointing into the stack for thread: 0x000001b9ee02d230
stack at sp + 2 slots: 0x000001b9d9d763e8 points into unknown readable memory: 0x00007ffd8c23a788 | 88 a7 23 8c fd 7f 00 00
stack at sp + 3 slots: 0x0000007f8a7fcd79 is pointing into the stack for thread: 0x000001b9ee02d230
stack at sp + 4 slots: 0x0000007f8a7fcd70 is pointing into the stack for thread: 0x000001b9ee02d230
stack at sp + 5 slots: 0x00007ffd8b8ba6d4 jvm.dll
stack at sp + 6 slots: 0x000001b9d1e3afa8 points into unknown readable memory: 0x00007ffd8c23a788 | 88 a7 23 8c fd 7f 00 00
stack at sp + 7 slots: 0x000001b9ee025d90 points into unknown readable memory: 0x8000001200000001 | 01 00 00 00 12 00 00 80


---------------  P R O C E S S  ---------------

Threads class SMR info:
_java_thread_list=0x000001b9d9835e60, length=65, elements={
0x000001b9ebd4d3f0, 0x000001b9ee16bf20, 0x000001b9ee16cd30, 0x000001b9ee0281b0,
0x000001b9ee028e00, 0x000001b9ee029a50, 0x000001b9ee02c4b0, 0x000001b9ee02d230,
0x000001b9f7320cc0, 0x000001b9ee124300, 0x000001b9f75f67b0, 0x000001b9fc2d4320,
0x000001b9f7d0a2f0, 0x000001b9f73b0260, 0x000001b9f73b0cd0, 0x000001b9fc1eada0,
0x000001b9f76ebf50, 0x000001b9f7b4f890, 0x000001b9f7b4de50, 0x000001b9f7b4eb70,
0x000001b9f7b50c40, 0x000001b9f7b4d7c0, 0x000001b9f7b4e4e0, 0x000001b9f7b4f200,
0x000001b9fe04af70, 0x000001b9fe04c320, 0x000001b9fe049bc0, 0x000001b9fe04b600,
0x000001b9fe048ea0, 0x000001b9fe04bc90, 0x000001b9fe049530, 0x000001b9fe04a250,
0x000001b9fe04d6d0, 0x000001b9fe04c9b0, 0x000001b9fe04d040, 0x000001b9fe04dd60,
0x000001b9fe04a8e0, 0x000001b9fe04e3f0, 0x000001b9fe0c1c50, 0x000001b9fe04ea80,
0x000001b9fe04f110, 0x000001b9fe0504c0, 0x000001b9fe04f7a0, 0x000001b9fe04fe30,
0x000001b9f7b4ff20, 0x000001b9feecf6d0, 0x000001b9feed17a0, 0x000001b9feecfd60,
0x000001b9feecf040, 0x000001b9feed03f0, 0x000001b9feed1e30, 0x000001b9feed24c0,
0x000001b9feed3870, 0x000001b9feed0a80, 0x000001b9feed31e0, 0x000001b9feed3f00,
0x000001b9feed4590, 0x000001b9feed1110, 0x000001b9feed4c20, 0x000001b9feed5940,
0x000001b9d11c9600, 0x000001b9d11c9c90, 0x000001b9d11ca9b0, 0x000001b9d00e3300,
0x000001b9d11ca320
}

Java Threads: ( => current thread )
  0x000001b9ebd4d3f0 JavaThread "main"                              [_thread_blocked, id=3028, stack(0x0000007f89d00000,0x0000007f89e00000) (1024K)]
  0x000001b9ee16bf20 JavaThread "Reference Handler"          daemon [_thread_blocked, id=2268, stack(0x0000007f8a100000,0x0000007f8a200000) (1024K)]
  0x000001b9ee16cd30 JavaThread "Finalizer"                  daemon [_thread_blocked, id=17960, stack(0x0000007f8a200000,0x0000007f8a300000) (1024K)]
  0x000001b9ee0281b0 JavaThread "Signal Dispatcher"          daemon [_thread_blocked, id=9040, stack(0x0000007f8a300000,0x0000007f8a400000) (1024K)]
  0x000001b9ee028e00 JavaThread "Attach Listener"            daemon [_thread_blocked, id=14544, stack(0x0000007f8a400000,0x0000007f8a500000) (1024K)]
  0x000001b9ee029a50 JavaThread "Service Thread"             daemon [_thread_blocked, id=12124, stack(0x0000007f8a500000,0x0000007f8a600000) (1024K)]
  0x000001b9ee02c4b0 JavaThread "Monitor Deflation Thread"   daemon [_thread_blocked, id=18548, stack(0x0000007f8a600000,0x0000007f8a700000) (1024K)]
=>0x000001b9ee02d230 JavaThread "C2 CompilerThread0"         daemon [_thread_in_native, id=9664, stack(0x0000007f8a700000,0x0000007f8a800000) (1024K)]
  0x000001b9f7320cc0 JavaThread "C1 CompilerThread0"         daemon [_thread_in_native, id=2204, stack(0x0000007f8a800000,0x0000007f8a900000) (1024K)]
  0x000001b9ee124300 JavaThread "Common-Cleaner"             daemon [_thread_blocked, id=12960, stack(0x0000007f8a900000,0x0000007f8aa00000) (1024K)]
  0x000001b9f75f67b0 JavaThread "Notification Thread"        daemon [_thread_blocked, id=6252, stack(0x0000007f8aa00000,0x0000007f8ab00000) (1024K)]
  0x000001b9fc2d4320 JavaThread "Active Thread: Equinox Container: d3faddc3-2f43-49e3-8767-52ab4d7691cb"        [_thread_blocked, id=5644, stack(0x0000007f8b300000,0x0000007f8b400000) (1024K)]
  0x000001b9f7d0a2f0 JavaThread "Refresh Thread: Equinox Container: d3faddc3-2f43-49e3-8767-52ab4d7691cb" daemon [_thread_blocked, id=844, stack(0x0000007f8b200000,0x0000007f8b300000) (1024K)]
  0x000001b9f73b0260 JavaThread "Framework Event Dispatcher: Equinox Container: d3faddc3-2f43-49e3-8767-52ab4d7691cb" daemon [_thread_blocked, id=11400, stack(0x0000007f8b400000,0x0000007f8b500000) (1024K)]
  0x000001b9f73b0cd0 JavaThread "Start Level: Equinox Container: d3faddc3-2f43-49e3-8767-52ab4d7691cb" daemon [_thread_blocked, id=11604, stack(0x0000007f8b500000,0x0000007f8b600000) (1024K)]
  0x000001b9fc1eada0 JavaThread "Bundle File Closer"         daemon [_thread_blocked, id=3212, stack(0x0000007f8b700000,0x0000007f8b800000) (1024K)]
  0x000001b9f76ebf50 JavaThread "SCR Component Actor"        daemon [_thread_blocked, id=1964, stack(0x0000007f89b00000,0x0000007f89c00000) (1024K)]
  0x000001b9f7b4f890 JavaThread "Worker-JM"                         [_thread_blocked, id=10464, stack(0x0000007f8b900000,0x0000007f8ba00000) (1024K)]
  0x000001b9f7b4de50 JavaThread "JNA Cleaner"                daemon [_thread_blocked, id=18400, stack(0x0000007f8ba00000,0x0000007f8bb00000) (1024K)]
  0x000001b9f7b4eb70 JavaThread "Worker-0: Initialize workspace"        [_thread_in_native, id=12976, stack(0x0000007f8bb00000,0x0000007f8bc00000) (1024K)]
  0x000001b9f7b50c40 JavaThread "Worker-1"                          [_thread_blocked, id=2552, stack(0x0000007f8bc00000,0x0000007f8bd00000) (1024K)]
  0x000001b9f7b4d7c0 JavaThread "Java indexing"              daemon [_thread_in_native, id=14964, stack(0x0000007f8be00000,0x0000007f8bf00000) (1024K)]
  0x000001b9f7b4e4e0 JavaThread "Worker-2: Java indexing... "        [_thread_blocked, id=4196, stack(0x0000007f8c100000,0x0000007f8c200000) (1024K)]
  0x000001b9f7b4f200 JavaThread "Worker-3: Check JDK Index"         [_thread_blocked, id=18112, stack(0x0000007f8c200000,0x0000007f8c300000) (1024K)]
  0x000001b9fe04af70 JavaThread "Thread-2"                   daemon [_thread_in_native, id=13960, stack(0x0000007f8c300000,0x0000007f8c400000) (1024K)]
  0x000001b9fe04c320 JavaThread "Thread-3"                   daemon [_thread_in_native, id=10392, stack(0x0000007f8c400000,0x0000007f8c500000) (1024K)]
  0x000001b9fe049bc0 JavaThread "Thread-4"                   daemon [_thread_in_native, id=12968, stack(0x0000007f8c500000,0x0000007f8c600000) (1024K)]
  0x000001b9fe04b600 JavaThread "Thread-5"                   daemon [_thread_in_native, id=1544, stack(0x0000007f8c600000,0x0000007f8c700000) (1024K)]
  0x000001b9fe048ea0 JavaThread "Thread-6"                   daemon [_thread_in_native, id=13128, stack(0x0000007f8c700000,0x0000007f8c800000) (1024K)]
  0x000001b9fe04bc90 JavaThread "Thread-7"                   daemon [_thread_in_native, id=6812, stack(0x0000007f8c800000,0x0000007f8c900000) (1024K)]
  0x000001b9fe049530 JavaThread "Thread-8"                   daemon [_thread_in_native, id=4116, stack(0x0000007f8c900000,0x0000007f8ca00000) (1024K)]
  0x000001b9fe04a250 JavaThread "Thread-9"                   daemon [_thread_in_native, id=1472, stack(0x0000007f8ca00000,0x0000007f8cb00000) (1024K)]
  0x000001b9fe04d6d0 JavaThread "Thread-10"                  daemon [_thread_in_native, id=1212, stack(0x0000007f8cb00000,0x0000007f8cc00000) (1024K)]
  0x000001b9fe04c9b0 JavaThread "pool-2-thread-1"                   [_thread_blocked, id=5036, stack(0x0000007f8cc00000,0x0000007f8cd00000) (1024K)]
  0x000001b9fe04d040 JavaThread "Worker-4"                          [_thread_blocked, id=12140, stack(0x0000007f8cd00000,0x0000007f8ce00000) (1024K)]
  0x000001b9fe04dd60 JavaThread "Worker-5: Publish Diagnostics"        [_thread_in_Java, id=3204, stack(0x0000007f8ce00000,0x0000007f8cf00000) (1024K)]
  0x000001b9fe04a8e0 JavaThread "WorkspaceEventsHandler"            [_thread_blocked, id=13900, stack(0x0000007f8cf00000,0x0000007f8d000000) (1024K)]
  0x000001b9fe04e3f0 JavaThread "pool-1-thread-1"                   [_thread_blocked, id=19308, stack(0x0000007f8d000000,0x0000007f8d100000) (1024K)]
  0x000001b9fe0c1c50 JavaThread "C2 CompilerThread1"         daemon [_thread_in_native, id=11132, stack(0x0000007f8b600000,0x0000007f8b700000) (1024K)]
  0x000001b9fe04ea80 JavaThread "LocalFile Deleter"          daemon [_thread_blocked, id=3020, stack(0x0000007f8bd00000,0x0000007f8be00000) (1024K)]
  0x000001b9fe04f110 JavaThread "LocalFile Deleter"          daemon [_thread_blocked, id=11148, stack(0x0000007f8d100000,0x0000007f8d200000) (1024K)]
  0x000001b9fe0504c0 JavaThread "LocalFile Deleter"          daemon [_thread_blocked, id=14760, stack(0x0000007f8d200000,0x0000007f8d300000) (1024K)]
  0x000001b9fe04f7a0 JavaThread "LocalFile Deleter"          daemon [_thread_blocked, id=9704, stack(0x0000007f8d300000,0x0000007f8d400000) (1024K)]
  0x000001b9fe04fe30 JavaThread "LocalFile Deleter"          daemon [_thread_blocked, id=1548, stack(0x0000007f8d400000,0x0000007f8d500000) (1024K)]
  0x000001b9f7b4ff20 JavaThread "LocalFile Deleter"          daemon [_thread_blocked, id=17428, stack(0x0000007f8d500000,0x0000007f8d600000) (1024K)]
  0x000001b9feecf6d0 JavaThread "LocalFile Deleter"          daemon [_thread_blocked, id=19428, stack(0x0000007f8d600000,0x0000007f8d700000) (1024K)]
  0x000001b9feed17a0 JavaThread "LocalFile Deleter"          daemon [_thread_blocked, id=5632, stack(0x0000007f8d700000,0x0000007f8d800000) (1024K)]
  0x000001b9feecfd60 JavaThread "Compiler Source File Reader" daemon [_thread_blocked, id=19748, stack(0x0000007f8d800000,0x0000007f8d900000) (1024K)]
  0x000001b9feecf040 JavaThread "Compiler Source File Reader" daemon [_thread_blocked, id=9060, stack(0x0000007f8d900000,0x0000007f8da00000) (1024K)]
  0x000001b9feed03f0 JavaThread "Compiler Source File Reader" daemon [_thread_blocked, id=10696, stack(0x0000007f8da00000,0x0000007f8db00000) (1024K)]
  0x000001b9feed1e30 JavaThread "Compiler Source File Reader" daemon [_thread_blocked, id=11324, stack(0x0000007f8db00000,0x0000007f8dc00000) (1024K)]
  0x000001b9feed24c0 JavaThread "Compiler Source File Reader" daemon [_thread_blocked, id=15388, stack(0x0000007f8dc00000,0x0000007f8dd00000) (1024K)]
  0x000001b9feed3870 JavaThread "Compiler Source File Reader" daemon [_thread_blocked, id=14924, stack(0x0000007f8dd00000,0x0000007f8de00000) (1024K)]
  0x000001b9feed0a80 JavaThread "Compiler Processing Task"   daemon [_thread_blocked, id=18848, stack(0x0000007f8de00000,0x0000007f8df00000) (1024K)]
  0x000001b9feed31e0 JavaThread "Compiler Class File Writer" daemon [_thread_blocked, id=12360, stack(0x0000007f8df00000,0x0000007f8e000000) (1024K)]
  0x000001b9feed3f00 JavaThread "Compiler Class File Writer" daemon [_thread_blocked, id=7004, stack(0x0000007f8e000000,0x0000007f8e100000) (1024K)]
  0x000001b9feed4590 JavaThread "Compiler Class File Writer" daemon [_thread_blocked, id=1064, stack(0x0000007f8e100000,0x0000007f8e200000) (1024K)]
  0x000001b9feed1110 JavaThread "Compiler Class File Writer" daemon [_thread_blocked, id=8956, stack(0x0000007f8e200000,0x0000007f8e300000) (1024K)]
  0x000001b9feed4c20 JavaThread "Compiler Class File Writer" daemon [_thread_blocked, id=2324, stack(0x0000007f8e300000,0x0000007f8e400000) (1024K)]
  0x000001b9feed5940 JavaThread "Compiler Class File Writer" daemon [_thread_blocked, id=1820, stack(0x0000007f8e400000,0x0000007f8e500000) (1024K)]
  0x000001b9d11c9600 JavaThread "ForkJoinPool.commonPool-worker-1" daemon [_thread_in_native, id=4856, stack(0x0000007f8e500000,0x0000007f8e600000) (1024K)]
  0x000001b9d11c9c90 JavaThread "ForkJoinPool.commonPool-worker-2" daemon [_thread_blocked, id=8556, stack(0x0000007f8e600000,0x0000007f8e700000) (1024K)]
  0x000001b9d11ca9b0 JavaThread "SCR Component Registry"     daemon [_thread_blocked, id=6748, stack(0x0000007f8e700000,0x0000007f8e800000) (1024K)]
  0x000001b9d00e3300 JavaThread "C2 CompilerThread2"         daemon [_thread_in_native, id=20528, stack(0x0000007f8b800000,0x0000007f8b900000) (1024K)]
  0x000001b9d11ca320 JavaThread "ForkJoinPool.commonPool-worker-3" daemon [_thread_blocked, id=11196, stack(0x0000007f8e800000,0x0000007f8e900000) (1024K)]
Total: 65

Other Threads:
  0x000001b9ee1507c0 VMThread "VM Thread"                           [id=2640, stack(0x0000007f8a000000,0x0000007f8a100000) (1024K)]
  0x000001b9ee120090 WatcherThread "VM Periodic Task Thread"        [id=9920, stack(0x0000007f89f00000,0x0000007f8a000000) (1024K)]
  0x000001b9ee0d0940 WorkerThread "GC Thread#0"                     [id=19172, stack(0x0000007f89e00000,0x0000007f89f00000) (1024K)]
  0x000001b9f773f0c0 WorkerThread "GC Thread#1"                     [id=19840, stack(0x0000007f8ac00000,0x0000007f8ad00000) (1024K)]
  0x000001b9f76bd2d0 WorkerThread "GC Thread#2"                     [id=5436, stack(0x0000007f8ad00000,0x0000007f8ae00000) (1024K)]
  0x000001b9f76bd670 WorkerThread "GC Thread#3"                     [id=14392, stack(0x0000007f8ae00000,0x0000007f8af00000) (1024K)]
  0x000001b9f76bda10 WorkerThread "GC Thread#4"                     [id=10572, stack(0x0000007f8af00000,0x0000007f8b000000) (1024K)]
  0x000001b9f76bddb0 WorkerThread "GC Thread#5"                     [id=14232, stack(0x0000007f8b000000,0x0000007f8b100000) (1024K)]
  0x000001b9f76be150 WorkerThread "GC Thread#6"                     [id=9592, stack(0x0000007f8b100000,0x0000007f8b200000) (1024K)]
  0x000001b9ee054970 WorkerThread "GC Thread#7"                     [id=1300, stack(0x0000007f8ab00000,0x0000007f8ac00000) (1024K)]
Total: 10

Threads with active compile tasks:
C2 CompilerThread0  50056 12528 %     4       org.eclipse.jdt.internal.core.search.indexing.BinaryIndexer::extractReferenceFromConstantPool @ 15 (358 bytes)
C1 CompilerThread0  50056 13139       2       org.eclipse.jdt.internal.compiler.parser.Parser::classInstanceCreation (286 bytes)
C2 CompilerThread1  50056 12538   !   4       org.eclipse.osgi.internal.weaving.WovenClassImpl::callHooks (410 bytes)
C2 CompilerThread2  50056 13064       4       org.eclipse.jdt.internal.compiler.lookup.LookupEnvironment::getTypeFromTypeSignature (770 bytes)
Total: 4

VM state: not at safepoint (normal execution)

VM Mutex/Monitor currently owned by a thread: None

Heap address: 0x0000000080000000, size: 2048 MB, Compressed Oops mode: 32-bit

CDS archive(s) mapped at: [0x000001b98f000000-0x000001b98fba0000-0x000001b98fba0000), size 12189696, SharedBaseAddress: 0x000001b98f000000, ArchiveRelocationMode: 1.
Compressed class space mapped at: 0x000001b990000000-0x000001b9d0000000, reserved size: 1073741824
Narrow klass base: 0x000001b98f000000, Narrow klass shift: 0, Narrow klass range: 0x100000000

GC Precious Log:
 CardTable entry size: 512
 CPUs: 8 total, 8 available
 Memory: 11930M
 Large Page Support: Disabled
 NUMA Support: Disabled
 Compressed Oops: Enabled (32-bit)
 Alignments: Space 512K, Generation 512K, Heap 2M
 Heap Min Capacity: 100M
 Heap Initial Capacity: 100M
 Heap Max Capacity: 2G
 Pre-touch: Disabled
 Parallel Workers: 8

Heap:
 PSYoungGen      total 6144K, used 5282K [0x00000000d5580000, 0x00000000d5d00000, 0x0000000100000000)
  eden space 5120K, 86% used [0x00000000d5580000,0x00000000d59d51d8,0x00000000d5a80000)
  from space 1024K, 84% used [0x00000000d5c00000,0x00000000d5cd8000,0x00000000d5d00000)
  to   space 1024K, 0% used [0x00000000d5a80000,0x00000000d5a80000,0x00000000d5b80000)
 ParOldGen       total 404992K, used 265943K [0x0000000080000000, 0x0000000098b80000, 0x00000000d5580000)
  object space 404992K, 65% used [0x0000000080000000,0x00000000903b5e80,0x0000000098b80000)
 Metaspace       used 64680K, committed 66176K, reserved 1114112K
  class space    used 6580K, committed 7232K, reserved 1048576K

Card table byte_map: [0x000001b9eda50000,0x000001b9ede60000] _byte_map_base: 0x000001b9ed650000

Marking Bits: (ParMarkBitMap*) 0x00007ffd8c5031f0
 Begin Bits: [0x000001b9f1550000, 0x000001b9f3550000)
 End Bits:   [0x000001b9f3550000, 0x000001b9f5550000)

Polling page: 0x000001b9ebcf0000

Metaspace:

Usage:
  Non-class:     56.74 MB used.
      Class:      6.43 MB used.
       Both:     63.16 MB used.

Virtual space:
  Non-class space:       64.00 MB reserved,      57.56 MB ( 90%) committed,  1 nodes.
      Class space:        1.00 GB reserved,       7.06 MB ( <1%) committed,  1 nodes.
             Both:        1.06 GB reserved,      64.62 MB (  6%) committed. 

Chunk freelists:
   Non-Class:  5.53 MB
       Class:  8.97 MB
        Both:  14.50 MB

MaxMetaspaceSize: unlimited
CompressedClassSpaceSize: 1.00 GB
Initial GC threshold: 21.00 MB
Current GC threshold: 97.31 MB
CDS: on
 - commit_granule_bytes: 65536.
 - commit_granule_words: 8192.
 - virtual_space_node_default_size: 8388608.
 - enlarge_chunks_in_place: 1.
 - use_allocation_guard: 0.


Internal statistics:

num_allocs_failed_limit: 9.
num_arena_births: 1302.
num_arena_deaths: 14.
num_vsnodes_births: 2.
num_vsnodes_deaths: 0.
num_space_committed: 1034.
num_space_uncommitted: 0.
num_chunks_returned_to_freelist: 23.
num_chunks_taken_from_freelist: 4430.
num_chunk_merges: 13.
num_chunk_splits: 2691.
num_chunks_enlarged: 1513.
num_inconsistent_stats: 0.

CodeHeap 'non-profiled nmethods': size=120000Kb used=10166Kb max_used=10166Kb free=109833Kb
 bounds [0x000001b987ad0000, 0x000001b9884c0000, 0x000001b98f000000]
CodeHeap 'profiled nmethods': size=120000Kb used=29234Kb max_used=29234Kb free=90765Kb
 bounds [0x000001b980000000, 0x000001b981c90000, 0x000001b987530000]
CodeHeap 'non-nmethods': size=5760Kb used=1454Kb max_used=1551Kb free=4305Kb
 bounds [0x000001b987530000, 0x000001b9877a0000, 0x000001b987ad0000]
 total_blobs=13091 nmethods=12334 adapters=662
 compilation: enabled
              stopped_count=0, restarted_count=0
 full_count=0

Compilation events (20 events):
Event: 49.939 Thread 0x000001b9f7320cc0 nmethod 13045 0x000001b981c4be90 code [0x000001b981c4c040, 0x000001b981c4c1b0]
Event: 49.939 Thread 0x000001b9f7320cc0 13043       2       org.eclipse.jdt.internal.compiler.ast.FunctionalExpression$VisibilityInspector::visible (10 bytes)
Event: 49.940 Thread 0x000001b9f7320cc0 nmethod 13043 0x000001b981c4c290 code [0x000001b981c4c440, 0x000001b981c4c570]
Event: 49.940 Thread 0x000001b9f7320cc0 13044       2       org.eclipse.jdt.internal.compiler.ast.FunctionalExpression$VisibilityInspector::visible (10 bytes)
Event: 49.940 Thread 0x000001b9f7320cc0 nmethod 13044 0x000001b981c4c610 code [0x000001b981c4c7c0, 0x000001b981c4c8f0]
Event: 49.940 Thread 0x000001b9f7320cc0 13046       1       org.eclipse.jdt.internal.compiler.ast.CompilationUnitDeclaration::compilationResult (5 bytes)
Event: 49.940 Thread 0x000001b9f7320cc0 nmethod 13046 0x000001b9884b3490 code [0x000001b9884b3620, 0x000001b9884b36e8]
Event: 49.940 Thread 0x000001b9f7320cc0 13047       2       org.eclipse.jdt.internal.compiler.lookup.CompilationUnitScope::resolveSingleImport (134 bytes)
Event: 49.941 Thread 0x000001b9f7320cc0 nmethod 13047 0x000001b981c4c990 code [0x000001b981c4cb80, 0x000001b981c4d0e8]
Event: 49.942 Thread 0x000001b9f7320cc0 13049   !   3       org.eclipse.jdt.internal.compiler.parser.Scanner::getNextChar (140 bytes)
Event: 49.943 Thread 0x000001b9f7320cc0 nmethod 13049 0x000001b981c4d390 code [0x000001b981c4d580, 0x000001b981c4dac8]
Event: 49.943 Thread 0x000001b9f7320cc0 13048       2       org.eclipse.jdt.internal.compiler.ast.ReferenceExpression::isExactMethodReference (11 bytes)
Event: 49.943 Thread 0x000001b9f7320cc0 nmethod 13048 0x000001b981c4dd10 code [0x000001b981c4dec0, 0x000001b981c4e008]
Event: 49.943 Thread 0x000001b9f7320cc0 13050   !   2       org.eclipse.jdt.internal.compiler.ast.ReferenceExpression::cachedResolvedCopy (160 bytes)
Event: 49.944 Thread 0x000001b9f7320cc0 nmethod 13050 0x000001b981c4e090 code [0x000001b981c4e2e0, 0x000001b981c4ea10]
Event: 49.944 Thread 0x000001b9f7320cc0 13051       2       org.eclipse.jdt.internal.compiler.ast.ReferenceExpression::isPertinentToApplicability (16 bytes)
Event: 49.944 Thread 0x000001b9f7320cc0 nmethod 13051 0x000001b981c4ee10 code [0x000001b981c4efc0, 0x000001b981c4f140]
Event: 49.944 Thread 0x000001b9f7320cc0 13052       2       org.eclipse.jdt.internal.compiler.ast.ReferenceExpression::isCompatibleWith (77 bytes)
Event: 49.945 Thread 0x000001b9f7320cc0 nmethod 13052 0x000001b981c4f210 code [0x000001b981c4f420, 0x000001b981c4f848]
Event: 49.945 Thread 0x000001b9f7320cc0 13056       2       org.eclipse.jdt.internal.compiler.ast.ReferenceExpression::resolveType (2335 bytes)

GC Heap History (20 events):
Event: 49.704 GC heap before
{Heap before GC invocations=633 (full 3):
 PSYoungGen      total 7680K, used 7383K [0x00000000d5580000, 0x00000000d5e00000, 0x0000000100000000)
  eden space 6656K, 100% used [0x00000000d5580000,0x00000000d5c00000,0x00000000d5c00000)
  from space 1024K, 71% used [0x00000000d5c00000,0x00000000d5cb5f08,0x00000000d5d00000)
  to   space 1024K, 0% used [0x00000000d5d00000,0x00000000d5d00000,0x00000000d5e00000)
 ParOldGen       total 404992K, used 256901K [0x0000000080000000, 0x0000000098b80000, 0x00000000d5580000)
  object space 404992K, 63% used [0x0000000080000000,0x000000008fae16d0,0x0000000098b80000)
 Metaspace       used 64020K, committed 65536K, reserved 1114112K
  class space    used 6545K, committed 7232K, reserved 1048576K
}
Event: 49.706 GC heap after
{Heap after GC invocations=633 (full 3):
 PSYoungGen      total 7680K, used 672K [0x00000000d5580000, 0x00000000d5e00000, 0x0000000100000000)
  eden space 6656K, 0% used [0x00000000d5580000,0x00000000d5580000,0x00000000d5c00000)
  from space 1024K, 65% used [0x00000000d5d00000,0x00000000d5da8000,0x00000000d5e00000)
  to   space 1024K, 0% used [0x00000000d5c00000,0x00000000d5c00000,0x00000000d5d00000)
 ParOldGen       total 404992K, used 257335K [0x0000000080000000, 0x0000000098b80000, 0x00000000d5580000)
  object space 404992K, 63% used [0x0000000080000000,0x000000008fb4de48,0x0000000098b80000)
 Metaspace       used 64020K, committed 65536K, reserved 1114112K
  class space    used 6545K, committed 7232K, reserved 1048576K
}
Event: 49.727 GC heap before
{Heap before GC invocations=634 (full 3):
 PSYoungGen      total 7680K, used 7328K [0x00000000d5580000, 0x00000000d5e00000, 0x0000000100000000)
  eden space 6656K, 100% used [0x00000000d5580000,0x00000000d5c00000,0x00000000d5c00000)
  from space 1024K, 65% used [0x00000000d5d00000,0x00000000d5da8000,0x00000000d5e00000)
  to   space 1024K, 0% used [0x00000000d5c00000,0x00000000d5c00000,0x00000000d5d00000)
 ParOldGen       total 404992K, used 257335K [0x0000000080000000, 0x0000000098b80000, 0x00000000d5580000)
  object space 404992K, 63% used [0x0000000080000000,0x000000008fb4de48,0x0000000098b80000)
 Metaspace       used 64043K, committed 65600K, reserved 1114112K
  class space    used 6547K, committed 7232K, reserved 1048576K
}
Event: 49.728 GC heap after
{Heap after GC invocations=634 (full 3):
 PSYoungGen      total 7680K, used 832K [0x00000000d5580000, 0x00000000d5e00000, 0x0000000100000000)
  eden space 6656K, 0% used [0x00000000d5580000,0x00000000d5580000,0x00000000d5c00000)
  from space 1024K, 81% used [0x00000000d5c00000,0x00000000d5cd0000,0x00000000d5d00000)
  to   space 1024K, 0% used [0x00000000d5d00000,0x00000000d5d00000,0x00000000d5e00000)
 ParOldGen       total 404992K, used 257770K [0x0000000080000000, 0x0000000098b80000, 0x00000000d5580000)
  object space 404992K, 63% used [0x0000000080000000,0x000000008fbbaa98,0x0000000098b80000)
 Metaspace       used 64043K, committed 65600K, reserved 1114112K
  class space    used 6547K, committed 7232K, reserved 1048576K
}
Event: 49.752 GC heap before
{Heap before GC invocations=635 (full 3):
 PSYoungGen      total 7680K, used 7488K [0x00000000d5580000, 0x00000000d5e00000, 0x0000000100000000)
  eden space 6656K, 100% used [0x00000000d5580000,0x00000000d5c00000,0x00000000d5c00000)
  from space 1024K, 81% used [0x00000000d5c00000,0x00000000d5cd0000,0x00000000d5d00000)
  to   space 1024K, 0% used [0x00000000d5d00000,0x00000000d5d00000,0x00000000d5e00000)
 ParOldGen       total 404992K, used 257770K [0x0000000080000000, 0x0000000098b80000, 0x00000000d5580000)
  object space 404992K, 63% used [0x0000000080000000,0x000000008fbbaa98,0x0000000098b80000)
 Metaspace       used 64070K, committed 65600K, reserved 1114112K
  class space    used 6548K, committed 7232K, reserved 1048576K
}
Event: 49.754 GC heap after
{Heap after GC invocations=635 (full 3):
 PSYoungGen      total 7680K, used 827K [0x00000000d5580000, 0x00000000d5e00000, 0x0000000100000000)
  eden space 6656K, 0% used [0x00000000d5580000,0x00000000d5580000,0x00000000d5c00000)
  from space 1024K, 80% used [0x00000000d5d00000,0x00000000d5dcec08,0x00000000d5e00000)
  to   space 1024K, 0% used [0x00000000d5c00000,0x00000000d5c00000,0x00000000d5d00000)
 ParOldGen       total 404992K, used 258428K [0x0000000080000000, 0x0000000098b80000, 0x00000000d5580000)
  object space 404992K, 63% used [0x0000000080000000,0x000000008fc5f0f8,0x0000000098b80000)
 Metaspace       used 64070K, committed 65600K, reserved 1114112K
  class space    used 6548K, committed 7232K, reserved 1048576K
}
Event: 49.788 GC heap before
{Heap before GC invocations=636 (full 3):
 PSYoungGen      total 7680K, used 7483K [0x00000000d5580000, 0x00000000d5e00000, 0x0000000100000000)
  eden space 6656K, 100% used [0x00000000d5580000,0x00000000d5c00000,0x00000000d5c00000)
  from space 1024K, 80% used [0x00000000d5d00000,0x00000000d5dcec08,0x00000000d5e00000)
  to   space 1024K, 0% used [0x00000000d5c00000,0x00000000d5c00000,0x00000000d5d00000)
 ParOldGen       total 404992K, used 258428K [0x0000000080000000, 0x0000000098b80000, 0x00000000d5580000)
  object space 404992K, 63% used [0x0000000080000000,0x000000008fc5f0f8,0x0000000098b80000)
 Metaspace       used 64104K, committed 65600K, reserved 1114112K
  class space    used 6548K, committed 7232K, reserved 1048576K
}
Event: 49.789 GC heap after
{Heap after GC invocations=636 (full 3):
 PSYoungGen      total 7680K, used 922K [0x00000000d5580000, 0x00000000d5e00000, 0x0000000100000000)
  eden space 6656K, 0% used [0x00000000d5580000,0x00000000d5580000,0x00000000d5c00000)
  from space 1024K, 90% used [0x00000000d5c00000,0x00000000d5ce6a48,0x00000000d5d00000)
  to   space 1024K, 0% used [0x00000000d5d00000,0x00000000d5d00000,0x00000000d5e00000)
 ParOldGen       total 404992K, used 259086K [0x0000000080000000, 0x0000000098b80000, 0x00000000d5580000)
  object space 404992K, 63% used [0x0000000080000000,0x000000008fd03bc0,0x0000000098b80000)
 Metaspace       used 64104K, committed 65600K, reserved 1114112K
  class space    used 6548K, committed 7232K, reserved 1048576K
}
Event: 49.816 GC heap before
{Heap before GC invocations=637 (full 3):
 PSYoungGen      total 7680K, used 7573K [0x00000000d5580000, 0x00000000d5e00000, 0x0000000100000000)
  eden space 6656K, 99% used [0x00000000d5580000,0x00000000d5bfeb58,0x00000000d5c00000)
  from space 1024K, 90% used [0x00000000d5c00000,0x00000000d5ce6a48,0x00000000d5d00000)
  to   space 1024K, 0% used [0x00000000d5d00000,0x00000000d5d00000,0x00000000d5e00000)
 ParOldGen       total 404992K, used 259086K [0x0000000080000000, 0x0000000098b80000, 0x00000000d5580000)
  object space 404992K, 63% used [0x0000000080000000,0x000000008fd03bc0,0x0000000098b80000)
 Metaspace       used 64139K, committed 65664K, reserved 1114112K
  class space    used 6549K, committed 7232K, reserved 1048576K
}
Event: 49.818 GC heap after
{Heap after GC invocations=637 (full 3):
 PSYoungGen      total 7680K, used 960K [0x00000000d5580000, 0x00000000d5e00000, 0x0000000100000000)
  eden space 6656K, 0% used [0x00000000d5580000,0x00000000d5580000,0x00000000d5c00000)
  from space 1024K, 93% used [0x00000000d5d00000,0x00000000d5df0000,0x00000000d5e00000)
  to   space 1024K, 0% used [0x00000000d5c00000,0x00000000d5c00000,0x00000000d5d00000)
 ParOldGen       total 404992K, used 259360K [0x0000000080000000, 0x0000000098b80000, 0x00000000d5580000)
  object space 404992K, 64% used [0x0000000080000000,0x000000008fd48128,0x0000000098b80000)
 Metaspace       used 64139K, committed 65664K, reserved 1114112K
  class space    used 6549K, committed 7232K, reserved 1048576K
}
Event: 49.848 GC heap before
{Heap before GC invocations=638 (full 3):
 PSYoungGen      total 7680K, used 7616K [0x00000000d5580000, 0x00000000d5e00000, 0x0000000100000000)
  eden space 6656K, 100% used [0x00000000d5580000,0x00000000d5c00000,0x00000000d5c00000)
  from space 1024K, 93% used [0x00000000d5d00000,0x00000000d5df0000,0x00000000d5e00000)
  to   space 1024K, 0% used [0x00000000d5c00000,0x00000000d5c00000,0x00000000d5d00000)
 ParOldGen       total 404992K, used 259360K [0x0000000080000000, 0x0000000098b80000, 0x00000000d5580000)
  object space 404992K, 64% used [0x0000000080000000,0x000000008fd48128,0x0000000098b80000)
 Metaspace       used 64164K, committed 65664K, reserved 1114112K
  class space    used 6549K, committed 7232K, reserved 1048576K
}
Event: 49.850 GC heap after
{Heap after GC invocations=638 (full 3):
 PSYoungGen      total 7680K, used 795K [0x00000000d5580000, 0x00000000d5e00000, 0x0000000100000000)
  eden space 6656K, 0% used [0x00000000d5580000,0x00000000d5580000,0x00000000d5c00000)
  from space 1024K, 77% used [0x00000000d5c00000,0x00000000d5cc6c08,0x00000000d5d00000)
  to   space 1024K, 0% used [0x00000000d5d00000,0x00000000d5d00000,0x00000000d5e00000)
 ParOldGen       total 404992K, used 260065K [0x0000000080000000, 0x0000000098b80000, 0x00000000d5580000)
  object space 404992K, 64% used [0x0000000080000000,0x000000008fdf8510,0x0000000098b80000)
 Metaspace       used 64164K, committed 65664K, reserved 1114112K
  class space    used 6549K, committed 7232K, reserved 1048576K
}
Event: 49.888 GC heap before
{Heap before GC invocations=639 (full 3):
 PSYoungGen      total 7680K, used 7451K [0x00000000d5580000, 0x00000000d5e00000, 0x0000000100000000)
  eden space 6656K, 100% used [0x00000000d5580000,0x00000000d5c00000,0x00000000d5c00000)
  from space 1024K, 77% used [0x00000000d5c00000,0x00000000d5cc6c08,0x00000000d5d00000)
  to   space 1024K, 0% used [0x00000000d5d00000,0x00000000d5d00000,0x00000000d5e00000)
 ParOldGen       total 404992K, used 260065K [0x0000000080000000, 0x0000000098b80000, 0x00000000d5580000)
  object space 404992K, 64% used [0x0000000080000000,0x000000008fdf8510,0x0000000098b80000)
 Metaspace       used 64223K, committed 65728K, reserved 1114112K
  class space    used 6552K, committed 7232K, reserved 1048576K
}
Event: 49.890 GC heap after
{Heap after GC invocations=639 (full 3):
 PSYoungGen      total 7168K, used 1023K [0x00000000d5580000, 0x00000000d5f00000, 0x0000000100000000)
  eden space 6144K, 0% used [0x00000000d5580000,0x00000000d5580000,0x00000000d5b80000)
  from space 1024K, 99% used [0x00000000d5d00000,0x00000000d5dffdf0,0x00000000d5e00000)
  to   space 1536K, 0% used [0x00000000d5b80000,0x00000000d5b80000,0x00000000d5d00000)
 ParOldGen       total 404992K, used 260696K [0x0000000080000000, 0x0000000098b80000, 0x00000000d5580000)
  object space 404992K, 64% used [0x0000000080000000,0x000000008fe96248,0x0000000098b80000)
 Metaspace       used 64223K, committed 65728K, reserved 1114112K
  class space    used 6552K, committed 7232K, reserved 1048576K
}
Event: 49.907 GC heap before
{Heap before GC invocations=640 (full 3):
 PSYoungGen      total 7168K, used 7167K [0x00000000d5580000, 0x00000000d5f00000, 0x0000000100000000)
  eden space 6144K, 100% used [0x00000000d5580000,0x00000000d5b80000,0x00000000d5b80000)
  from space 1024K, 99% used [0x00000000d5d00000,0x00000000d5dffdf0,0x00000000d5e00000)
  to   space 1536K, 0% used [0x00000000d5b80000,0x00000000d5b80000,0x00000000d5d00000)
 ParOldGen       total 404992K, used 260696K [0x0000000080000000, 0x0000000098b80000, 0x00000000d5580000)
  object space 404992K, 64% used [0x0000000080000000,0x000000008fe96248,0x0000000098b80000)
 Metaspace       used 64252K, committed 65792K, reserved 1114112K
  class space    used 6552K, committed 7232K, reserved 1048576K
}
Event: 49.909 GC heap after
{Heap after GC invocations=640 (full 3):
 PSYoungGen      total 7680K, used 1099K [0x00000000d5580000, 0x00000000d5e80000, 0x0000000100000000)
  eden space 6144K, 0% used [0x00000000d5580000,0x00000000d5580000,0x00000000d5b80000)
  from space 1536K, 71% used [0x00000000d5b80000,0x00000000d5c92c18,0x00000000d5d00000)
  to   space 1536K, 0% used [0x00000000d5d00000,0x00000000d5d00000,0x00000000d5e80000)
 ParOldGen       total 404992K, used 261588K [0x0000000080000000, 0x0000000098b80000, 0x00000000d5580000)
  object space 404992K, 64% used [0x0000000080000000,0x000000008ff75040,0x0000000098b80000)
 Metaspace       used 64252K, committed 65792K, reserved 1114112K
  class space    used 6552K, committed 7232K, reserved 1048576K
}
Event: 49.930 GC heap before
{Heap before GC invocations=641 (full 3):
 PSYoungGen      total 7680K, used 7243K [0x00000000d5580000, 0x00000000d5e80000, 0x0000000100000000)
  eden space 6144K, 100% used [0x00000000d5580000,0x00000000d5b80000,0x00000000d5b80000)
  from space 1536K, 71% used [0x00000000d5b80000,0x00000000d5c92c18,0x00000000d5d00000)
  to   space 1536K, 0% used [0x00000000d5d00000,0x00000000d5d00000,0x00000000d5e80000)
 ParOldGen       total 404992K, used 261588K [0x0000000080000000, 0x0000000098b80000, 0x00000000d5580000)
  object space 404992K, 64% used [0x0000000080000000,0x000000008ff75040,0x0000000098b80000)
 Metaspace       used 64269K, committed 65792K, reserved 1114112K
  class space    used 6552K, committed 7232K, reserved 1048576K
}
Event: 49.932 GC heap after
{Heap after GC invocations=641 (full 3):
 PSYoungGen      total 7168K, used 960K [0x00000000d5580000, 0x00000000d5e00000, 0x0000000100000000)
  eden space 6144K, 0% used [0x00000000d5580000,0x00000000d5580000,0x00000000d5b80000)
  from space 1024K, 93% used [0x00000000d5d00000,0x00000000d5df0000,0x00000000d5e00000)
  to   space 1024K, 0% used [0x00000000d5c00000,0x00000000d5c00000,0x00000000d5d00000)
 ParOldGen       total 404992K, used 262602K [0x0000000080000000, 0x0000000098b80000, 0x00000000d5580000)
  object space 404992K, 64% used [0x0000000080000000,0x00000000900729c8,0x0000000098b80000)
 Metaspace       used 64269K, committed 65792K, reserved 1114112K
  class space    used 6552K, committed 7232K, reserved 1048576K
}
Event: 49.948 GC heap before
{Heap before GC invocations=642 (full 3):
 PSYoungGen      total 7168K, used 7104K [0x00000000d5580000, 0x00000000d5e00000, 0x0000000100000000)
  eden space 6144K, 100% used [0x00000000d5580000,0x00000000d5b80000,0x00000000d5b80000)
  from space 1024K, 93% used [0x00000000d5d00000,0x00000000d5df0000,0x00000000d5e00000)
  to   space 1024K, 0% used [0x00000000d5c00000,0x00000000d5c00000,0x00000000d5d00000)
 ParOldGen       total 404992K, used 262633K [0x0000000080000000, 0x0000000098b80000, 0x00000000d5580000)
  object space 404992K, 64% used [0x0000000080000000,0x000000009007a530,0x0000000098b80000)
 Metaspace       used 64318K, committed 65856K, reserved 1114112K
  class space    used 6552K, committed 7232K, reserved 1048576K
}
Event: 49.950 GC heap after
{Heap after GC invocations=642 (full 3):
 PSYoungGen      total 7168K, used 654K [0x00000000d5580000, 0x00000000d5d80000, 0x0000000100000000)
  eden space 6144K, 0% used [0x00000000d5580000,0x00000000d5580000,0x00000000d5b80000)
  from space 1024K, 63% used [0x00000000d5c00000,0x00000000d5ca3970,0x00000000d5d00000)
  to   space 512K, 0% used [0x00000000d5d00000,0x00000000d5d00000,0x00000000d5d80000)
 ParOldGen       total 404992K, used 263442K [0x0000000080000000, 0x0000000098b80000, 0x00000000d5580000)
  object space 404992K, 65% used [0x0000000080000000,0x0000000090144898,0x0000000098b80000)
 Metaspace       used 64318K, committed 65856K, reserved 1114112K
  class space    used 6552K, committed 7232K, reserved 1048576K
}

Dll operation events (10 events):
Event: 0.012 Loaded shared library c:\Users\sterl\.vscode\extensions\redhat.java-1.43.1-win32-x64\jre\21.0.7-win32-x86_64\bin\java.dll
Event: 0.103 Loaded shared library c:\Users\sterl\.vscode\extensions\redhat.java-1.43.1-win32-x64\jre\21.0.7-win32-x86_64\bin\zip.dll
Event: 0.209 Loaded shared library C:\Users\sterl\.vscode\extensions\redhat.java-1.43.1-win32-x64\jre\21.0.7-win32-x86_64\bin\instrument.dll
Event: 0.213 Loaded shared library C:\Users\sterl\.vscode\extensions\redhat.java-1.43.1-win32-x64\jre\21.0.7-win32-x86_64\bin\net.dll
Event: 0.215 Loaded shared library C:\Users\sterl\.vscode\extensions\redhat.java-1.43.1-win32-x64\jre\21.0.7-win32-x86_64\bin\nio.dll
Event: 0.218 Loaded shared library C:\Users\sterl\.vscode\extensions\redhat.java-1.43.1-win32-x64\jre\21.0.7-win32-x86_64\bin\zip.dll
Event: 0.235 Loaded shared library C:\Users\sterl\.vscode\extensions\redhat.java-1.43.1-win32-x64\jre\21.0.7-win32-x86_64\bin\jimage.dll
Event: 0.397 Loaded shared library c:\Users\sterl\.vscode\extensions\redhat.java-1.43.1-win32-x64\jre\21.0.7-win32-x86_64\bin\verify.dll
Event: 20.417 Loaded shared library C:\Users\sterl\AppData\Roaming\Code\User\globalStorage\redhat.java\1.43.1\config_win\org.eclipse.equinox.launcher\org.eclipse.equinox.launcher.win32.win32.x86_64_1.2.1300.v20250331-1702\eclipse_11911.dll
Event: 33.488 Loaded shared library C:\Users\sterl\AppData\Local\Temp\jna-109761374\jna8300145793451158919.dll

Deoptimization events (20 events):
Event: 49.912 Thread 0x000001b9d11c9600 Uncommon trap: trap_request=0xffffff45 fr.pc=0x000001b988182c78 relative=0x00000000000003d8
Event: 49.912 Thread 0x000001b9d11c9600 Uncommon trap: reason=unstable_if action=reinterpret pc=0x000001b988182c78 method=org.eclipse.jdt.internal.compiler.lookup.BinaryTypeBinding.isPrototype()Z @ 5 c2
Event: 49.912 Thread 0x000001b9d11c9600 DEOPT PACKING pc=0x000001b988182c78 sp=0x0000007f8e5fd0e0
Event: 49.912 Thread 0x000001b9d11c9600 DEOPT UNPACKING pc=0x000001b987586da2 sp=0x0000007f8e5fd018 mode 2
Event: 49.912 Thread 0x000001b9d11c9600 Uncommon trap: trap_request=0xffffff45 fr.pc=0x000001b98814312c relative=0x000000000000008c
Event: 49.912 Thread 0x000001b9d11c9600 Uncommon trap: reason=unstable_if action=reinterpret pc=0x000001b98814312c method=org.eclipse.jdt.internal.compiler.lookup.TypeBinding.equalsEquals(Lorg/eclipse/jdt/internal/compiler/lookup/TypeBinding;Lorg/eclipse/jdt/internal/compiler/lookup/TypeBinding
Event: 49.912 Thread 0x000001b9d11c9600 DEOPT PACKING pc=0x000001b98814312c sp=0x0000007f8e5fd0f0
Event: 49.912 Thread 0x000001b9d11c9600 DEOPT UNPACKING pc=0x000001b987586da2 sp=0x0000007f8e5fd088 mode 2
Event: 49.913 Thread 0x000001b9d11c9600 Uncommon trap: trap_request=0xffffff45 fr.pc=0x000001b98813b878 relative=0x0000000000000258
Event: 49.913 Thread 0x000001b9d11c9600 Uncommon trap: reason=unstable_if action=reinterpret pc=0x000001b98813b878 method=org.eclipse.jdt.internal.compiler.lookup.BinaryTypeBinding.isPrototype()Z @ 5 c2
Event: 49.913 Thread 0x000001b9d11c9600 DEOPT PACKING pc=0x000001b98813b878 sp=0x0000007f8e5fd700
Event: 49.913 Thread 0x000001b9d11c9600 DEOPT UNPACKING pc=0x000001b987586da2 sp=0x0000007f8e5fd620 mode 2
Event: 49.913 Thread 0x000001b9d11c9600 Uncommon trap: trap_request=0xffffff45 fr.pc=0x000001b9880fa830 relative=0x0000000000000090
Event: 49.913 Thread 0x000001b9d11c9600 Uncommon trap: reason=unstable_if action=reinterpret pc=0x000001b9880fa830 method=org.eclipse.jdt.internal.compiler.lookup.TypeBinding.notEquals(Lorg/eclipse/jdt/internal/compiler/lookup/TypeBinding;Lorg/eclipse/jdt/internal/compiler/lookup/TypeBinding;)Z
Event: 49.914 Thread 0x000001b9d11c9600 DEOPT PACKING pc=0x000001b9880fa830 sp=0x0000007f8e5fd910
Event: 49.914 Thread 0x000001b9d11c9600 DEOPT UNPACKING pc=0x000001b987586da2 sp=0x0000007f8e5fd898 mode 2
Event: 49.920 Thread 0x000001b9d11c9600 DEOPT PACKING pc=0x000001b981b54c1a sp=0x0000007f8e5fbc70
Event: 49.920 Thread 0x000001b9d11c9600 DEOPT UNPACKING pc=0x000001b9875878e2 sp=0x0000007f8e5fb218 mode 0
Event: 49.936 Thread 0x000001b9f7b4d7c0 DEOPT PACKING pc=0x000001b981b54c1a sp=0x0000007f8befed90
Event: 49.936 Thread 0x000001b9f7b4d7c0 DEOPT UNPACKING pc=0x000001b9875878e2 sp=0x0000007f8befe318 mode 0

Classes loaded (20 events):
Event: 47.385 Loading class java/util/concurrent/CompletableFuture$Signaller
Event: 47.385 Loading class java/util/concurrent/CompletableFuture$Signaller done
Event: 47.838 Loading class java/nio/charset/CharacterCodingException
Event: 47.838 Loading class java/nio/charset/CharacterCodingException done
Event: 47.838 Loading class java/io/SequenceInputStream
Event: 47.838 Loading class java/io/SequenceInputStream done
Event: 47.915 Loading class java/util/concurrent/CompletableFuture$UniApply
Event: 47.915 Loading class java/util/concurrent/CompletableFuture$UniCompletion
Event: 47.916 Loading class java/util/concurrent/CompletableFuture$UniCompletion done
Event: 47.916 Loading class java/util/concurrent/CompletableFuture$UniApply done
Event: 47.916 Loading class java/util/concurrent/CompletableFuture$UniAccept
Event: 47.917 Loading class java/util/concurrent/CompletableFuture$UniAccept done
Event: 47.917 Loading class java/util/concurrent/CompletableFuture$UniExceptionally
Event: 47.917 Loading class java/util/concurrent/CompletableFuture$UniExceptionally done
Event: 47.962 Loading class java/util/Hashtable$KeySet
Event: 47.962 Loading class java/util/Hashtable$KeySet done
Event: 48.264 Loading class java/lang/invoke/MethodHandleImpl$CountingWrapper$1
Event: 48.265 Loading class java/lang/invoke/MethodHandleImpl$CountingWrapper$1 done
Event: 48.420 Loading class java/lang/UnsupportedClassVersionError
Event: 48.421 Loading class java/lang/UnsupportedClassVersionError done

Classes unloaded (7 events):
Event: 34.246 Thread 0x000001b9ee1507c0 Unloading class 0x000001b9901a3000 'java/lang/invoke/LambdaForm$MH+0x000001b9901a3000'
Event: 34.246 Thread 0x000001b9ee1507c0 Unloading class 0x000001b9901a2c00 'java/lang/invoke/LambdaForm$MH+0x000001b9901a2c00'
Event: 34.246 Thread 0x000001b9ee1507c0 Unloading class 0x000001b9901a2800 'java/lang/invoke/LambdaForm$MH+0x000001b9901a2800'
Event: 34.246 Thread 0x000001b9ee1507c0 Unloading class 0x000001b9901a2400 'java/lang/invoke/LambdaForm$MH+0x000001b9901a2400'
Event: 34.246 Thread 0x000001b9ee1507c0 Unloading class 0x000001b9901a2000 'java/lang/invoke/LambdaForm$BMH+0x000001b9901a2000'
Event: 34.246 Thread 0x000001b9ee1507c0 Unloading class 0x000001b9901a1c00 'java/lang/invoke/LambdaForm$DMH+0x000001b9901a1c00'
Event: 34.246 Thread 0x000001b9ee1507c0 Unloading class 0x000001b9901a0800 'java/lang/invoke/LambdaForm$DMH+0x000001b9901a0800'

Classes redefined (0 events):
No events

Internal exceptions (20 events):
Event: 49.457 Thread 0x000001b9f7b4eb70 Exception <a 'sun/nio/fs/WindowsException'{0x00000000d5aee318}> (0x00000000d5aee318) 
thrown [s\src\hotspot\share\prims\jni.cpp, line 520]
Event: 49.457 Thread 0x000001b9f7b4eb70 Exception <a 'sun/nio/fs/WindowsException'{0x00000000d5aee948}> (0x00000000d5aee948) 
thrown [s\src\hotspot\share\prims\jni.cpp, line 520]
Event: 49.457 Thread 0x000001b9f7b4eb70 Exception <a 'sun/nio/fs/WindowsException'{0x00000000d5c66cc0}> (0x00000000d5c66cc0) 
thrown [s\src\hotspot\share\prims\jni.cpp, line 520]
Event: 49.457 Thread 0x000001b9f7b4eb70 Exception <a 'sun/nio/fs/WindowsException'{0x00000000d5c672f0}> (0x00000000d5c672f0) 
thrown [s\src\hotspot\share\prims\jni.cpp, line 520]
Event: 49.462 Thread 0x000001b9f7b4eb70 Exception <a 'sun/nio/fs/WindowsException'{0x00000000d5749d58}> (0x00000000d5749d58) 
thrown [s\src\hotspot\share\prims\jni.cpp, line 520]
Event: 49.462 Thread 0x000001b9f7b4eb70 Exception <a 'sun/nio/fs/WindowsException'{0x00000000d574a638}> (0x00000000d574a638) 
thrown [s\src\hotspot\share\prims\jni.cpp, line 520]
Event: 49.468 Thread 0x000001b9f7b4d7c0 Exception <a 'sun/nio/fs/WindowsException'{0x00000000d5b274a8}> (0x00000000d5b274a8) 
thrown [s\src\hotspot\share\prims\jni.cpp, line 520]
Event: 49.502 Thread 0x000001b9f7b4d7c0 Exception <a 'sun/nio/fs/WindowsException'{0x00000000d5583ba8}> (0x00000000d5583ba8) 
thrown [s\src\hotspot\share\prims\jni.cpp, line 520]
Event: 49.686 Thread 0x000001b9f7b4d7c0 Exception <a 'sun/nio/fs/WindowsException'{0x00000000d56f7240}> (0x00000000d56f7240) 
thrown [s\src\hotspot\share\prims\jni.cpp, line 520]
Event: 49.720 Thread 0x000001b9d11c9600 Implicit null exception at 0x000001b98834f1bb to 0x000001b98834f9f0
Event: 49.720 Thread 0x000001b9f7b4eb70 Exception <a 'sun/nio/fs/WindowsException'{0x00000000d59bc430}> (0x00000000d59bc430) 
thrown [s\src\hotspot\share\prims\jni.cpp, line 520]
Event: 49.720 Thread 0x000001b9f7b4eb70 Exception <a 'sun/nio/fs/WindowsException'{0x00000000d59bca60}> (0x00000000d59bca60) 
thrown [s\src\hotspot\share\prims\jni.cpp, line 520]
Event: 49.720 Thread 0x000001b9f7b4eb70 Exception <a 'sun/nio/fs/WindowsException'{0x00000000d59d4248}> (0x00000000d59d4248) 
thrown [s\src\hotspot\share\prims\jni.cpp, line 520]
Event: 49.720 Thread 0x000001b9f7b4eb70 Exception <a 'sun/nio/fs/WindowsException'{0x00000000d59d4878}> (0x00000000d59d4878) 
thrown [s\src\hotspot\share\prims\jni.cpp, line 520]
Event: 49.721 Thread 0x000001b9f7b4eb70 Exception <a 'sun/nio/fs/WindowsException'{0x00000000d59d5da0}> (0x00000000d59d5da0) 
thrown [s\src\hotspot\share\prims\jni.cpp, line 520]
Event: 49.721 Thread 0x000001b9f7b4eb70 Exception <a 'sun/nio/fs/WindowsException'{0x00000000d59d63d0}> (0x00000000d59d63d0) 
thrown [s\src\hotspot\share\prims\jni.cpp, line 520]
Event: 49.726 Thread 0x000001b9f7b4eb70 Exception <a 'sun/nio/fs/WindowsException'{0x00000000d5b97898}> (0x00000000d5b97898) 
thrown [s\src\hotspot\share\prims\jni.cpp, line 520]
Event: 49.726 Thread 0x000001b9f7b4eb70 Exception <a 'sun/nio/fs/WindowsException'{0x00000000d5b98178}> (0x00000000d5b98178) 
thrown [s\src\hotspot\share\prims\jni.cpp, line 520]
Event: 49.794 Thread 0x000001b9f7b4d7c0 Exception <a 'sun/nio/fs/WindowsException'{0x00000000d561ea18}> (0x00000000d561ea18) 
thrown [s\src\hotspot\share\prims\jni.cpp, line 520]
Event: 49.873 Thread 0x000001b9f7b4d7c0 Exception <a 'sun/nio/fs/WindowsException'{0x00000000d5869d90}> (0x00000000d5869d90) 
thrown [s\src\hotspot\share\prims\jni.cpp, line 520]

ZGC Phase Switch (0 events):
No events

VM Operations (20 events):
Event: 49.727 Executing VM operation: ParallelGCFailedAllocation (Allocation Failure)
Event: 49.728 Executing VM operation: ParallelGCFailedAllocation (Allocation Failure) done
Event: 49.752 Executing VM operation: ParallelGCFailedAllocation (Allocation Failure)
Event: 49.754 Executing VM operation: ParallelGCFailedAllocation (Allocation Failure) done
Event: 49.788 Executing VM operation: ParallelGCFailedAllocation (Allocation Failure)
Event: 49.790 Executing VM operation: ParallelGCFailedAllocation (Allocation Failure) done
Event: 49.816 Executing VM operation: ParallelGCFailedAllocation (Allocation Failure)
Event: 49.818 Executing VM operation: ParallelGCFailedAllocation (Allocation Failure) done
Event: 49.848 Executing VM operation: ParallelGCFailedAllocation (Allocation Failure)
Event: 49.850 Executing VM operation: ParallelGCFailedAllocation (Allocation Failure) done
Event: 49.888 Executing VM operation: ParallelGCFailedAllocation (Allocation Failure)
Event: 49.890 Executing VM operation: ParallelGCFailedAllocation (Allocation Failure) done
Event: 49.907 Executing VM operation: ParallelGCFailedAllocation (Allocation Failure)
Event: 49.909 Executing VM operation: ParallelGCFailedAllocation (Allocation Failure) done
Event: 49.930 Executing VM operation: ParallelGCFailedAllocation (Allocation Failure)
Event: 49.932 Executing VM operation: ParallelGCFailedAllocation (Allocation Failure) done
Event: 49.948 Executing VM operation: ParallelGCFailedAllocation (Allocation Failure)
Event: 49.948 Executing VM operation: ParallelGCFailedAllocation (Allocation Failure) done
Event: 49.948 Executing VM operation: ParallelGCSystemGC (GCLocker Initiated GC)
Event: 49.950 Executing VM operation: ParallelGCSystemGC (GCLocker Initiated GC) done

Memory protections (0 events):
No events

Nmethod flushes (20 events):
Event: 45.110 Thread 0x000001b9ee1507c0 flushing  nmethod 0x000001b98087ba90
Event: 45.110 Thread 0x000001b9ee1507c0 flushing  nmethod 0x000001b98087d510
Event: 45.110 Thread 0x000001b9ee1507c0 flushing  nmethod 0x000001b98087de90
Event: 45.110 Thread 0x000001b9ee1507c0 flushing  nmethod 0x000001b98087e410
Event: 45.110 Thread 0x000001b9ee1507c0 flushing  nmethod 0x000001b980891b10
Event: 45.110 Thread 0x000001b9ee1507c0 flushing  nmethod 0x000001b980896090
Event: 45.110 Thread 0x000001b9ee1507c0 flushing  nmethod 0x000001b980897b90
Event: 45.110 Thread 0x000001b9ee1507c0 flushing  nmethod 0x000001b980898b10
Event: 45.110 Thread 0x000001b9ee1507c0 flushing  nmethod 0x000001b980899110
Event: 45.110 Thread 0x000001b9ee1507c0 flushing  nmethod 0x000001b98089a090
Event: 45.110 Thread 0x000001b9ee1507c0 flushing  nmethod 0x000001b98089a410
Event: 45.110 Thread 0x000001b9ee1507c0 flushing  nmethod 0x000001b98089ac90
Event: 45.110 Thread 0x000001b9ee1507c0 flushing  nmethod 0x000001b98089d890
Event: 45.110 Thread 0x000001b9ee1507c0 flushing  nmethod 0x000001b9808bdf90
Event: 45.110 Thread 0x000001b9ee1507c0 flushing  nmethod 0x000001b9808c7790
Event: 45.110 Thread 0x000001b9ee1507c0 flushing  nmethod 0x000001b9808ce810
Event: 45.110 Thread 0x000001b9ee1507c0 flushing  nmethod 0x000001b98091f290
Event: 45.110 Thread 0x000001b9ee1507c0 flushing  nmethod 0x000001b980945710
Event: 45.110 Thread 0x000001b9ee1507c0 flushing  nmethod 0x000001b980948590
Event: 45.110 Thread 0x000001b9ee1507c0 flushing  nmethod 0x000001b980964490

Events (20 events):
Event: 42.767 Thread 0x000001b9f7b4e4e0 Thread added: 0x000001b9feed4590
Event: 42.798 Thread 0x000001b9f7b4e4e0 Thread added: 0x000001b9feed1110
Event: 42.820 Thread 0x000001b9f7b4e4e0 Thread added: 0x000001b9feed4c20
Event: 42.833 Thread 0x000001b9f7b4e4e0 Thread added: 0x000001b9feed5940
Event: 45.267 Thread 0x000001b9f7b4e4e0 Thread added: 0x000001b9d11c9600
Event: 45.267 Thread 0x000001b9f7b4e4e0 Thread added: 0x000001b9d11c9c90
Event: 45.267 Thread 0x000001b9f7b4e4e0 Thread added: 0x000001b9d11cb040
Event: 45.267 Thread 0x000001b9f7b4e4e0 Thread added: 0x000001b9d11cc3f0
Event: 45.267 Thread 0x000001b9f7b4e4e0 Thread added: 0x000001b9d11cbd60
Event: 45.881 Thread 0x000001b9d11cc3f0 Thread exited: 0x000001b9d11cc3f0
Event: 45.881 Thread 0x000001b9d11c9600 Thread exited: 0x000001b9d11c9600
Event: 45.881 Thread 0x000001b9d11cb040 Thread exited: 0x000001b9d11cb040
Event: 45.881 Thread 0x000001b9d11cbd60 Thread exited: 0x000001b9d11cbd60
Event: 45.882 Thread 0x000001b9d11c9c90 Thread exited: 0x000001b9d11c9c90
Event: 47.916 Thread 0x000001b9fe04e3f0 Thread added: 0x000001b9d11c9600
Event: 47.923 Thread 0x000001b9fe04e3f0 Thread added: 0x000001b9d11c9c90
Event: 48.037 Thread 0x000001b9f7b4eb70 Thread added: 0x000001b9d11ca9b0
Event: 48.419 Thread 0x000001b9d00e3300 Thread exited: 0x000001b9d00e3300
Event: 48.534 Thread 0x000001b9f7320cc0 Thread added: 0x000001b9d00e3300
Event: 49.577 Thread 0x000001b9d11c9600 Thread added: 0x000001b9d11ca320


Dynamic libraries:
0x00007ff6dffd0000 - 0x00007ff6dffde000 	c:\Users\sterl\.vscode\extensions\redhat.java-1.43.1-win32-x64\jre\21.0.7-win32-x86_64\bin\java.exe
0x00007ffe28200000 - 0x00007ffe28468000 	C:\WINDOWS\SYSTEM32\ntdll.dll
0x00007ffe261d0000 - 0x00007ffe26299000 	C:\WINDOWS\System32\KERNEL32.DLL
0x00007ffe254d0000 - 0x00007ffe258bd000 	C:\WINDOWS\System32\KERNELBASE.dll
0x00007ffe25380000 - 0x00007ffe254cb000 	C:\WINDOWS\System32\ucrtbase.dll
0x00007ffdba2f0000 - 0x00007ffdba308000 	c:\Users\sterl\.vscode\extensions\redhat.java-1.43.1-win32-x64\jre\21.0.7-win32-x86_64\bin\jli.dll
0x00007ffdba2d0000 - 0x00007ffdba2ee000 	c:\Users\sterl\.vscode\extensions\redhat.java-1.43.1-win32-x64\jre\21.0.7-win32-x86_64\bin\VCRUNTIME140.dll
0x00007ffe26a20000 - 0x00007ffe26bec000 	C:\WINDOWS\System32\USER32.dll
0x00007ffe25350000 - 0x00007ffe25377000 	C:\WINDOWS\System32\win32u.dll
0x00007ffe26070000 - 0x00007ffe2609b000 	C:\WINDOWS\System32\GDI32.dll
0x00007ffe24740000 - 0x00007ffe249da000 	C:\WINDOWS\WinSxS\amd64_microsoft.windows.common-controls_6595b64144ccf1df_6.0.26100.4484_none_3e0e6d4ce32ef3b3\COMCTL32.dll
0x00007ffe25980000 - 0x00007ffe25ab7000 	C:\WINDOWS\System32\gdi32full.dll
0x00007ffe26c60000 - 0x00007ffe26d09000 	C:\WINDOWS\System32\msvcrt.dll
0x00007ffe25ce0000 - 0x00007ffe25d83000 	C:\WINDOWS\System32\msvcp_win.dll
0x00007ffe263a0000 - 0x00007ffe263cf000 	C:\WINDOWS\System32\IMM32.DLL
0x00007ffe0b100000 - 0x00007ffe0b10c000 	c:\Users\sterl\.vscode\extensions\redhat.java-1.43.1-win32-x64\jre\21.0.7-win32-x86_64\bin\vcruntime140_1.dll
0x00007ffdba240000 - 0x00007ffdba2cd000 	c:\Users\sterl\.vscode\extensions\redhat.java-1.43.1-win32-x64\jre\21.0.7-win32-x86_64\bin\msvcp140.dll
0x00007ffd8b850000 - 0x00007ffd8c5e0000 	c:\Users\sterl\.vscode\extensions\redhat.java-1.43.1-win32-x64\jre\21.0.7-win32-x86_64\bin\server\jvm.dll
0x00007ffe25fb0000 - 0x00007ffe26064000 	C:\WINDOWS\System32\ADVAPI32.dll
0x00007ffe26120000 - 0x00007ffe261c6000 	C:\WINDOWS\System32\sechost.dll
0x00007ffe27c00000 - 0x00007ffe27d18000 	C:\WINDOWS\System32\RPCRT4.dll
0x00007ffe260a0000 - 0x00007ffe26114000 	C:\WINDOWS\System32\WS2_32.dll
0x00007ffe251a0000 - 0x00007ffe251fe000 	C:\WINDOWS\SYSTEM32\POWRPROF.dll
0x00007ffe1be00000 - 0x00007ffe1be35000 	C:\WINDOWS\SYSTEM32\WINMM.dll
0x00007ffe130f0000 - 0x00007ffe130fb000 	C:\WINDOWS\SYSTEM32\VERSION.dll
0x00007ffe25180000 - 0x00007ffe25194000 	C:\WINDOWS\SYSTEM32\UMPDC.dll
0x00007ffe237b0000 - 0x00007ffe237cb000 	C:\WINDOWS\SYSTEM32\kernel.appcore.dll
0x00007ffdba230000 - 0x00007ffdba23a000 	c:\Users\sterl\.vscode\extensions\redhat.java-1.43.1-win32-x64\jre\21.0.7-win32-x86_64\bin\jimage.dll
0x00007ffe24b00000 - 0x00007ffe24d41000 	C:\WINDOWS\SYSTEM32\DBGHELP.DLL
0x00007ffe26690000 - 0x00007ffe26a16000 	C:\WINDOWS\System32\combase.dll
0x00007ffe27a80000 - 0x00007ffe27b60000 	C:\WINDOWS\System32\OLEAUT32.dll
0x00007ffe249e0000 - 0x00007ffe24a23000 	C:\WINDOWS\SYSTEM32\dbgcore.DLL
0x00007ffe25c40000 - 0x00007ffe25cd9000 	C:\WINDOWS\System32\bcryptPrimitives.dll
0x00007ffdba220000 - 0x00007ffdba22f000 	c:\Users\sterl\.vscode\extensions\redhat.java-1.43.1-win32-x64\jre\21.0.7-win32-x86_64\bin\instrument.dll
0x00007ffdb9d10000 - 0x00007ffdb9d2f000 	c:\Users\sterl\.vscode\extensions\redhat.java-1.43.1-win32-x64\jre\21.0.7-win32-x86_64\bin\java.dll
0x00007ffe26d30000 - 0x00007ffe2747a000 	C:\WINDOWS\System32\SHELL32.dll
0x00007ffe25e20000 - 0x00007ffe25f94000 	C:\WINDOWS\System32\wintypes.dll
0x00007ffe224f0000 - 0x00007ffe22d4b000 	C:\WINDOWS\SYSTEM32\windows.storage.dll
0x00007ffe28040000 - 0x00007ffe28135000 	C:\WINDOWS\System32\SHCORE.dll
0x00007ffe26bf0000 - 0x00007ffe26c5a000 	C:\WINDOWS\System32\shlwapi.dll
0x00007ffe25260000 - 0x00007ffe2528f000 	C:\WINDOWS\SYSTEM32\profapi.dll
0x00007ffdb9d50000 - 0x00007ffdb9d68000 	c:\Users\sterl\.vscode\extensions\redhat.java-1.43.1-win32-x64\jre\21.0.7-win32-x86_64\bin\zip.dll
0x00007ffdba1f0000 - 0x00007ffdba200000 	C:\Users\sterl\.vscode\extensions\redhat.java-1.43.1-win32-x64\jre\21.0.7-win32-x86_64\bin\net.dll
0x00007ffe1dea0000 - 0x00007ffe1dfbe000 	C:\WINDOWS\SYSTEM32\WINHTTP.dll
0x00007ffe23ce0000 - 0x00007ffe23d4a000 	C:\WINDOWS\system32\mswsock.dll
0x00007ffdb9d30000 - 0x00007ffdb9d46000 	C:\Users\sterl\.vscode\extensions\redhat.java-1.43.1-win32-x64\jre\21.0.7-win32-x86_64\bin\nio.dll
0x00007ffdb9d00000 - 0x00007ffdb9d10000 	c:\Users\sterl\.vscode\extensions\redhat.java-1.43.1-win32-x64\jre\21.0.7-win32-x86_64\bin\verify.dll
0x00007ffd989a0000 - 0x00007ffd989e5000 	C:\Users\sterl\AppData\Roaming\Code\User\globalStorage\redhat.java\1.43.1\config_win\org.eclipse.equinox.launcher\org.eclipse.equinox.launcher.win32.win32.x86_64_1.2.1300.v20250331-1702\eclipse_11911.dll
0x00007ffe263e0000 - 0x00007ffe2657e000 	C:\WINDOWS\System32\ole32.dll
0x00007ffe24e70000 - 0x00007ffe24e8b000 	C:\WINDOWS\SYSTEM32\CRYPTSP.dll
0x00007ffe23d50000 - 0x00007ffe23d8b000 	C:\WINDOWS\system32\rsaenh.dll
0x00007ffe23dc0000 - 0x00007ffe23deb000 	C:\WINDOWS\SYSTEM32\USERENV.dll
0x00007ffe25230000 - 0x00007ffe25256000 	C:\WINDOWS\SYSTEM32\bcrypt.dll
0x00007ffe241d0000 - 0x00007ffe241dc000 	C:\WINDOWS\SYSTEM32\CRYPTBASE.dll
0x00007ffe23230000 - 0x00007ffe23263000 	C:\WINDOWS\SYSTEM32\IPHLPAPI.DLL
0x00007ffe262a0000 - 0x00007ffe262aa000 	C:\WINDOWS\System32\NSI.dll
0x00007ffd98900000 - 0x00007ffd98949000 	C:\Users\sterl\AppData\Local\Temp\jna-109761374\jna8300145793451158919.dll
0x00007ffe25fa0000 - 0x00007ffe25fa8000 	C:\WINDOWS\System32\PSAPI.DLL
0x00007ffe1e110000 - 0x00007ffe1e12f000 	C:\WINDOWS\SYSTEM32\dhcpcsvc6.DLL
0x00007ffe1e050000 - 0x00007ffe1e075000 	C:\WINDOWS\SYSTEM32\dhcpcsvc.DLL

dbghelp: loaded successfully - version: 4.0.5 - missing functions: none
symbol engine: initialized successfully - sym options: 0x614 - pdb path: .;c:\Users\sterl\.vscode\extensions\redhat.java-1.43.1-win32-x64\jre\21.0.7-win32-x86_64\bin;C:\WINDOWS\SYSTEM32;C:\WINDOWS\WinSxS\amd64_microsoft.windows.common-controls_6595b64144ccf1df_6.0.26100.4484_none_3e0e6d4ce32ef3b3;c:\Users\sterl\.vscode\extensions\redhat.java-1.43.1-win32-x64\jre\21.0.7-win32-x86_64\bin\server;C:\Users\sterl\AppData\Roaming\Code\User\globalStorage\redhat.java\1.43.1\config_win\org.eclipse.equinox.launcher\org.eclipse.equinox.launcher.win32.win32.x86_64_1.2.1300.v20250331-1702;C:\Users\sterl\AppData\Local\Temp\jna-109761374

VM Arguments:
jvm_args: --add-modules=ALL-SYSTEM --add-opens=java.base/java.util=ALL-UNNAMED --add-opens=java.base/java.lang=ALL-UNNAMED --add-opens=java.base/sun.nio.fs=ALL-UNNAMED -Declipse.application=org.eclipse.jdt.ls.core.id1 -Dosgi.bundles.defaultStartLevel=4 -Declipse.product=org.eclipse.jdt.ls.core.product -Djava.import.generatesMetadataFilesAtProjectRoot=false -DDetectVMInstallationsJob.disabled=true -Dfile.encoding=utf8 -XX:+UseParallelGC -XX:GCTimeRatio=4 -XX:AdaptiveSizePolicyWeight=90 -Dsun.zip.disableMemoryMapping=true -Xmx2G -Xms100m -Xlog:disable -javaagent:c:\Users\sterl\.vscode\extensions\redhat.java-1.43.1-win32-x64\lombok\lombok-1.18.39-4050.jar -XX:+HeapDumpOnOutOfMemoryError -XX:HeapDumpPath=c:\Users\sterl\AppData\Roaming\Code\User\workspaceStorage\76b817beaaff0acf881965c92f09875f\redhat.java -Daether.dependencyCollector.impl=bf 
java_command: c:\Users\sterl\.vscode\extensions\redhat.java-1.43.1-win32-x64\server\plugins\org.eclipse.equinox.launcher_1.7.0.v20250519-0528.jar -configuration c:\Users\sterl\AppData\Roaming\Code\User\globalStorage\redhat.java\1.43.1\config_win -data c:\Users\sterl\AppData\Roaming\Code\User\workspaceStorage\76b817beaaff0acf881965c92f09875f\redhat.java\jdt_ws --pipe=\\.\pipe\lsp-c26135c5444c4112d5fccb0ae78828fc-sock
java_class_path (initial): c:\Users\sterl\.vscode\extensions\redhat.java-1.43.1-win32-x64\server\plugins\org.eclipse.equinox.launcher_1.7.0.v20250519-0528.jar
Launcher Type: SUN_STANDARD

[Global flags]
    uintx AdaptiveSizePolicyWeight                 = 90                                        {product} {command line}
     intx CICompilerCount                          = 4                                         {product} {ergonomic}
    uintx GCTimeRatio                              = 4                                         {product} {command line}
     bool HeapDumpOnOutOfMemoryError               = true                                   {manageable} {command line}
    ccstr HeapDumpPath                             = c:\Users\sterl\AppData\Roaming\Code\User\workspaceStorage\76b817beaaff0acf881965c92f09875f\redhat.java         {manageable} {command line}
   size_t InitialHeapSize                          = 104857600                                 {product} {command line}
   size_t MaxHeapSize                              = 2147483648                                {product} {command line}
   size_t MaxNewSize                               = 715653120                                 {product} {ergonomic}
   size_t MinHeapDeltaBytes                        = 524288                                    {product} {ergonomic}
   size_t MinHeapSize                              = 104857600                                 {product} {command line}
   size_t NewSize                                  = 34603008                                  {product} {ergonomic}
    uintx NonNMethodCodeHeapSize                   = 5839372                                {pd product} {ergonomic}
    uintx NonProfiledCodeHeapSize                  = 122909434                              {pd product} {ergonomic}
   size_t OldSize                                  = 70254592                                  {product} {ergonomic}
    uintx ProfiledCodeHeapSize                     = 122909434                              {pd product} {ergonomic}
    uintx ReservedCodeCacheSize                    = 251658240                              {pd product} {ergonomic}
     bool SegmentedCodeCache                       = true                                      {product} {ergonomic}
   size_t SoftMaxHeapSize                          = 2147483648                             {manageable} {ergonomic}
     bool UseCompressedOops                        = true                           {product lp64_product} {ergonomic}
     bool UseLargePagesIndividualAllocation        = false                                  {pd product} {ergonomic}
     bool UseParallelGC                            = true                                      {product} {command line}

Logging:
Log output configuration:
 #0: stdout all=off uptime,level,tags foldmultilines=false
 #1: stderr all=off uptime,level,tags foldmultilines=false

Environment Variables:
JAVA_HOME=C:\Program Files\Java\jdk-17
PATH=C:\Program Files\Common Files\Oracle\Java\javapath;C:\Program Files (x86)\Embarcadero\Studio\23.0\bin;C:\Users\Public\Documents\Embarcadero\Studio\23.0\Bpl;C:\Program Files (x86)\Embarcadero\Studio\23.0\bin64;C:\Users\Public\Documents\Embarcadero\Studio\23.0\Bpl\Win64;C:\windows\system32;C:\windows;C:\windows\System32\Wbem;C:\windows\System32\WindowsPowerShell\v1.0\;C:\windows\System32\OpenSSH\;C:\msys64\mingw64\bin;C:\Program Files\dotnet\;C;C:\Program Files\Azure Data Studio\bin;C:\Program Files (x86)\Microsoft SQL Server\160\Tools\Binn\;C:\Program Files\Microsoft SQL Server\160\Tools\Binn\;C:\Program Files\Microsoft SQL Server\Client SDK\ODBC\170\Tools\Binn\;C:\Program Files\Microsoft SQL Server\160\DTS\Binn\;C:\Program Files (x86)\Microsoft SQL Server\160\DTS\Binn\;C:\Program Files\Git\cmd;C:\Program Files\HP\HP One Agent;C:\Program Files (x86)\Windows Kits\10\Windows Performance Toolkit\;C:\WINDOWS\system32;C:\WINDOWS;C:\WINDOWS\System32\Wbem;C:\WINDOWS\System32\WindowsPowerShell\v1.0\;C:\WINDOWS\System32\OpenSSH\;C:\Program Files\nodejs\;C:\ProgramData\chocolatey\bin;C:\Program Files\Java\jdk-17\bin;C:\Program Files\Apache\Maven\apache-maven-3.9.9\bin;C:\Program Files\MySQL\MySQL Shell 8.0\bin\;C:\Users\sterl\AppData\Local\Programs\Python\Python313\Scripts\;C:\Users\sterl\AppData\Local\Programs\Python\Python313\;C:\Users\sterl\AppData\Local\Programs\Python\Launcher\;C:\Users\sterl\AppData\Local\Microsoft\WindowsApps;;C:\Users\sterl\AppData\Local\Programs\Microsoft VS Code\bin;C:\Program Files (x86)\Brackets\;C:\Users\sterl\.dotnet\tools;C:\Program Files\Azure Data Studio\bin;C:\Users\sterl\AppData\Roaming\npm
USERNAME=sterl
OS=Windows_NT
PROCESSOR_IDENTIFIER=Intel64 Family 6 Model 140 Stepping 2, GenuineIntel
TMP=C:\Users\sterl\AppData\Local\Temp
TEMP=C:\Users\sterl\AppData\Local\Temp




Periodic native trim disabled

---------------  S Y S T E M  ---------------

OS:
 Windows 11 , 64 bit Build 26100 (10.0.26100.4484)
OS uptime: 2 days 7:02 hours
Hyper-V role detected

CPU: total 8 (initial active 8) (4 cores per cpu, 2 threads per core) family 6 model 140 stepping 2 microcode 0x34, cx8, cmov, fxsr, ht, mmx, 3dnowpref, sse, sse2, sse3, ssse3, sse4.1, sse4.2, popcnt, lzcnt, tsc, tscinvbit, avx, avx2, aes, erms, clmul, bmi1, bmi2, adx, avx512f, avx512dq, avx512cd, avx512bw, avx512vl, sha, fma, vzeroupper, avx512_vpopcntdq, avx512_vpclmulqdq, avx512_vaes, avx512_vnni, clflush, clflushopt, clwb, avx512_vbmi2, avx512_vbmi, hv, rdtscp, rdpid, fsrm, gfni, avx512_bitalg, f16c, cet_ibt, cet_ss, avx512_ifma
Processor Information for the first 8 processors :
  Max Mhz: 2496, Current Mhz: 2496, Mhz Limit: 2496

Memory: 4k page, system-wide physical 11930M (2406M free)
TotalPageFile size 17306M (AvailPageFile size 5769M)
current process WorkingSet (physical memory assigned to process): 795M, peak: 795M
current process commit charge ("private bytes"): 735M, peak: 739M

vm_info: OpenJDK 64-Bit Server VM (21.0.7+6-LTS) for windows-amd64 JRE (21.0.7+6-LTS), built on 2025-04-15T00:00:00Z by "admin" with MS VC++ 17.7 (VS2022)

END.
