#
# A fatal error has been detected by the Java Runtime Environment:
#
#  EXCEPTION_ACCESS_VIOLATION (0xc0000005) at pc=0x00007ffa973ad543, pid=10740, tid=20308
#
# JRE version: OpenJDK Runtime Environment Temurin-21.0.7+6 (21.0.7+6) (build 21.0.7+6-LTS)
# Java VM: OpenJDK 64-Bit Server VM Temurin-21.0.7+6 (21.0.7+6-LTS, mixed mode, sharing, tiered, compressed oops, compressed class ptrs, parallel gc, windows-amd64)
# Problematic frame:
# V  [jvm.dll+0x2fd543]
#
# No core dump will be written. Minidumps are not enabled by default on client versions of Windows
#
# If you would like to submit a bug report, please visit:
#   https://github.com/adoptium/adoptium-support/issues
#

---------------  S U M M A R Y ------------

Command Line: --add-modules=ALL-SYSTEM --add-opens=java.base/java.util=ALL-UNNAMED --add-opens=java.base/java.lang=ALL-UNNAMED --add-opens=java.base/sun.nio.fs=ALL-UNNAMED -Declipse.application=org.eclipse.jdt.ls.core.id1 -Dosgi.bundles.defaultStartLevel=4 -Declipse.product=org.eclipse.jdt.ls.core.product -Djava.import.generatesMetadataFilesAtProjectRoot=false -DDetectVMInstallationsJob.disabled=true -Dfile.encoding=utf8 -XX:+UseParallelGC -XX:GCTimeRatio=4 -XX:AdaptiveSizePolicyWeight=90 -Dsun.zip.disableMemoryMapping=true -Xmx2G -Xms100m -Xlog:disable -javaagent:c:\Users\sterl\.vscode\extensions\redhat.java-1.43.1-win32-x64\lombok\lombok-1.18.39-4050.jar -XX:+HeapDumpOnOutOfMemoryError -XX:HeapDumpPath=c:\Users\sterl\AppData\Roaming\Code\User\workspaceStorage\76b817beaaff0acf881965c92f09875f\redhat.java -Daether.dependencyCollector.impl=bf c:\Users\sterl\.vscode\extensions\redhat.java-1.43.1-win32-x64\server\plugins\org.eclipse.equinox.launcher_1.7.0.v20250519-0528.jar -configuration c:\Users\sterl\AppData\Roaming\Code\User\globalStorage\redhat.java\1.43.1\config_win -data c:\Users\sterl\AppData\Roaming\Code\User\workspaceStorage\76b817beaaff0acf881965c92f09875f\redhat.java\jdt_ws --pipe=\\.\pipe\lsp-7431d9188209bcab026f81401f41f69d-sock

Host: 11th Gen Intel(R) Core(TM) i5-1155G7 @ 2.50GHz, 8 cores, 11G,  Windows 11 , 64 bit Build 26100 (10.0.26100.4484)
Time: Sat Jul 19 12:40:02 2025 Pacific Daylight Time elapsed time: 30.401009 seconds (0d 0h 0m 30s)

---------------  T H R E A D  ---------------

Current thread (0x00000165f1adf650):  JavaThread "C2 CompilerThread0" daemon [_thread_in_native, id=20308, stack(0x0000005d80100000,0x0000005d80200000) (1024K)]


Current CompileTask:
C2:30401 10348       4       org.eclipse.jdt.internal.compiler.lookup.LookupEnvironment::getTypeFromTypeSignature (770 bytes)

Stack: [0x0000005d80100000,0x0000005d80200000],  sp=0x0000005d801fc080,  free space=1008k
Native frames: (J=compiled Java code, j=interpreted, Vv=VM code, C=native code)
V  [jvm.dll+0x2fd543]
V  [jvm.dll+0x2fe31a]
V  [jvm.dll+0x24924f]
V  [jvm.dll+0x246fc4]
V  [jvm.dll+0x1c760e]
V  [jvm.dll+0x25695a]
V  [jvm.dll+0x254efa]
V  [jvm.dll+0x3f03f6]
V  [jvm.dll+0x851f6b]
V  [jvm.dll+0x6cc7dd]
C  [ucrtbase.dll+0x37b0]
C  [KERNEL32.DLL+0x2e8d7]
C  [ntdll.dll+0x3c34c]


siginfo: EXCEPTION_ACCESS_VIOLATION (0xc0000005), reading address 0x00002165fcf5bcf0


Registers:
RAX=0x0000000000000002, RBX=0x0000000000000000, RCX=0x00007ffa973ad526, RDX=0x00007ffa970b0000
RSP=0x0000005d801fc080, RBP=0x0000005d801fc180, RSI=0x00000165fcf5c420, RDI=0x0000000000000000
R8 =0x00007ffa970b0000, R9 =0x0000005d801fc210, R10=0x00007ffa97aad1b0, R11=0x0000000000000246
R12=0x00000165fcf5c430, R13=0x00000165fda5b4b0, R14=0x0000000000000200, R15=0x00002165fcf5bcc8
RIP=0x00007ffa973ad543, EFLAGS=0x0000000000010287

XMM[0]=0x0000000000000000 0x0000000000000000
XMM[1]=0x0000000000000000 0x0000000000000000
XMM[2]=0x0000000000000000 0x0000000000000000
XMM[3]=0x0000000000000000 0x0000000000000000
XMM[4]=0x0000000000000000 0x0000000000000000
XMM[5]=0x0000000000000000 0x0000000000000000
XMM[6]=0x0000000000000000 0x0000000000000000
XMM[7]=0x0000000000000000 0x0000000000000000
XMM[8]=0x0000000000000000 0x0000000000000000
XMM[9]=0x0000000000000000 0x0000000000000000
XMM[10]=0x0000000000000000 0x0000000000000000
XMM[11]=0x0000000000000000 0x0000000000000000
XMM[12]=0x0000000000000000 0x0000000000000000
XMM[13]=0x0000000000000000 0x0000000000000000
XMM[14]=0x0000000000000000 0x0000000000000000
XMM[15]=0x0000000000000000 0x0000000000000000
  MXCSR=0x00001fb2


Register to memory mapping:

RAX=0x0000000000000002 is an unknown value
RBX=0x0 is null
RCX=0x00007ffa973ad526 jvm.dll
RDX=0x00007ffa970b0000 jvm.dll
RSP=0x0000005d801fc080 is pointing into the stack for thread: 0x00000165f1adf650
RBP=0x0000005d801fc180 is pointing into the stack for thread: 0x00000165f1adf650
RSI=0x00000165fcf5c420 points into unknown readable memory: 0x00000165fcf5bcc8 | c8 bc f5 fc 65 01 00 00
RDI=0x0 is null
R8 =0x00007ffa970b0000 jvm.dll
R9 =0x0000005d801fc210 is pointing into the stack for thread: 0x00000165f1adf650
R10=0x00007ffa97aad1b0 jvm.dll
R11=0x0000000000000246 is an unknown value
R12=0x00000165fcf5c430 points into unknown readable memory: 0x00000165fcf5bcc8 | c8 bc f5 fc 65 01 00 00
R13=0x00000165fda5b4b0 points into unknown readable memory: 0x00000165db118250 | 50 82 11 db 65 01 00 00
R14=0x0000000000000200 is an unknown value
R15=0x00002165fcf5bcc8 is an unknown value

Top of Stack: (sp=0x0000005d801fc080)
0x0000005d801fc080:   0000000000000000 0000000000000040
0x0000005d801fc090:   0000005d801fc180 00000165fa16fc88
0x0000005d801fc0a0:   00000165fb5baa40 00007ffb439bcbbf
0x0000005d801fc0b0:   0000016500000800 00000165000021af
0x0000005d801fc0c0:   00000165f81f81a0 0000010000000200
0x0000005d801fc0d0:   0000001000000002 0000010000000200
0x0000005d801fc0e0:   00000000000001fe 00000165fa7792d0
0x0000005d801fc0f0:   0000008000000043 00000165fa778ed0
0x0000005d801fc100:   0000000000000000 0000080000000531
0x0000005d801fc110:   00000165fb721e40 0000000000000000
0x0000005d801fc120:   0000004000000022 00000165fa7792d0
0x0000005d801fc130:   0000000000000000 00000165fa776cd0
0x0000005d801fc140:   0000000200000000 00000165f81f81a0
0x0000005d801fc150:   0000000000000000 00000165fb992cf0
0x0000005d801fc160:   00000165fb9944d0 00000165fa7794d0
0x0000005d801fc170:   00000165f81f81c0 00000165fa775c70
0x0000005d801fc180:   0000005d801fe5b0 00000165fcf5c0c8
0x0000005d801fc190:   0000010000000093 00000165fb992cf0
0x0000005d801fc1a0:   0000000000000000 0000000200000000
0x0000005d801fc1b0:   00000165f81f81c0 0000000000000000
0x0000005d801fc1c0:   00000100000000da 00000165fa7794d0
0x0000005d801fc1d0:   0000000000000000 0000020000000159
0x0000005d801fc1e0:   00000165fb9944d0 0000000000000000
0x0000005d801fc1f0:   000000100000000b 00000165fa775c70
0x0000005d801fc200:   0000000000000000 00007ffa971755b3
0x0000005d801fc210:   00000165db118250 0000005d00000400
0x0000005d801fc220:   00000165fb71fe40 000000000000027e
0x0000005d801fc230:   0000005d00000200 00000165fa777cd0
0x0000005d801fc240:   0000016500000200 00000165db118250
0x0000005d801fc250:   0000016500000000 00000165fda5b470
0x0000005d801fc260:   0000005d801f0000 0000000000000000
0x0000005d801fc270:   00000165f1ae21a0 00007ffa973aa300 

Instructions: (pc=0x00007ffa973ad543)
0x00007ffa973ad443:   db 00 00 00 41 83 7c 24 18 05 0f 86 d3 00 00 00
0x00007ffa973ad453:   48 8b 9d 90 01 00 00 49 8b d4 48 8b 4b 68 48 8b
0x00007ffa973ad463:   89 68 09 00 00 e8 93 4b dd ff 48 8b 4b 68 49 8b
0x00007ffa973ad473:   d4 e8 c7 6a 3f 00 e9 a8 00 00 00 48 63 75 70 3b
0x00007ffa973ad483:   74 24 54 0f 85 8a 00 00 00 8d 7e 01 89 7c 24 54
0x00007ffa973ad493:   85 ff 7e 07 8d 47 ff 85 c7 74 10 0f bd cf bf 01
0x00007ffa973ad4a3:   00 00 00 ff c1 d3 e7 89 7c 24 54 ba 08 00 00 00
0x00007ffa973ad4b3:   89 7d 74 8b cf e8 c3 16 0a 00 45 33 c9 48 8b d8
0x00007ffa973ad4c3:   85 f6 7e 2a 48 8b d0 44 8b c6 48 8b 45 f8 44 8b
0x00007ffa973ad4d3:   ce 48 2b c2 66 0f 1f 84 00 00 00 00 00 48 8b 0c
0x00007ffa973ad4e3:   10 48 89 0a 48 8d 52 08 49 83 e8 01 75 ef 44 3b
0x00007ffa973ad4f3:   cf 7d 18 49 63 c1 44 8b c7 45 2b c1 33 d2 49 c1
0x00007ffa973ad503:   e0 03 48 8d 0c c3 e8 f4 ac 64 00 48 89 5d f8 48
0x00007ffa973ad513:   89 5d 78 48 8b 4d f8 48 8b c6 ff c6 89 75 70 4c
0x00007ffa973ad523:   89 24 c1 49 8b 74 24 10 41 8b 44 24 20 4c 8d 24
0x00007ffa973ad533:   c6 49 3b f4 73 7b 0f 1f 80 00 00 00 00 4c 8b 3e
0x00007ffa973ad543:   41 8b 7f 28 8b df c1 eb 05 41 3b 5d 20 72 0b 8b
0x00007ffa973ad553:   d3 49 8d 4d 20 e8 03 3d 59 00 49 8b 45 28 83 e7
0x00007ffa973ad563:   1f 48 8d 14 98 40 0f b6 cf 41 b8 01 00 00 00 41
0x00007ffa973ad573:   d3 e0 8b 0a 8b c1 41 0b c0 89 02 41 85 c8 75 23
0x00007ffa973ad583:   41 8b 5d 18 8d 43 01 41 89 45 18 41 3b 5d 08 72
0x00007ffa973ad593:   0a 8b d3 49 8b cd e8 02 c1 3a 00 49 8b 45 10 4c
0x00007ffa973ad5a3:   89 3c d8 48 83 c6 08 49 3b f4 72 91 44 8b 74 24
0x00007ffa973ad5b3:   58 48 8b 75 08 8b 46 2c 83 e0 03 3c 03 0f 85 ae
0x00007ffa973ad5c3:   00 00 00 4c 63 7c 24 60 45 3b fe 0f 85 90 00 00
0x00007ffa973ad5d3:   00 45 8d 77 01 44 89 74 24 58 41 8b fe 45 85 f6
0x00007ffa973ad5e3:   7e 05 45 85 fe 74 14 41 0f bd ce 41 be 01 00 00
0x00007ffa973ad5f3:   00 ff c1 41 d3 e6 44 89 74 24 58 ba 08 00 00 00
0x00007ffa973ad603:   41 8b ce e8 75 15 0a 00 45 33 c9 48 8b d8 45 85
0x00007ffa973ad613:   ff 7e 2b 48 8b d0 45 8b c7 48 8b 45 b8 45 8b cf
0x00007ffa973ad623:   48 2b c2 66 66 0f 1f 84 00 00 00 00 00 48 8b 0c
0x00007ffa973ad633:   10 48 89 0a 48 8d 52 08 49 83 e8 01 75 ef 45 3b 


Stack slot to memory mapping:

stack at sp + 0 slots: 0x0 is null
stack at sp + 1 slots: 0x0000000000000040 is an unknown value
stack at sp + 2 slots: 0x0000005d801fc180 is pointing into the stack for thread: 0x00000165f1adf650
stack at sp + 3 slots: 0x00000165fa16fc88 points into unknown readable memory: 0x00007ffa97a1d218 | 18 d2 a1 97 fa 7f 00 00
stack at sp + 4 slots: 0x00000165fb5baa40 points into unknown readable memory: 0x00007ffa97b5eb40 | 40 eb b5 97 fa 7f 00 00
stack at sp + 5 slots: 0x00007ffb439bcbbf KERNELBASE.dll
stack at sp + 6 slots: 0x0000016500000800 is an unknown value
stack at sp + 7 slots: 0x00000165000021af is an unknown value


---------------  P R O C E S S  ---------------

Threads class SMR info:
_java_thread_list=0x00000165fdfd4ec0, length=65, elements={
0x00000165d8cad6f0, 0x00000165db12da60, 0x00000165f1ad5b10, 0x00000165f1ad8690,
0x00000165f1adb370, 0x00000165f1adbdc0, 0x00000165f1adc810, 0x00000165f1adf650,
0x00000165f1b09f20, 0x00000165f3461970, 0x00000165f3759210, 0x00000165f3f6b8c0,
0x00000165f3722b70, 0x00000165f8037cc0, 0x00000165f3efd050, 0x00000165f3b11fe0,
0x00000165f82f7dd0, 0x00000165f82e1b80, 0x00000165f82e2210, 0x00000165f82e2f30,
0x00000165f82e28a0, 0x00000165f82e14f0, 0x00000165f82e3c50, 0x00000165f82e35c0,
0x00000165fb3908d0, 0x00000165fb392310, 0x00000165fb38fbb0, 0x00000165fb390f60,
0x00000165fb391c80, 0x00000165fb38ee90, 0x00000165fb3929a0, 0x00000165fb38f520,
0x00000165fb3915f0, 0x00000165fb393030, 0x00000165fb3936c0, 0x00000165fb390240,
0x00000165fb395100, 0x00000165f39a1c00, 0x00000165f39a3e10, 0x00000165fb395790,
0x00000165fb395e20, 0x00000165fb3964b0, 0x00000165fb393d50, 0x00000165fb3943e0,
0x00000165f82e07d0, 0x00000165f9c939a0, 0x00000165f9c93310, 0x00000165f9c925f0,
0x00000165f9c91240, 0x00000165f9c946c0, 0x00000165f9c94d50, 0x00000165f9c94030,
0x00000165f9c918d0, 0x00000165f9c981d0, 0x00000165f9c974b0, 0x00000165f9c98860,
0x00000165f9c96100, 0x00000165f9c96790, 0x00000165f9c96e20, 0x00000165f9c97b40,
0x00000165f9c95a70, 0x00000165fc7a7750, 0x00000165fc7a42d0, 0x00000165fc7a7de0,
0x00000165fc7a70c0
}

Java Threads: ( => current thread )
  0x00000165d8cad6f0 JavaThread "main"                              [_thread_blocked, id=10780, stack(0x0000005dff700000,0x0000005dff800000) (1024K)]
  0x00000165db12da60 JavaThread "Reference Handler"          daemon [_thread_blocked, id=6860, stack(0x0000005dffb00000,0x0000005dffc00000) (1024K)]
  0x00000165f1ad5b10 JavaThread "Finalizer"                  daemon [_thread_blocked, id=17668, stack(0x0000005dffc00000,0x0000005dffd00000) (1024K)]
  0x00000165f1ad8690 JavaThread "Signal Dispatcher"          daemon [_thread_blocked, id=7612, stack(0x0000005dffd00000,0x0000005dffe00000) (1024K)]
  0x00000165f1adb370 JavaThread "Attach Listener"            daemon [_thread_blocked, id=20944, stack(0x0000005dffe00000,0x0000005dfff00000) (1024K)]
  0x00000165f1adbdc0 JavaThread "Service Thread"             daemon [_thread_blocked, id=18284, stack(0x0000005dfff00000,0x0000005e00000000) (1024K)]
  0x00000165f1adc810 JavaThread "Monitor Deflation Thread"   daemon [_thread_blocked, id=20188, stack(0x0000005d80000000,0x0000005d80100000) (1024K)]
=>0x00000165f1adf650 JavaThread "C2 CompilerThread0"         daemon [_thread_in_native, id=20308, stack(0x0000005d80100000,0x0000005d80200000) (1024K)]
  0x00000165f1b09f20 JavaThread "C1 CompilerThread0"         daemon [_thread_blocked, id=11464, stack(0x0000005d80200000,0x0000005d80300000) (1024K)]
  0x00000165f3461970 JavaThread "Common-Cleaner"             daemon [_thread_blocked, id=16792, stack(0x0000005d80300000,0x0000005d80400000) (1024K)]
  0x00000165f3759210 JavaThread "Notification Thread"        daemon [_thread_blocked, id=18964, stack(0x0000005d80400000,0x0000005d80500000) (1024K)]
  0x00000165f3f6b8c0 JavaThread "Active Thread: Equinox Container: fdc1a98a-381a-4cc2-b18f-59a91621e378"        [_thread_blocked, id=2324, stack(0x0000005d80d00000,0x0000005d80e00000) (1024K)]
  0x00000165f3722b70 JavaThread "Refresh Thread: Equinox Container: fdc1a98a-381a-4cc2-b18f-59a91621e378" daemon [_thread_blocked, id=9412, stack(0x0000005d80500000,0x0000005d80600000) (1024K)]
  0x00000165f8037cc0 JavaThread "Framework Event Dispatcher: Equinox Container: fdc1a98a-381a-4cc2-b18f-59a91621e378" daemon [_thread_blocked, id=16976, stack(0x0000005d80e00000,0x0000005d80f00000) (1024K)]
  0x00000165f3efd050 JavaThread "Start Level: Equinox Container: fdc1a98a-381a-4cc2-b18f-59a91621e378" daemon [_thread_blocked, id=14268, stack(0x0000005d80f00000,0x0000005d81000000) (1024K)]
  0x00000165f3b11fe0 JavaThread "Bundle File Closer"         daemon [_thread_blocked, id=18840, stack(0x0000005d81000000,0x0000005d81100000) (1024K)]
  0x00000165f82f7dd0 JavaThread "SCR Component Actor"        daemon [_thread_blocked, id=14544, stack(0x0000005d81100000,0x0000005d81200000) (1024K)]
  0x00000165f82e1b80 JavaThread "Worker-JM"                         [_thread_blocked, id=8604, stack(0x0000005d81400000,0x0000005d81500000) (1024K)]
  0x00000165f82e2210 JavaThread "JNA Cleaner"                daemon [_thread_blocked, id=5108, stack(0x0000005d81500000,0x0000005d81600000) (1024K)]
  0x00000165f82e2f30 JavaThread "Worker-0: Java indexing... "        [_thread_blocked, id=21408, stack(0x0000005d81600000,0x0000005d81700000) (1024K)]
  0x00000165f82e28a0 JavaThread "Worker-1"                          [_thread_blocked, id=14008, stack(0x0000005d81700000,0x0000005d81800000) (1024K)]
  0x00000165f82e14f0 JavaThread "Java indexing"              daemon [_thread_in_Java, id=22056, stack(0x0000005d81800000,0x0000005d81900000) (1024K)]
  0x00000165f82e3c50 JavaThread "Worker-2: Building"                [_thread_blocked, id=12712, stack(0x0000005d81c00000,0x0000005d81d00000) (1024K)]
  0x00000165f82e35c0 JavaThread "Worker-3"                          [_thread_blocked, id=11204, stack(0x0000005d81d00000,0x0000005d81e00000) (1024K)]
  0x00000165fb3908d0 JavaThread "Thread-2"                   daemon [_thread_in_native, id=20820, stack(0x0000005d81e00000,0x0000005d81f00000) (1024K)]
  0x00000165fb392310 JavaThread "Thread-3"                   daemon [_thread_in_native, id=3248, stack(0x0000005d81f00000,0x0000005d82000000) (1024K)]
  0x00000165fb38fbb0 JavaThread "Thread-4"                   daemon [_thread_in_native, id=21028, stack(0x0000005d82000000,0x0000005d82100000) (1024K)]
  0x00000165fb390f60 JavaThread "Thread-5"                   daemon [_thread_in_native, id=16696, stack(0x0000005d82100000,0x0000005d82200000) (1024K)]
  0x00000165fb391c80 JavaThread "Thread-6"                   daemon [_thread_in_native, id=3252, stack(0x0000005d82200000,0x0000005d82300000) (1024K)]
  0x00000165fb38ee90 JavaThread "Thread-7"                   daemon [_thread_in_native, id=19076, stack(0x0000005d82300000,0x0000005d82400000) (1024K)]
  0x00000165fb3929a0 JavaThread "Thread-8"                   daemon [_thread_in_native, id=9684, stack(0x0000005d82400000,0x0000005d82500000) (1024K)]
  0x00000165fb38f520 JavaThread "Thread-9"                   daemon [_thread_in_native, id=18804, stack(0x0000005d82500000,0x0000005d82600000) (1024K)]
  0x00000165fb3915f0 JavaThread "Thread-10"                  daemon [_thread_in_native, id=19480, stack(0x0000005d82600000,0x0000005d82700000) (1024K)]
  0x00000165fb393030 JavaThread "pool-2-thread-1"                   [_thread_blocked, id=18780, stack(0x0000005d82700000,0x0000005d82800000) (1024K)]
  0x00000165fb3936c0 JavaThread "WorkspaceEventsHandler"            [_thread_blocked, id=15768, stack(0x0000005d82800000,0x0000005d82900000) (1024K)]
  0x00000165fb390240 JavaThread "pool-1-thread-1"                   [_thread_blocked, id=11012, stack(0x0000005d82900000,0x0000005d82a00000) (1024K)]
  0x00000165fb395100 JavaThread "Worker-4"                          [_thread_blocked, id=21244, stack(0x0000005d82a00000,0x0000005d82b00000) (1024K)]
  0x00000165f39a1c00 JavaThread "C2 CompilerThread1"         daemon [_thread_in_native, id=10180, stack(0x0000005d81200000,0x0000005d81300000) (1024K)]
  0x00000165f39a3e10 JavaThread "C2 CompilerThread2"         daemon [_thread_in_native, id=11088, stack(0x0000005d81300000,0x0000005d81400000) (1024K)]
  0x00000165fb395790 JavaThread "LocalFile Deleter"          daemon [_thread_blocked, id=18688, stack(0x0000005d81900000,0x0000005d81a00000) (1024K)]
  0x00000165fb395e20 JavaThread "LocalFile Deleter"          daemon [_thread_blocked, id=11212, stack(0x0000005d82b00000,0x0000005d82c00000) (1024K)]
  0x00000165fb3964b0 JavaThread "LocalFile Deleter"          daemon [_thread_blocked, id=16524, stack(0x0000005d82c00000,0x0000005d82d00000) (1024K)]
  0x00000165fb393d50 JavaThread "LocalFile Deleter"          daemon [_thread_blocked, id=22356, stack(0x0000005d82d00000,0x0000005d82e00000) (1024K)]
  0x00000165fb3943e0 JavaThread "LocalFile Deleter"          daemon [_thread_blocked, id=4772, stack(0x0000005d82e00000,0x0000005d82f00000) (1024K)]
  0x00000165f82e07d0 JavaThread "LocalFile Deleter"          daemon [_thread_blocked, id=13028, stack(0x0000005d82f00000,0x0000005d83000000) (1024K)]
  0x00000165f9c939a0 JavaThread "LocalFile Deleter"          daemon [_thread_blocked, id=21604, stack(0x0000005d83000000,0x0000005d83100000) (1024K)]
  0x00000165f9c93310 JavaThread "LocalFile Deleter"          daemon [_thread_blocked, id=15084, stack(0x0000005d83100000,0x0000005d83200000) (1024K)]
  0x00000165f9c925f0 JavaThread "Compiler Source File Reader" daemon [_thread_blocked, id=18308, stack(0x0000005d83200000,0x0000005d83300000) (1024K)]
  0x00000165f9c91240 JavaThread "Compiler Source File Reader" daemon [_thread_blocked, id=9788, stack(0x0000005d83300000,0x0000005d83400000) (1024K)]
  0x00000165f9c946c0 JavaThread "Compiler Source File Reader" daemon [_thread_blocked, id=11944, stack(0x0000005d83400000,0x0000005d83500000) (1024K)]
  0x00000165f9c94d50 JavaThread "Compiler Source File Reader" daemon [_thread_blocked, id=11172, stack(0x0000005d83500000,0x0000005d83600000) (1024K)]
  0x00000165f9c94030 JavaThread "Compiler Source File Reader" daemon [_thread_blocked, id=14076, stack(0x0000005d83600000,0x0000005d83700000) (1024K)]
  0x00000165f9c918d0 JavaThread "Compiler Source File Reader" daemon [_thread_blocked, id=16736, stack(0x0000005d83700000,0x0000005d83800000) (1024K)]
  0x00000165f9c981d0 JavaThread "Compiler Processing Task"   daemon [_thread_blocked, id=18732, stack(0x0000005d83800000,0x0000005d83900000) (1024K)]
  0x00000165f9c974b0 JavaThread "Compiler Class File Writer" daemon [_thread_blocked, id=12252, stack(0x0000005d83900000,0x0000005d83a00000) (1024K)]
  0x00000165f9c98860 JavaThread "Compiler Class File Writer" daemon [_thread_blocked, id=21960, stack(0x0000005d83a00000,0x0000005d83b00000) (1024K)]
  0x00000165f9c96100 JavaThread "Compiler Class File Writer" daemon [_thread_blocked, id=10772, stack(0x0000005d83b00000,0x0000005d83c00000) (1024K)]
  0x00000165f9c96790 JavaThread "Compiler Class File Writer" daemon [_thread_blocked, id=9828, stack(0x0000005d83c00000,0x0000005d83d00000) (1024K)]
  0x00000165f9c96e20 JavaThread "Compiler Class File Writer" daemon [_thread_blocked, id=5780, stack(0x0000005d83d00000,0x0000005d83e00000) (1024K)]
  0x00000165f9c97b40 JavaThread "Compiler Class File Writer" daemon [_thread_blocked, id=19256, stack(0x0000005d83e00000,0x0000005d83f00000) (1024K)]
  0x00000165f9c95a70 JavaThread "ParallelDescriptorResolver-0-0" daemon [_thread_in_native, id=20032, stack(0x0000005d83f00000,0x0000005d84000000) (1024K)]
  0x00000165fc7a7750 JavaThread "ParallelDescriptorResolver-0-1" daemon [_thread_in_vm, id=13676, stack(0x0000005d84000000,0x0000005d84100000) (1024K)]
  0x00000165fc7a42d0 JavaThread "ParallelDescriptorResolver-0-2" daemon [_thread_in_vm, id=21216, stack(0x0000005d84100000,0x0000005d84200000) (1024K)]
  0x00000165fc7a7de0 JavaThread "ParallelDescriptorResolver-0-3" daemon [_thread_in_native, id=14428, stack(0x0000005d84200000,0x0000005d84300000) (1024K)]
  0x00000165fc7a70c0 JavaThread "ParallelDescriptorResolver-0-4" daemon [_thread_in_native, id=1056, stack(0x0000005d84300000,0x0000005d84400000) (1024K)]
Total: 65

Other Threads:
  0x00000165d8c828b0 VMThread "VM Thread"                           [id=4636, stack(0x0000005dffa00000,0x0000005dffb00000) (1024K)]
  0x00000165db0dae20 WatcherThread "VM Periodic Task Thread"        [id=6232, stack(0x0000005dff900000,0x0000005dffa00000) (1024K)]
  0x00000165d8c81dd0 WorkerThread "GC Thread#0"                     [id=21828, stack(0x0000005dff800000,0x0000005dff900000) (1024K)]
  0x00000165d8c812f0 WorkerThread "GC Thread#1"                     [id=3312, stack(0x0000005d80700000,0x0000005d80800000) (1024K)]
  0x00000165f3e8bb90 WorkerThread "GC Thread#2"                     [id=6304, stack(0x0000005d80800000,0x0000005d80900000) (1024K)]
  0x00000165f3e8ad10 WorkerThread "GC Thread#3"                     [id=16684, stack(0x0000005d80900000,0x0000005d80a00000) (1024K)]
  0x00000165f3e8c2d0 WorkerThread "GC Thread#4"                     [id=5192, stack(0x0000005d80a00000,0x0000005d80b00000) (1024K)]
  0x00000165f3e8c670 WorkerThread "GC Thread#5"                     [id=20608, stack(0x0000005d80b00000,0x0000005d80c00000) (1024K)]
  0x00000165f3e8a970 WorkerThread "GC Thread#6"                     [id=9128, stack(0x0000005d80c00000,0x0000005d80d00000) (1024K)]
  0x00000165f3e8b0b0 WorkerThread "GC Thread#7"                     [id=18204, stack(0x0000005d80600000,0x0000005d80700000) (1024K)]
Total: 10

Threads with active compile tasks:
C2 CompilerThread0  30463 10348       4       org.eclipse.jdt.internal.compiler.lookup.LookupEnvironment::getTypeFromTypeSignature (770 bytes)
C1 CompilerThread0  30463 10562       3       java.util.regex.Pattern::atom (422 bytes)
C2 CompilerThread1  30463 10547       4       org.codehaus.plexus.util.xml.pull.MXParser::nextImpl (1203 bytes)
C2 CompilerThread2  30463 10520       4       java.lang.invoke.MethodType::makeImpl (109 bytes)
Total: 4

VM state: not at safepoint (normal execution)

VM Mutex/Monitor currently owned by a thread: None

Heap address: 0x0000000080000000, size: 2048 MB, Compressed Oops mode: 32-bit

CDS archive(s) mapped at: [0x0000016580000000-0x0000016580ba0000-0x0000016580ba0000), size 12189696, SharedBaseAddress: 0x0000016580000000, ArchiveRelocationMode: 1.
Compressed class space mapped at: 0x0000016581000000-0x00000165c1000000, reserved size: 1073741824
Narrow klass base: 0x0000016580000000, Narrow klass shift: 0, Narrow klass range: 0x100000000

GC Precious Log:
 CardTable entry size: 512
 CPUs: 8 total, 8 available
 Memory: 11930M
 Large Page Support: Disabled
 NUMA Support: Disabled
 Compressed Oops: Enabled (32-bit)
 Alignments: Space 512K, Generation 512K, Heap 2M
 Heap Min Capacity: 100M
 Heap Initial Capacity: 100M
 Heap Max Capacity: 2G
 Pre-touch: Disabled
 Parallel Workers: 8

Heap:
 PSYoungGen      total 7168K, used 5530K [0x00000000d5580000, 0x00000000d5f00000, 0x0000000100000000)
  eden space 6656K, 83% used [0x00000000d5580000,0x00000000d5ae6930,0x00000000d5c00000)
  from space 512K, 0% used [0x00000000d5e00000,0x00000000d5e00000,0x00000000d5e80000)
  to   space 1536K, 0% used [0x00000000d5c00000,0x00000000d5c00000,0x00000000d5d80000)
 ParOldGen       total 461312K, used 164502K [0x0000000080000000, 0x000000009c280000, 0x00000000d5580000)
  object space 461312K, 35% used [0x0000000080000000,0x000000008a0a59a8,0x000000009c280000)
 Metaspace       used 59296K, committed 60672K, reserved 1114112K
  class space    used 6070K, committed 6656K, reserved 1048576K

Card table byte_map: [0x00000165daa40000,0x00000165dae50000] _byte_map_base: 0x00000165da640000

Marking Bits: (ParMarkBitMap*) 0x00007ffa97d631f0
 Begin Bits: [0x00000165ed510000, 0x00000165ef510000)
 End Bits:   [0x00000165ef510000, 0x00000165f1510000)

Polling page: 0x00000165da830000

Metaspace:

Usage:
  Non-class:     51.98 MB used.
      Class:      5.93 MB used.
       Both:     57.91 MB used.

Virtual space:
  Non-class space:       64.00 MB reserved,      52.75 MB ( 82%) committed,  1 nodes.
      Class space:        1.00 GB reserved,       6.50 MB ( <1%) committed,  1 nodes.
             Both:        1.06 GB reserved,      59.25 MB (  5%) committed. 

Chunk freelists:
   Non-Class:  10.99 MB
       Class:  9.44 MB
        Both:  20.43 MB

MaxMetaspaceSize: unlimited
CompressedClassSpaceSize: 1.00 GB
Initial GC threshold: 21.00 MB
Current GC threshold: 98.69 MB
CDS: on
 - commit_granule_bytes: 65536.
 - commit_granule_words: 8192.
 - virtual_space_node_default_size: 8388608.
 - enlarge_chunks_in_place: 1.
 - use_allocation_guard: 0.


Internal statistics:

num_allocs_failed_limit: 23.
num_arena_births: 1196.
num_arena_deaths: 22.
num_vsnodes_births: 2.
num_vsnodes_deaths: 0.
num_space_committed: 948.
num_space_uncommitted: 0.
num_chunks_returned_to_freelist: 46.
num_chunks_taken_from_freelist: 3968.
num_chunk_merges: 25.
num_chunk_splits: 2467.
num_chunks_enlarged: 1430.
num_inconsistent_stats: 0.

CodeHeap 'non-profiled nmethods': size=120000Kb used=8103Kb max_used=8209Kb free=111897Kb
 bounds [0x00000165e5d30000, 0x00000165e6540000, 0x00000165ed260000]
CodeHeap 'profiled nmethods': size=120000Kb used=23550Kb max_used=24113Kb free=96449Kb
 bounds [0x00000165de260000, 0x00000165df9f0000, 0x00000165e5790000]
CodeHeap 'non-nmethods': size=5760Kb used=1431Kb max_used=1508Kb free=4328Kb
 bounds [0x00000165e5790000, 0x00000165e5a00000, 0x00000165e5d30000]
 total_blobs=10492 nmethods=9764 adapters=633
 compilation: enabled
              stopped_count=0, restarted_count=0
 full_count=0

Compilation events (20 events):
Event: 30.366 Thread 0x00000165f1b09f20 nmethod 10525 0x00000165de4ae190 code [0x00000165de4ae3e0, 0x00000165de4aed60]
Event: 30.368 Thread 0x00000165f39a1c00 nmethod 10521 0x00000165e5d69f10 code [0x00000165e5d6a0c0, 0x00000165e5d6a388]
Event: 30.368 Thread 0x00000165f39a1c00 10511       4       java.lang.StringBuilder::<init> (6 bytes)
Event: 30.369 Thread 0x00000165f39a1c00 nmethod 10511 0x00000165e5d6a810 code [0x00000165e5d6a9a0, 0x00000165e5d6ab70]
Event: 30.369 Thread 0x00000165f39a1c00 10526       4       java.nio.ByteBuffer::limit (6 bytes)
Event: 30.370 Thread 0x00000165f39a1c00 nmethod 10526 0x00000165e5e30890 code [0x00000165e5e30a20, 0x00000165e5e30b50]
Event: 30.370 Thread 0x00000165f39a1c00 10410       4       org.eclipse.sisu.inject.TypeArguments::isAssignableFrom (161 bytes)
Event: 30.372 Thread 0x00000165f39a1c00 nmethod 10410 0x00000165e5d63710 code [0x00000165e5d638a0, 0x00000165e5d63a18]
Event: 30.372 Thread 0x00000165f39a1c00 10411       4       org.eclipse.sisu.inject.Implementations$ClassFinder::visit (6 bytes)
Event: 30.372 Thread 0x00000165f39a1c00 nmethod 10411 0x00000165e5dd9290 code [0x00000165e5dd9420, 0x00000165e5dd9518]
Event: 30.372 Thread 0x00000165f39a1c00 10498       4       org.codehaus.plexus.util.xml.pull.MXParser::isValidCodePoint (64 bytes)
Event: 30.373 Thread 0x00000165f39a1c00 nmethod 10498 0x00000165e5ea5f90 code [0x00000165e5ea6120, 0x00000165e5ea61c0]
Event: 30.373 Thread 0x00000165f39a1c00 10403   !   4       org.eclipse.osgi.internal.weaving.WovenClassImpl::notifyWovenClassListeners (54 bytes)
Event: 30.374 Thread 0x00000165f39a1c00 nmethod 10403 0x00000165e5e8c510 code [0x00000165e5e8c6c0, 0x00000165e5e8c810]
Event: 30.374 Thread 0x00000165f39a1c00 10385       4       java.lang.ref.ReferenceQueue::poll0 (65 bytes)
Event: 30.376 Thread 0x00000165f39a1c00 nmethod 10385 0x00000165e5eb3c10 code [0x00000165e5eb3da0, 0x00000165e5eb3ec8]
Event: 30.376 Thread 0x00000165f39a1c00 10374       4       java.lang.ClassLoader::preDefineClass (118 bytes)
Event: 30.391 Thread 0x00000165f1b09f20 10527       3       sun.nio.ch.FileChannelImpl::ensureOpen (16 bytes)
Event: 30.391 Thread 0x00000165f1b09f20 nmethod 10527 0x00000165de2cd590 code [0x00000165de2cd760, 0x00000165de2cda28]
Event: 30.391 Thread 0x00000165f1b09f20 10529   !   3       org.eclipse.sisu.inject.BeanCache::create (181 bytes)

GC Heap History (20 events):
Event: 29.959 GC heap before
{Heap before GC invocations=424 (full 2):
 PSYoungGen      total 8192K, used 7707K [0x00000000d5580000, 0x00000000d6000000, 0x0000000100000000)
  eden space 6656K, 100% used [0x00000000d5580000,0x00000000d5c00000,0x00000000d5c00000)
  from space 1536K, 68% used [0x00000000d5d00000,0x00000000d5e06c08,0x00000000d5e80000)
  to   space 1536K, 0% used [0x00000000d5e80000,0x00000000d5e80000,0x00000000d6000000)
 ParOldGen       total 455680K, used 455433K [0x0000000080000000, 0x000000009bd00000, 0x00000000d5580000)
  object space 455680K, 99% used [0x0000000080000000,0x000000009bcc2668,0x000000009bd00000)
 Metaspace       used 58104K, committed 59520K, reserved 1114112K
  class space    used 5934K, committed 6528K, reserved 1048576K
}
Event: 29.962 GC heap after
{Heap after GC invocations=424 (full 2):
 PSYoungGen      total 7680K, used 896K [0x00000000d5580000, 0x00000000d5f80000, 0x0000000100000000)
  eden space 6656K, 0% used [0x00000000d5580000,0x00000000d5580000,0x00000000d5c00000)
  from space 1024K, 87% used [0x00000000d5e80000,0x00000000d5f60000,0x00000000d5f80000)
  to   space 1024K, 0% used [0x00000000d5d80000,0x00000000d5d80000,0x00000000d5e80000)
 ParOldGen       total 456704K, used 456316K [0x0000000080000000, 0x000000009be00000, 0x00000000d5580000)
  object space 456704K, 99% used [0x0000000080000000,0x000000009bd9f290,0x000000009be00000)
 Metaspace       used 58104K, committed 59520K, reserved 1114112K
  class space    used 5934K, committed 6528K, reserved 1048576K
}
Event: 29.985 GC heap before
{Heap before GC invocations=425 (full 2):
 PSYoungGen      total 7680K, used 7552K [0x00000000d5580000, 0x00000000d5f80000, 0x0000000100000000)
  eden space 6656K, 100% used [0x00000000d5580000,0x00000000d5c00000,0x00000000d5c00000)
  from space 1024K, 87% used [0x00000000d5e80000,0x00000000d5f60000,0x00000000d5f80000)
  to   space 1024K, 0% used [0x00000000d5d80000,0x00000000d5d80000,0x00000000d5e80000)
 ParOldGen       total 456704K, used 456316K [0x0000000080000000, 0x000000009be00000, 0x00000000d5580000)
  object space 456704K, 99% used [0x0000000080000000,0x000000009bd9f290,0x000000009be00000)
 Metaspace       used 58131K, committed 59520K, reserved 1114112K
  class space    used 5937K, committed 6528K, reserved 1048576K
}
Event: 29.987 GC heap after
{Heap after GC invocations=425 (full 2):
 PSYoungGen      total 7680K, used 982K [0x00000000d5580000, 0x00000000d5f00000, 0x0000000100000000)
  eden space 6656K, 0% used [0x00000000d5580000,0x00000000d5580000,0x00000000d5c00000)
  from space 1024K, 95% used [0x00000000d5d80000,0x00000000d5e75808,0x00000000d5e80000)
  to   space 512K, 0% used [0x00000000d5e80000,0x00000000d5e80000,0x00000000d5f00000)
 ParOldGen       total 457216K, used 456996K [0x0000000080000000, 0x000000009be80000, 0x00000000d5580000)
  object space 457216K, 99% used [0x0000000080000000,0x000000009be49290,0x000000009be80000)
 Metaspace       used 58131K, committed 59520K, reserved 1114112K
  class space    used 5937K, committed 6528K, reserved 1048576K
}
Event: 30.005 GC heap before
{Heap before GC invocations=426 (full 2):
 PSYoungGen      total 7680K, used 7638K [0x00000000d5580000, 0x00000000d5f00000, 0x0000000100000000)
  eden space 6656K, 100% used [0x00000000d5580000,0x00000000d5c00000,0x00000000d5c00000)
  from space 1024K, 95% used [0x00000000d5d80000,0x00000000d5e75808,0x00000000d5e80000)
  to   space 512K, 0% used [0x00000000d5e80000,0x00000000d5e80000,0x00000000d5f00000)
 ParOldGen       total 457216K, used 456996K [0x0000000080000000, 0x000000009be80000, 0x00000000d5580000)
  object space 457216K, 99% used [0x0000000080000000,0x000000009be49290,0x000000009be80000)
 Metaspace       used 58245K, committed 59648K, reserved 1114112K
  class space    used 5950K, committed 6528K, reserved 1048576K
}
Event: 30.007 GC heap after
{Heap after GC invocations=426 (full 2):
 PSYoungGen      total 7168K, used 512K [0x00000000d5580000, 0x00000000d6000000, 0x0000000100000000)
  eden space 6656K, 0% used [0x00000000d5580000,0x00000000d5580000,0x00000000d5c00000)
  from space 512K, 100% used [0x00000000d5e80000,0x00000000d5f00000,0x00000000d5f00000)
  to   space 2048K, 0% used [0x00000000d5c00000,0x00000000d5c00000,0x00000000d5e00000)
 ParOldGen       total 458240K, used 457962K [0x0000000080000000, 0x000000009bf80000, 0x00000000d5580000)
  object space 458240K, 99% used [0x0000000080000000,0x000000009bf3aa98,0x000000009bf80000)
 Metaspace       used 58245K, committed 59648K, reserved 1114112K
  class space    used 5950K, committed 6528K, reserved 1048576K
}
Event: 30.025 GC heap before
{Heap before GC invocations=427 (full 2):
 PSYoungGen      total 7168K, used 7168K [0x00000000d5580000, 0x00000000d6000000, 0x0000000100000000)
  eden space 6656K, 100% used [0x00000000d5580000,0x00000000d5c00000,0x00000000d5c00000)
  from space 512K, 100% used [0x00000000d5e80000,0x00000000d5f00000,0x00000000d5f00000)
  to   space 2048K, 0% used [0x00000000d5c00000,0x00000000d5c00000,0x00000000d5e00000)
 ParOldGen       total 458240K, used 457962K [0x0000000080000000, 0x000000009bf80000, 0x00000000d5580000)
  object space 458240K, 99% used [0x0000000080000000,0x000000009bf3aa98,0x000000009bf80000)
 Metaspace       used 58406K, committed 59840K, reserved 1114112K
  class space    used 5960K, committed 6592K, reserved 1048576K
}
Event: 30.028 GC heap after
{Heap after GC invocations=427 (full 2):
 PSYoungGen      total 8704K, used 736K [0x00000000d5580000, 0x00000000d5f00000, 0x0000000100000000)
  eden space 6656K, 0% used [0x00000000d5580000,0x00000000d5580000,0x00000000d5c00000)
  from space 2048K, 35% used [0x00000000d5c00000,0x00000000d5cb8000,0x00000000d5e00000)
  to   space 1024K, 0% used [0x00000000d5e00000,0x00000000d5e00000,0x00000000d5f00000)
 ParOldGen       total 458752K, used 458486K [0x0000000080000000, 0x000000009c000000, 0x00000000d5580000)
  object space 458752K, 99% used [0x0000000080000000,0x000000009bfbdaa8,0x000000009c000000)
 Metaspace       used 58406K, committed 59840K, reserved 1114112K
  class space    used 5960K, committed 6592K, reserved 1048576K
}
Event: 30.081 GC heap before
{Heap before GC invocations=428 (full 2):
 PSYoungGen      total 8704K, used 7392K [0x00000000d5580000, 0x00000000d5f00000, 0x0000000100000000)
  eden space 6656K, 100% used [0x00000000d5580000,0x00000000d5c00000,0x00000000d5c00000)
  from space 2048K, 35% used [0x00000000d5c00000,0x00000000d5cb8000,0x00000000d5e00000)
  to   space 1024K, 0% used [0x00000000d5e00000,0x00000000d5e00000,0x00000000d5f00000)
 ParOldGen       total 458752K, used 458486K [0x0000000080000000, 0x000000009c000000, 0x00000000d5580000)
  object space 458752K, 99% used [0x0000000080000000,0x000000009bfbdaa8,0x000000009c000000)
 Metaspace       used 58757K, committed 60160K, reserved 1114112K
  class space    used 6003K, committed 6592K, reserved 1048576K
}
Event: 30.083 GC heap after
{Heap after GC invocations=428 (full 2):
 PSYoungGen      total 7680K, used 861K [0x00000000d5580000, 0x00000000d5f00000, 0x0000000100000000)
  eden space 6656K, 0% used [0x00000000d5580000,0x00000000d5580000,0x00000000d5c00000)
  from space 1024K, 84% used [0x00000000d5e00000,0x00000000d5ed74c8,0x00000000d5f00000)
  to   space 1024K, 0% used [0x00000000d5d00000,0x00000000d5d00000,0x00000000d5e00000)
 ParOldGen       total 459264K, used 459122K [0x0000000080000000, 0x000000009c080000, 0x00000000d5580000)
  object space 459264K, 99% used [0x0000000080000000,0x000000009c05cab8,0x000000009c080000)
 Metaspace       used 58757K, committed 60160K, reserved 1114112K
  class space    used 6003K, committed 6592K, reserved 1048576K
}
Event: 30.098 GC heap before
{Heap before GC invocations=429 (full 2):
 PSYoungGen      total 7680K, used 7517K [0x00000000d5580000, 0x00000000d5f00000, 0x0000000100000000)
  eden space 6656K, 100% used [0x00000000d5580000,0x00000000d5c00000,0x00000000d5c00000)
  from space 1024K, 84% used [0x00000000d5e00000,0x00000000d5ed74c8,0x00000000d5f00000)
  to   space 1024K, 0% used [0x00000000d5d00000,0x00000000d5d00000,0x00000000d5e00000)
 ParOldGen       total 459264K, used 459122K [0x0000000080000000, 0x000000009c080000, 0x00000000d5580000)
  object space 459264K, 99% used [0x0000000080000000,0x000000009c05cab8,0x000000009c080000)
 Metaspace       used 58885K, committed 60288K, reserved 1114112K
  class space    used 6020K, committed 6656K, reserved 1048576K
}
Event: 30.100 GC heap after
{Heap after GC invocations=429 (full 2):
 PSYoungGen      total 7680K, used 859K [0x00000000d5580000, 0x00000000d5e80000, 0x0000000100000000)
  eden space 6656K, 0% used [0x00000000d5580000,0x00000000d5580000,0x00000000d5c00000)
  from space 1024K, 83% used [0x00000000d5d00000,0x00000000d5dd6c08,0x00000000d5e00000)
  to   space 512K, 0% used [0x00000000d5e00000,0x00000000d5e00000,0x00000000d5e80000)
 ParOldGen       total 460288K, used 459837K [0x0000000080000000, 0x000000009c180000, 0x00000000d5580000)
  object space 460288K, 99% used [0x0000000080000000,0x000000009c10f680,0x000000009c180000)
 Metaspace       used 58885K, committed 60288K, reserved 1114112K
  class space    used 6020K, committed 6656K, reserved 1048576K
}
Event: 30.102 GC heap before
{Heap before GC invocations=430 (full 2):
 PSYoungGen      total 7680K, used 1496K [0x00000000d5580000, 0x00000000d5e80000, 0x0000000100000000)
  eden space 6656K, 9% used [0x00000000d5580000,0x00000000d561f470,0x00000000d5c00000)
  from space 1024K, 83% used [0x00000000d5d00000,0x00000000d5dd6c08,0x00000000d5e00000)
  to   space 512K, 0% used [0x00000000d5e00000,0x00000000d5e00000,0x00000000d5e80000)
 ParOldGen       total 460288K, used 459837K [0x0000000080000000, 0x000000009c180000, 0x00000000d5580000)
  object space 460288K, 99% used [0x0000000080000000,0x000000009c10f680,0x000000009c180000)
 Metaspace       used 58899K, committed 60352K, reserved 1114112K
  class space    used 6023K, committed 6656K, reserved 1048576K
}
Event: 30.104 GC heap after
{Heap after GC invocations=430 (full 2):
 PSYoungGen      total 7168K, used 224K [0x00000000d5580000, 0x00000000d5e80000, 0x0000000100000000)
  eden space 6656K, 0% used [0x00000000d5580000,0x00000000d5580000,0x00000000d5c00000)
  from space 512K, 43% used [0x00000000d5e00000,0x00000000d5e38000,0x00000000d5e80000)
  to   space 512K, 0% used [0x00000000d5d80000,0x00000000d5d80000,0x00000000d5e00000)
 ParOldGen       total 460800K, used 460592K [0x0000000080000000, 0x000000009c200000, 0x00000000d5580000)
  object space 460800K, 99% used [0x0000000080000000,0x000000009c1cc288,0x000000009c200000)
 Metaspace       used 58899K, committed 60352K, reserved 1114112K
  class space    used 6023K, committed 6656K, reserved 1048576K
}
Event: 30.123 GC heap before
{Heap before GC invocations=431 (full 2):
 PSYoungGen      total 7168K, used 6880K [0x00000000d5580000, 0x00000000d5e80000, 0x0000000100000000)
  eden space 6656K, 100% used [0x00000000d5580000,0x00000000d5c00000,0x00000000d5c00000)
  from space 512K, 43% used [0x00000000d5e00000,0x00000000d5e38000,0x00000000d5e80000)
  to   space 512K, 0% used [0x00000000d5d80000,0x00000000d5d80000,0x00000000d5e00000)
 ParOldGen       total 460800K, used 460592K [0x0000000080000000, 0x000000009c200000, 0x00000000d5580000)
  object space 460800K, 99% used [0x0000000080000000,0x000000009c1cc288,0x000000009c200000)
 Metaspace       used 59065K, committed 60480K, reserved 1114112K
  class space    used 6056K, committed 6656K, reserved 1048576K
}
Event: 30.125 GC heap after
{Heap after GC invocations=431 (full 2):
 PSYoungGen      total 7168K, used 512K [0x00000000d5580000, 0x00000000d5e80000, 0x0000000100000000)
  eden space 6656K, 0% used [0x00000000d5580000,0x00000000d5580000,0x00000000d5c00000)
  from space 512K, 100% used [0x00000000d5d80000,0x00000000d5e00000,0x00000000d5e00000)
  to   space 512K, 0% used [0x00000000d5e00000,0x00000000d5e00000,0x00000000d5e80000)
 ParOldGen       total 460800K, used 460744K [0x0000000080000000, 0x000000009c200000, 0x00000000d5580000)
  object space 460800K, 99% used [0x0000000080000000,0x000000009c1f2288,0x000000009c200000)
 Metaspace       used 59065K, committed 60480K, reserved 1114112K
  class space    used 6056K, committed 6656K, reserved 1048576K
}
Event: 30.238 GC heap before
{Heap before GC invocations=432 (full 2):
 PSYoungGen      total 7168K, used 4883K [0x00000000d5580000, 0x00000000d5e80000, 0x0000000100000000)
  eden space 6656K, 65% used [0x00000000d5580000,0x00000000d59c4ed8,0x00000000d5c00000)
  from space 512K, 100% used [0x00000000d5d80000,0x00000000d5e00000,0x00000000d5e00000)
  to   space 512K, 0% used [0x00000000d5e00000,0x00000000d5e00000,0x00000000d5e80000)
 ParOldGen       total 460800K, used 460744K [0x0000000080000000, 0x000000009c200000, 0x00000000d5580000)
  object space 460800K, 99% used [0x0000000080000000,0x000000009c1f2288,0x000000009c200000)
 Metaspace       used 59263K, committed 60608K, reserved 1114112K
  class space    used 6070K, committed 6656K, reserved 1048576K
}
Event: 30.240 GC heap after
{Heap after GC invocations=432 (full 2):
 PSYoungGen      total 7168K, used 512K [0x00000000d5580000, 0x00000000d5f00000, 0x0000000100000000)
  eden space 6656K, 0% used [0x00000000d5580000,0x00000000d5580000,0x00000000d5c00000)
  from space 512K, 100% used [0x00000000d5e00000,0x00000000d5e80000,0x00000000d5e80000)
  to   space 1536K, 0% used [0x00000000d5c00000,0x00000000d5c00000,0x00000000d5d80000)
 ParOldGen       total 461312K, used 461232K [0x0000000080000000, 0x000000009c280000, 0x00000000d5580000)
  object space 461312K, 99% used [0x0000000080000000,0x000000009c26c288,0x000000009c280000)
 Metaspace       used 59263K, committed 60608K, reserved 1114112K
  class space    used 6070K, committed 6656K, reserved 1048576K
}
Event: 30.241 GC heap before
{Heap before GC invocations=433 (full 3):
 PSYoungGen      total 7168K, used 512K [0x00000000d5580000, 0x00000000d5f00000, 0x0000000100000000)
  eden space 6656K, 0% used [0x00000000d5580000,0x00000000d5580000,0x00000000d5c00000)
  from space 512K, 100% used [0x00000000d5e00000,0x00000000d5e80000,0x00000000d5e80000)
  to   space 1536K, 0% used [0x00000000d5c00000,0x00000000d5c00000,0x00000000d5d80000)
 ParOldGen       total 461312K, used 461232K [0x0000000080000000, 0x000000009c280000, 0x00000000d5580000)
  object space 461312K, 99% used [0x0000000080000000,0x000000009c26c288,0x000000009c280000)
 Metaspace       used 59263K, committed 60608K, reserved 1114112K
  class space    used 6070K, committed 6656K, reserved 1048576K
}
Event: 30.364 GC heap after
{Heap after GC invocations=433 (full 3):
 PSYoungGen      total 7168K, used 0K [0x00000000d5580000, 0x00000000d5f00000, 0x0000000100000000)
  eden space 6656K, 0% used [0x00000000d5580000,0x00000000d5580000,0x00000000d5c00000)
  from space 512K, 0% used [0x00000000d5e00000,0x00000000d5e00000,0x00000000d5e80000)
  to   space 1536K, 0% used [0x00000000d5c00000,0x00000000d5c00000,0x00000000d5d80000)
 ParOldGen       total 461312K, used 164502K [0x0000000080000000, 0x000000009c280000, 0x00000000d5580000)
  object space 461312K, 35% used [0x0000000080000000,0x000000008a0a59a8,0x000000009c280000)
 Metaspace       used 59257K, committed 60608K, reserved 1114112K
  class space    used 6068K, committed 6656K, reserved 1048576K
}

Dll operation events (10 events):
Event: 0.013 Loaded shared library c:\Users\sterl\.vscode\extensions\redhat.java-1.43.1-win32-x64\jre\21.0.7-win32-x86_64\bin\java.dll
Event: 0.080 Loaded shared library c:\Users\sterl\.vscode\extensions\redhat.java-1.43.1-win32-x64\jre\21.0.7-win32-x86_64\bin\zip.dll
Event: 0.102 Loaded shared library C:\Users\sterl\.vscode\extensions\redhat.java-1.43.1-win32-x64\jre\21.0.7-win32-x86_64\bin\instrument.dll
Event: 0.107 Loaded shared library C:\Users\sterl\.vscode\extensions\redhat.java-1.43.1-win32-x64\jre\21.0.7-win32-x86_64\bin\net.dll
Event: 0.109 Loaded shared library C:\Users\sterl\.vscode\extensions\redhat.java-1.43.1-win32-x64\jre\21.0.7-win32-x86_64\bin\nio.dll
Event: 0.113 Loaded shared library C:\Users\sterl\.vscode\extensions\redhat.java-1.43.1-win32-x64\jre\21.0.7-win32-x86_64\bin\zip.dll
Event: 0.131 Loaded shared library C:\Users\sterl\.vscode\extensions\redhat.java-1.43.1-win32-x64\jre\21.0.7-win32-x86_64\bin\jimage.dll
Event: 0.269 Loaded shared library c:\Users\sterl\.vscode\extensions\redhat.java-1.43.1-win32-x64\jre\21.0.7-win32-x86_64\bin\verify.dll
Event: 7.457 Loaded shared library C:\Users\sterl\AppData\Roaming\Code\User\globalStorage\redhat.java\1.43.1\config_win\org.eclipse.equinox.launcher\org.eclipse.equinox.launcher.win32.win32.x86_64_1.2.1300.v20250331-1702\eclipse_11911.dll
Event: 17.685 Loaded shared library C:\Users\sterl\AppData\Local\Temp\jna-109761374\jna10535742414852886116.dll

Deoptimization events (20 events):
Event: 30.111 Thread 0x00000165fc7a42d0 DEOPT PACKING pc=0x00000165e634de58 sp=0x0000005d841fe0e0
Event: 30.111 Thread 0x00000165fc7a42d0 DEOPT UNPACKING pc=0x00000165e57e6da2 sp=0x0000005d841fdfb0 mode 2
Event: 30.113 Thread 0x00000165f9c95a70 Uncommon trap: trap_request=0xffffffde fr.pc=0x00000165e62b7858 relative=0x0000000000000218
Event: 30.113 Thread 0x00000165f9c95a70 Uncommon trap: reason=class_check action=maybe_recompile pc=0x00000165e62b7858 method=jdk.internal.util.StrongReferenceKey.equals(Ljava/lang/Object;)Z @ 1 c2
Event: 30.113 Thread 0x00000165f9c95a70 DEOPT PACKING pc=0x00000165e62b7858 sp=0x0000005d83ffd230
Event: 30.113 Thread 0x00000165f9c95a70 DEOPT UNPACKING pc=0x00000165e57e6da2 sp=0x0000005d83ffd1b8 mode 2
Event: 30.114 Thread 0x00000165f9c95a70 Uncommon trap: trap_request=0xffffffde fr.pc=0x00000165e62b7858 relative=0x0000000000000218
Event: 30.114 Thread 0x00000165f9c95a70 Uncommon trap: reason=class_check action=maybe_recompile pc=0x00000165e62b7858 method=jdk.internal.util.StrongReferenceKey.equals(Ljava/lang/Object;)Z @ 1 c2
Event: 30.114 Thread 0x00000165f9c95a70 DEOPT PACKING pc=0x00000165e62b7858 sp=0x0000005d83ffdd30
Event: 30.114 Thread 0x00000165f9c95a70 DEOPT UNPACKING pc=0x00000165e57e6da2 sp=0x0000005d83ffdcb8 mode 2
Event: 30.114 Thread 0x00000165fc7a42d0 Uncommon trap: trap_request=0xffffffde fr.pc=0x00000165e62b7858 relative=0x0000000000000218
Event: 30.114 Thread 0x00000165fc7a42d0 Uncommon trap: reason=class_check action=maybe_recompile pc=0x00000165e62b7858 method=jdk.internal.util.StrongReferenceKey.equals(Ljava/lang/Object;)Z @ 1 c2
Event: 30.114 Thread 0x00000165fc7a42d0 DEOPT PACKING pc=0x00000165e62b7858 sp=0x0000005d841fd030
Event: 30.114 Thread 0x00000165fc7a42d0 DEOPT UNPACKING pc=0x00000165e57e6da2 sp=0x0000005d841fcfb8 mode 2
Event: 30.181 Thread 0x00000165fc7a7de0 DEOPT PACKING pc=0x00000165dec6fe26 sp=0x0000005d842fe1f0
Event: 30.181 Thread 0x00000165fc7a7de0 DEOPT UNPACKING pc=0x00000165e57e78e2 sp=0x0000005d842fd748 mode 0
Event: 30.222 Thread 0x00000165fc7a7de0 Uncommon trap: trap_request=0xffffff45 fr.pc=0x00000165e652e4d0 relative=0x0000000000000f50
Event: 30.222 Thread 0x00000165fc7a7de0 Uncommon trap: reason=unstable_if action=reinterpret pc=0x00000165e652e4d0 method=org.codehaus.plexus.util.xml.pull.MXParser.nextImpl()I @ 973 c2
Event: 30.222 Thread 0x00000165fc7a7de0 DEOPT PACKING pc=0x00000165e652e4d0 sp=0x0000005d842fe3d0
Event: 30.222 Thread 0x00000165fc7a7de0 DEOPT UNPACKING pc=0x00000165e57e6da2 sp=0x0000005d842fe348 mode 2

Classes loaded (20 events):
Event: 27.899 Loading class java/nio/file/Files$2
Event: 27.899 Loading class java/nio/file/Files$2 done
Event: 27.997 Loading class java/util/concurrent/ArrayBlockingQueue
Event: 27.999 Loading class java/util/concurrent/ArrayBlockingQueue done
Event: 28.088 Loading class java/util/Hashtable$ValueCollection
Event: 28.088 Loading class java/util/Hashtable$ValueCollection done
Event: 28.098 Loading class java/util/concurrent/ConcurrentHashMap$KeySpliterator
Event: 28.098 Loading class java/util/concurrent/ConcurrentHashMap$KeySpliterator done
Event: 28.103 Loading class java/util/stream/ReferencePipeline$4
Event: 28.103 Loading class java/util/stream/ReferencePipeline$4 done
Event: 28.104 Loading class java/util/stream/Nodes$IntFixedNodeBuilder
Event: 28.104 Loading class java/util/stream/Node$Builder$OfInt
Event: 28.104 Loading class java/util/stream/Node$Builder$OfInt done
Event: 28.104 Loading class java/util/stream/Nodes$IntArrayNode
Event: 28.104 Loading class java/util/stream/Nodes$IntArrayNode done
Event: 28.104 Loading class java/util/stream/Nodes$IntFixedNodeBuilder done
Event: 28.104 Loading class java/util/stream/ReferencePipeline$4$1
Event: 28.104 Loading class java/util/stream/ReferencePipeline$4$1 done
Event: 28.111 Loading class sun/nio/ch/ChannelOutputStream
Event: 28.111 Loading class sun/nio/ch/ChannelOutputStream done

Classes unloaded (11 events):
Event: 18.087 Thread 0x00000165d8c828b0 Unloading class 0x00000165811a3000 'java/lang/invoke/LambdaForm$MH+0x00000165811a3000'
Event: 18.087 Thread 0x00000165d8c828b0 Unloading class 0x00000165811a2c00 'java/lang/invoke/LambdaForm$MH+0x00000165811a2c00'
Event: 18.087 Thread 0x00000165d8c828b0 Unloading class 0x00000165811a2800 'java/lang/invoke/LambdaForm$MH+0x00000165811a2800'
Event: 18.087 Thread 0x00000165d8c828b0 Unloading class 0x00000165811a2400 'java/lang/invoke/LambdaForm$MH+0x00000165811a2400'
Event: 18.087 Thread 0x00000165d8c828b0 Unloading class 0x00000165811a2000 'java/lang/invoke/LambdaForm$BMH+0x00000165811a2000'
Event: 18.087 Thread 0x00000165d8c828b0 Unloading class 0x00000165811a1c00 'java/lang/invoke/LambdaForm$DMH+0x00000165811a1c00'
Event: 18.087 Thread 0x00000165d8c828b0 Unloading class 0x00000165811a0800 'java/lang/invoke/LambdaForm$DMH+0x00000165811a0800'
Event: 30.260 Thread 0x00000165d8c828b0 Unloading class 0x0000016581684800 'java/lang/invoke/LambdaForm$DMH+0x0000016581684800'
Event: 30.260 Thread 0x00000165d8c828b0 Unloading class 0x0000016581685000 'java/lang/invoke/LambdaForm$DMH+0x0000016581685000'
Event: 30.260 Thread 0x00000165d8c828b0 Unloading class 0x0000016581684c00 'java/lang/invoke/LambdaForm$DMH+0x0000016581684c00'
Event: 30.260 Thread 0x00000165d8c828b0 Unloading class 0x0000016581684000 'java/lang/invoke/LambdaForm$DMH+0x0000016581684000'

Classes redefined (0 events):
No events

Internal exceptions (20 events):
Event: 28.253 Thread 0x00000165f82e14f0 Exception <a 'sun/nio/fs/WindowsException'{0x00000000d57f6cf8}> (0x00000000d57f6cf8) 
thrown [s\src\hotspot\share\prims\jni.cpp, line 520]
Event: 28.284 Thread 0x00000165f82e14f0 Exception <a 'sun/nio/fs/WindowsException'{0x00000000d5a49ea0}> (0x00000000d5a49ea0) 
thrown [s\src\hotspot\share\prims\jni.cpp, line 520]
Event: 28.369 Thread 0x00000165f82e14f0 Exception <a 'sun/nio/fs/WindowsException'{0x00000000d588c918}> (0x00000000d588c918) 
thrown [s\src\hotspot\share\prims\jni.cpp, line 520]
Event: 28.380 Thread 0x00000165f9c981d0 Implicit null exception at 0x00000165e5dbb5d7 to 0x00000165e5dbb612
Event: 28.412 Thread 0x00000165f9c981d0 Exception <a 'java/lang/NoSuchMethodError'{0x00000000d5b65a38}: 'void java.lang.invoke.DirectMethodHandle$Holder.invokeStatic(java.lang.Object, int, java.lang.Object)'> (0x00000000d5b65a38) 
thrown [s\src\hotspot\share\interpreter\linkResolver.cpp, line 773]
Event: 28.457 Thread 0x00000165f82e14f0 Exception <a 'sun/nio/fs/WindowsException'{0x00000000d561dfb8}> (0x00000000d561dfb8) 
thrown [s\src\hotspot\share\prims\jni.cpp, line 520]
Event: 28.487 Thread 0x00000165f9c981d0 Implicit null exception at 0x00000165e63fe4ca to 0x00000165e63fe548
Event: 28.768 Thread 0x00000165f82e14f0 Exception <a 'sun/nio/fs/WindowsException'{0x00000000d567a250}> (0x00000000d567a250) 
thrown [s\src\hotspot\share\prims\jni.cpp, line 520]
Event: 29.457 Thread 0x00000165f82e3c50 Exception <a 'sun/nio/fs/WindowsException'{0x00000000d56d84e8}> (0x00000000d56d84e8) 
thrown [s\src\hotspot\share\prims\jni.cpp, line 520]
Event: 29.457 Thread 0x00000165fb395790 Exception <a 'sun/nio/fs/WindowsException'{0x00000000d56d9d98}> (0x00000000d56d9d98) 
thrown [s\src\hotspot\share\prims\jni.cpp, line 520]
Event: 29.458 Thread 0x00000165f82e07d0 Exception <a 'sun/nio/fs/WindowsException'{0x00000000d56dcac8}> (0x00000000d56dcac8) 
thrown [s\src\hotspot\share\prims\jni.cpp, line 520]
Event: 29.675 Thread 0x00000165f82e14f0 Exception <a 'sun/nio/fs/WindowsException'{0x00000000d5671b38}> (0x00000000d5671b38) 
thrown [s\src\hotspot\share\prims\jni.cpp, line 520]
Event: 29.804 Thread 0x00000165f9c981d0 Exception <a 'java/lang/NoSuchMethodError'{0x00000000d5b17358}: 'void java.lang.invoke.DirectMethodHandle$Holder.invokeVirtual(java.lang.Object, java.lang.Object, java.lang.Object, java.lang.Object, java.lang.Object)'> (0x00000000d5b17358) 
thrown [s\src\hotspot\share\interpreter\linkResolver.cpp, line 773]
Event: 29.900 Thread 0x00000165f82e14f0 Exception <a 'sun/nio/fs/WindowsException'{0x00000000d565b928}> (0x00000000d565b928) 
thrown [s\src\hotspot\share\prims\jni.cpp, line 520]
Event: 29.951 Thread 0x00000165f82e3c50 Exception <a 'sun/nio/fs/WindowsException'{0x00000000d58ae610}> (0x00000000d58ae610) 
thrown [s\src\hotspot\share\prims\jni.cpp, line 520]
Event: 29.951 Thread 0x00000165f82e3c50 Exception <a 'sun/nio/fs/WindowsException'{0x00000000d58aec40}> (0x00000000d58aec40) 
thrown [s\src\hotspot\share\prims\jni.cpp, line 520]
Event: 30.060 Thread 0x00000165f82e3c50 Exception <a 'java/lang/NoSuchMethodError'{0x00000000d5a401c8}: 'void java.lang.invoke.DirectMethodHandle$Holder.invokeStatic(java.lang.Object, java.lang.Object, java.lang.Object, int)'> (0x00000000d5a401c8) 
thrown [s\src\hotspot\share\interpreter\linkResolver.cpp, line 773]
Event: 30.066 Thread 0x00000165f82e3c50 Exception <a 'java/lang/NoSuchMethodError'{0x00000000d5a65798}: 'void java.lang.invoke.DirectMethodHandle$Holder.invokeVirtual(java.lang.Object, java.lang.Object, int)'> (0x00000000d5a65798) 
thrown [s\src\hotspot\share\interpreter\linkResolver.cpp, line 773]
Event: 30.066 Thread 0x00000165f82e14f0 Exception <a 'sun/nio/fs/WindowsException'{0x00000000d59605d8}> (0x00000000d59605d8) 
thrown [s\src\hotspot\share\prims\jni.cpp, line 520]
Event: 30.090 Thread 0x00000165f82e3c50 Exception <a 'java/lang/NoSuchMethodError'{0x00000000d58c3128}: 'void java.lang.invoke.DirectMethodHandle$Holder.invokeInterface(java.lang.Object, java.lang.Object)'> (0x00000000d58c3128) 
thrown [s\src\hotspot\share\interpreter\linkResolver.cpp, line 773]

ZGC Phase Switch (0 events):
No events

VM Operations (20 events):
Event: 30.025 Executing VM operation: ParallelGCFailedAllocation (Allocation Failure)
Event: 30.028 Executing VM operation: ParallelGCFailedAllocation (Allocation Failure) done
Event: 30.081 Executing VM operation: ParallelGCFailedAllocation (Allocation Failure)
Event: 30.083 Executing VM operation: ParallelGCFailedAllocation (Allocation Failure) done
Event: 30.098 Executing VM operation: ParallelGCFailedAllocation (Allocation Failure)
Event: 30.100 Executing VM operation: ParallelGCFailedAllocation (Allocation Failure) done
Event: 30.102 Executing VM operation: CollectForMetadataAllocation (Metadata GC Threshold)
Event: 30.102 Executing VM operation: CollectForMetadataAllocation (Metadata GC Threshold) done
Event: 30.102 Executing VM operation: ParallelGCSystemGC (GCLocker Initiated GC)
Event: 30.104 Executing VM operation: ParallelGCSystemGC (GCLocker Initiated GC) done
Event: 30.104 Executing VM operation: CollectForMetadataAllocation (Metadata GC Threshold)
Event: 30.104 Executing VM operation: CollectForMetadataAllocation (Metadata GC Threshold) done
Event: 30.104 Executing VM operation: CollectForMetadataAllocation (Metadata GC Threshold)
Event: 30.104 Executing VM operation: CollectForMetadataAllocation (Metadata GC Threshold) done
Event: 30.104 Executing VM operation: CollectForMetadataAllocation (Metadata GC Threshold)
Event: 30.104 Executing VM operation: CollectForMetadataAllocation (Metadata GC Threshold) done
Event: 30.123 Executing VM operation: ParallelGCFailedAllocation (Allocation Failure)
Event: 30.126 Executing VM operation: ParallelGCFailedAllocation (Allocation Failure) done
Event: 30.238 Executing VM operation: CollectForMetadataAllocation (Metadata GC Threshold)
Event: 30.364 Executing VM operation: CollectForMetadataAllocation (Metadata GC Threshold) done

Memory protections (0 events):
No events

Nmethod flushes (20 events):
Event: 30.287 Thread 0x00000165d8c828b0 flushing  nmethod 0x00000165deaf2390
Event: 30.287 Thread 0x00000165d8c828b0 flushing  nmethod 0x00000165deafd590
Event: 30.287 Thread 0x00000165d8c828b0 flushing  nmethod 0x00000165deb00990
Event: 30.287 Thread 0x00000165d8c828b0 flushing  nmethod 0x00000165deb01310
Event: 30.287 Thread 0x00000165d8c828b0 flushing  nmethod 0x00000165deb01910
Event: 30.287 Thread 0x00000165d8c828b0 flushing  nmethod 0x00000165deb02990
Event: 30.287 Thread 0x00000165d8c828b0 flushing  nmethod 0x00000165deb03890
Event: 30.287 Thread 0x00000165d8c828b0 flushing  nmethod 0x00000165deb0a010
Event: 30.287 Thread 0x00000165d8c828b0 flushing  nmethod 0x00000165deb10110
Event: 30.287 Thread 0x00000165d8c828b0 flushing  nmethod 0x00000165deb17190
Event: 30.287 Thread 0x00000165d8c828b0 flushing  nmethod 0x00000165deb18090
Event: 30.287 Thread 0x00000165d8c828b0 flushing  nmethod 0x00000165deb1b590
Event: 30.287 Thread 0x00000165d8c828b0 flushing  nmethod 0x00000165deb1ca90
Event: 30.287 Thread 0x00000165d8c828b0 flushing  nmethod 0x00000165deb1cf10
Event: 30.287 Thread 0x00000165d8c828b0 flushing  nmethod 0x00000165deb1ef10
Event: 30.287 Thread 0x00000165d8c828b0 flushing  nmethod 0x00000165deb4ca90
Event: 30.287 Thread 0x00000165d8c828b0 flushing  nmethod 0x00000165debba910
Event: 30.287 Thread 0x00000165d8c828b0 flushing  nmethod 0x00000165debf3610
Event: 30.287 Thread 0x00000165d8c828b0 flushing  nmethod 0x00000165dec1f910
Event: 30.287 Thread 0x00000165d8c828b0 flushing  nmethod 0x00000165dec69d90

Events (20 events):
Event: 26.717 Thread 0x00000165fb395e20 Thread added: 0x00000165f9c939a0
Event: 26.717 Thread 0x00000165fb393d50 Thread added: 0x00000165f9c93310
Event: 26.777 Thread 0x00000165f82e3c50 Thread added: 0x00000165f9c925f0
Event: 26.777 Thread 0x00000165f82e3c50 Thread added: 0x00000165f9c91240
Event: 26.777 Thread 0x00000165f82e3c50 Thread added: 0x00000165f9c946c0
Event: 26.777 Thread 0x00000165f82e3c50 Thread added: 0x00000165f9c94d50
Event: 26.777 Thread 0x00000165f9c91240 Thread added: 0x00000165f9c94030
Event: 26.777 Thread 0x00000165f9c925f0 Thread added: 0x00000165f9c918d0
Event: 28.000 Thread 0x00000165f82e3c50 Thread added: 0x00000165f9c981d0
Event: 28.102 Thread 0x00000165f82e3c50 Thread added: 0x00000165f9c974b0
Event: 28.224 Thread 0x00000165f82e3c50 Thread added: 0x00000165f9c98860
Event: 28.288 Thread 0x00000165f82e3c50 Thread added: 0x00000165f9c96100
Event: 28.321 Thread 0x00000165f82e3c50 Thread added: 0x00000165f9c96790
Event: 28.334 Thread 0x00000165f82e3c50 Thread added: 0x00000165f9c96e20
Event: 28.352 Thread 0x00000165f82e3c50 Thread added: 0x00000165f9c97b40
Event: 30.094 Thread 0x00000165f82e3c50 Thread added: 0x00000165f9c95a70
Event: 30.095 Thread 0x00000165f82e3c50 Thread added: 0x00000165fc7a7750
Event: 30.095 Thread 0x00000165f82e3c50 Thread added: 0x00000165fc7a42d0
Event: 30.095 Thread 0x00000165f82e3c50 Thread added: 0x00000165fc7a7de0
Event: 30.095 Thread 0x00000165f82e3c50 Thread added: 0x00000165fc7a70c0


Dynamic libraries:
0x00007ff69fa30000 - 0x00007ff69fa3e000 	c:\Users\sterl\.vscode\extensions\redhat.java-1.43.1-win32-x64\jre\21.0.7-win32-x86_64\bin\java.exe
0x00007ffb45fc0000 - 0x00007ffb46228000 	C:\WINDOWS\SYSTEM32\ntdll.dll
0x00007ffb44d20000 - 0x00007ffb44de9000 	C:\WINDOWS\System32\KERNEL32.DLL
0x00007ffb43970000 - 0x00007ffb43d5d000 	C:\WINDOWS\System32\KERNELBASE.dll
0x00007ffb435e0000 - 0x00007ffb4372b000 	C:\WINDOWS\System32\ucrtbase.dll
0x00007ffb11a50000 - 0x00007ffb11a68000 	c:\Users\sterl\.vscode\extensions\redhat.java-1.43.1-win32-x64\jre\21.0.7-win32-x86_64\bin\jli.dll
0x00007ffb43d60000 - 0x00007ffb43f2c000 	C:\WINDOWS\System32\USER32.dll
0x00007ffb435b0000 - 0x00007ffb435d7000 	C:\WINDOWS\System32\win32u.dll
0x00007ffb45cc0000 - 0x00007ffb45ceb000 	C:\WINDOWS\System32\GDI32.dll
0x00007ffb42500000 - 0x00007ffb4279a000 	C:\WINDOWS\WinSxS\amd64_microsoft.windows.common-controls_6595b64144ccf1df_6.0.26100.4484_none_3e0e6d4ce32ef3b3\COMCTL32.dll
0x00007ffb43110000 - 0x00007ffb43247000 	C:\WINDOWS\System32\gdi32full.dll
0x00007ffb45ed0000 - 0x00007ffb45f79000 	C:\WINDOWS\System32\msvcrt.dll
0x00007ffb43470000 - 0x00007ffb43513000 	C:\WINDOWS\System32\msvcp_win.dll
0x00007ffb2a020000 - 0x00007ffb2a03e000 	c:\Users\sterl\.vscode\extensions\redhat.java-1.43.1-win32-x64\jre\21.0.7-win32-x86_64\bin\VCRUNTIME140.dll
0x00007ffb44c60000 - 0x00007ffb44c8f000 	C:\WINDOWS\System32\IMM32.DLL
0x00007ffb30950000 - 0x00007ffb3095c000 	c:\Users\sterl\.vscode\extensions\redhat.java-1.43.1-win32-x64\jre\21.0.7-win32-x86_64\bin\vcruntime140_1.dll
0x00007ffaede10000 - 0x00007ffaede9d000 	c:\Users\sterl\.vscode\extensions\redhat.java-1.43.1-win32-x64\jre\21.0.7-win32-x86_64\bin\msvcp140.dll
0x00007ffa970b0000 - 0x00007ffa97e40000 	c:\Users\sterl\.vscode\extensions\redhat.java-1.43.1-win32-x64\jre\21.0.7-win32-x86_64\bin\server\jvm.dll
0x00007ffb44210000 - 0x00007ffb442c4000 	C:\WINDOWS\System32\ADVAPI32.dll
0x00007ffb43f30000 - 0x00007ffb43fd6000 	C:\WINDOWS\System32\sechost.dll
0x00007ffb44550000 - 0x00007ffb44668000 	C:\WINDOWS\System32\RPCRT4.dll
0x00007ffb44ca0000 - 0x00007ffb44d14000 	C:\WINDOWS\System32\WS2_32.dll
0x00007ffb42f60000 - 0x00007ffb42fbe000 	C:\WINDOWS\SYSTEM32\POWRPROF.dll
0x00007ffb39c20000 - 0x00007ffb39c55000 	C:\WINDOWS\SYSTEM32\WINMM.dll
0x00007ffb33940000 - 0x00007ffb3394b000 	C:\WINDOWS\SYSTEM32\VERSION.dll
0x00007ffb42f40000 - 0x00007ffb42f54000 	C:\WINDOWS\SYSTEM32\UMPDC.dll
0x00007ffb41570000 - 0x00007ffb4158b000 	C:\WINDOWS\SYSTEM32\kernel.appcore.dll
0x00007ffb29f70000 - 0x00007ffb29f7a000 	c:\Users\sterl\.vscode\extensions\redhat.java-1.43.1-win32-x64\jre\21.0.7-win32-x86_64\bin\jimage.dll
0x00007ffb428c0000 - 0x00007ffb42b01000 	C:\WINDOWS\SYSTEM32\DBGHELP.DLL
0x00007ffb44800000 - 0x00007ffb44b86000 	C:\WINDOWS\System32\combase.dll
0x00007ffb44060000 - 0x00007ffb44140000 	C:\WINDOWS\System32\OLEAUT32.dll
0x00007ffb427a0000 - 0x00007ffb427e3000 	C:\WINDOWS\SYSTEM32\dbgcore.DLL
0x00007ffb433d0000 - 0x00007ffb43469000 	C:\WINDOWS\System32\bcryptPrimitives.dll
0x00007ffb24560000 - 0x00007ffb2456f000 	c:\Users\sterl\.vscode\extensions\redhat.java-1.43.1-win32-x64\jre\21.0.7-win32-x86_64\bin\instrument.dll
0x00007ffaf1ad0000 - 0x00007ffaf1aef000 	c:\Users\sterl\.vscode\extensions\redhat.java-1.43.1-win32-x64\jre\21.0.7-win32-x86_64\bin\java.dll
0x00007ffb45470000 - 0x00007ffb45bba000 	C:\WINDOWS\System32\SHELL32.dll
0x00007ffb43730000 - 0x00007ffb438a4000 	C:\WINDOWS\System32\wintypes.dll
0x00007ffb402b0000 - 0x00007ffb40b0b000 	C:\WINDOWS\SYSTEM32\windows.storage.dll
0x00007ffb45bc0000 - 0x00007ffb45cb5000 	C:\WINDOWS\System32\SHCORE.dll
0x00007ffb43fe0000 - 0x00007ffb4404a000 	C:\WINDOWS\System32\shlwapi.dll
0x00007ffb43020000 - 0x00007ffb4304f000 	C:\WINDOWS\SYSTEM32\profapi.dll
0x00007ffaf1ab0000 - 0x00007ffaf1ac8000 	c:\Users\sterl\.vscode\extensions\redhat.java-1.43.1-win32-x64\jre\21.0.7-win32-x86_64\bin\zip.dll
0x00007ffb1d900000 - 0x00007ffb1d910000 	C:\Users\sterl\.vscode\extensions\redhat.java-1.43.1-win32-x64\jre\21.0.7-win32-x86_64\bin\net.dll
0x00007ffb39ad0000 - 0x00007ffb39bee000 	C:\WINDOWS\SYSTEM32\WINHTTP.dll
0x00007ffb41b00000 - 0x00007ffb41b6a000 	C:\WINDOWS\system32\mswsock.dll
0x00007ffab7ff0000 - 0x00007ffab8006000 	C:\Users\sterl\.vscode\extensions\redhat.java-1.43.1-win32-x64\jre\21.0.7-win32-x86_64\bin\nio.dll
0x00007ffb11a40000 - 0x00007ffb11a50000 	c:\Users\sterl\.vscode\extensions\redhat.java-1.43.1-win32-x64\jre\21.0.7-win32-x86_64\bin\verify.dll
0x00007ffad96f0000 - 0x00007ffad9735000 	C:\Users\sterl\AppData\Roaming\Code\User\globalStorage\redhat.java\1.43.1\config_win\org.eclipse.equinox.launcher\org.eclipse.equinox.launcher.win32.win32.x86_64_1.2.1300.v20250331-1702\eclipse_11911.dll
0x00007ffb442e0000 - 0x00007ffb4447e000 	C:\WINDOWS\System32\ole32.dll
0x00007ffb42c30000 - 0x00007ffb42c4b000 	C:\WINDOWS\SYSTEM32\CRYPTSP.dll
0x00007ffb41a20000 - 0x00007ffb41a5b000 	C:\WINDOWS\system32\rsaenh.dll
0x00007ffb41ba0000 - 0x00007ffb41bcb000 	C:\WINDOWS\SYSTEM32\USERENV.dll
0x00007ffb42ff0000 - 0x00007ffb43016000 	C:\WINDOWS\SYSTEM32\bcrypt.dll
0x00007ffb41de0000 - 0x00007ffb41dec000 	C:\WINDOWS\SYSTEM32\CRYPTBASE.dll
0x00007ffb41050000 - 0x00007ffb41083000 	C:\WINDOWS\SYSTEM32\IPHLPAPI.DLL
0x00007ffb44050000 - 0x00007ffb4405a000 	C:\WINDOWS\System32\NSI.dll
0x00007ffad9650000 - 0x00007ffad9699000 	C:\Users\sterl\AppData\Local\Temp\jna-109761374\jna10535742414852886116.dll
0x00007ffb44200000 - 0x00007ffb44208000 	C:\WINDOWS\System32\PSAPI.DLL
0x00007ffb3b4e0000 - 0x00007ffb3b4ff000 	C:\WINDOWS\SYSTEM32\dhcpcsvc6.DLL
0x00007ffb39c60000 - 0x00007ffb39c85000 	C:\WINDOWS\SYSTEM32\dhcpcsvc.DLL

dbghelp: loaded successfully - version: 4.0.5 - missing functions: none
symbol engine: initialized successfully - sym options: 0x614 - pdb path: .;c:\Users\sterl\.vscode\extensions\redhat.java-1.43.1-win32-x64\jre\21.0.7-win32-x86_64\bin;C:\WINDOWS\SYSTEM32;C:\WINDOWS\WinSxS\amd64_microsoft.windows.common-controls_6595b64144ccf1df_6.0.26100.4484_none_3e0e6d4ce32ef3b3;c:\Users\sterl\.vscode\extensions\redhat.java-1.43.1-win32-x64\jre\21.0.7-win32-x86_64\bin\server;C:\Users\sterl\AppData\Roaming\Code\User\globalStorage\redhat.java\1.43.1\config_win\org.eclipse.equinox.launcher\org.eclipse.equinox.launcher.win32.win32.x86_64_1.2.1300.v20250331-1702;C:\Users\sterl\AppData\Local\Temp\jna-109761374

VM Arguments:
jvm_args: --add-modules=ALL-SYSTEM --add-opens=java.base/java.util=ALL-UNNAMED --add-opens=java.base/java.lang=ALL-UNNAMED --add-opens=java.base/sun.nio.fs=ALL-UNNAMED -Declipse.application=org.eclipse.jdt.ls.core.id1 -Dosgi.bundles.defaultStartLevel=4 -Declipse.product=org.eclipse.jdt.ls.core.product -Djava.import.generatesMetadataFilesAtProjectRoot=false -DDetectVMInstallationsJob.disabled=true -Dfile.encoding=utf8 -XX:+UseParallelGC -XX:GCTimeRatio=4 -XX:AdaptiveSizePolicyWeight=90 -Dsun.zip.disableMemoryMapping=true -Xmx2G -Xms100m -Xlog:disable -javaagent:c:\Users\sterl\.vscode\extensions\redhat.java-1.43.1-win32-x64\lombok\lombok-1.18.39-4050.jar -XX:+HeapDumpOnOutOfMemoryError -XX:HeapDumpPath=c:\Users\sterl\AppData\Roaming\Code\User\workspaceStorage\76b817beaaff0acf881965c92f09875f\redhat.java -Daether.dependencyCollector.impl=bf 
java_command: c:\Users\sterl\.vscode\extensions\redhat.java-1.43.1-win32-x64\server\plugins\org.eclipse.equinox.launcher_1.7.0.v20250519-0528.jar -configuration c:\Users\sterl\AppData\Roaming\Code\User\globalStorage\redhat.java\1.43.1\config_win -data c:\Users\sterl\AppData\Roaming\Code\User\workspaceStorage\76b817beaaff0acf881965c92f09875f\redhat.java\jdt_ws --pipe=\\.\pipe\lsp-7431d9188209bcab026f81401f41f69d-sock
java_class_path (initial): c:\Users\sterl\.vscode\extensions\redhat.java-1.43.1-win32-x64\server\plugins\org.eclipse.equinox.launcher_1.7.0.v20250519-0528.jar
Launcher Type: SUN_STANDARD

[Global flags]
    uintx AdaptiveSizePolicyWeight                 = 90                                        {product} {command line}
     intx CICompilerCount                          = 4                                         {product} {ergonomic}
    uintx GCTimeRatio                              = 4                                         {product} {command line}
     bool HeapDumpOnOutOfMemoryError               = true                                   {manageable} {command line}
    ccstr HeapDumpPath                             = c:\Users\sterl\AppData\Roaming\Code\User\workspaceStorage\76b817beaaff0acf881965c92f09875f\redhat.java         {manageable} {command line}
   size_t InitialHeapSize                          = 104857600                                 {product} {command line}
   size_t MaxHeapSize                              = 2147483648                                {product} {command line}
   size_t MaxNewSize                               = 715653120                                 {product} {ergonomic}
   size_t MinHeapDeltaBytes                        = 524288                                    {product} {ergonomic}
   size_t MinHeapSize                              = 104857600                                 {product} {command line}
   size_t NewSize                                  = 34603008                                  {product} {ergonomic}
    uintx NonNMethodCodeHeapSize                   = 5839372                                {pd product} {ergonomic}
    uintx NonProfiledCodeHeapSize                  = 122909434                              {pd product} {ergonomic}
   size_t OldSize                                  = 70254592                                  {product} {ergonomic}
    uintx ProfiledCodeHeapSize                     = 122909434                              {pd product} {ergonomic}
    uintx ReservedCodeCacheSize                    = 251658240                              {pd product} {ergonomic}
     bool SegmentedCodeCache                       = true                                      {product} {ergonomic}
   size_t SoftMaxHeapSize                          = 2147483648                             {manageable} {ergonomic}
     bool UseCompressedOops                        = true                           {product lp64_product} {ergonomic}
     bool UseLargePagesIndividualAllocation        = false                                  {pd product} {ergonomic}
     bool UseParallelGC                            = true                                      {product} {command line}

Logging:
Log output configuration:
 #0: stdout all=off uptime,level,tags foldmultilines=false
 #1: stderr all=off uptime,level,tags foldmultilines=false

Environment Variables:
JAVA_HOME=C:\Program Files\Java\jdk-17
PATH=C:\Program Files\Common Files\Oracle\Java\javapath;C:\Program Files (x86)\Embarcadero\Studio\23.0\bin;C:\Users\Public\Documents\Embarcadero\Studio\23.0\Bpl;C:\Program Files (x86)\Embarcadero\Studio\23.0\bin64;C:\Users\Public\Documents\Embarcadero\Studio\23.0\Bpl\Win64;C:\windows\system32;C:\windows;C:\windows\System32\Wbem;C:\windows\System32\WindowsPowerShell\v1.0\;C:\windows\System32\OpenSSH\;C:\msys64\mingw64\bin;C:\Program Files\dotnet\;C;C:\Program Files\Azure Data Studio\bin;C:\Program Files (x86)\Microsoft SQL Server\160\Tools\Binn\;C:\Program Files\Microsoft SQL Server\160\Tools\Binn\;C:\Program Files\Microsoft SQL Server\Client SDK\ODBC\170\Tools\Binn\;C:\Program Files\Microsoft SQL Server\160\DTS\Binn\;C:\Program Files (x86)\Microsoft SQL Server\160\DTS\Binn\;C:\Program Files\Git\cmd;C:\Program Files\HP\HP One Agent;C:\Program Files (x86)\Windows Kits\10\Windows Performance Toolkit\;C:\WINDOWS\system32;C:\WINDOWS;C:\WINDOWS\System32\Wbem;C:\WINDOWS\System32\WindowsPowerShell\v1.0\;C:\WINDOWS\System32\OpenSSH\;C:\Program Files\nodejs\;C:\ProgramData\chocolatey\bin;C:\Program Files\Java\jdk-17\bin;C:\Program Files\Apache\Maven\apache-maven-3.9.9\bin;C:\Program Files\MySQL\MySQL Shell 8.0\bin\;C:\Users\sterl\AppData\Local\Programs\Python\Python313\Scripts\;C:\Users\sterl\AppData\Local\Programs\Python\Python313\;C:\Users\sterl\AppData\Local\Programs\Python\Launcher\;C:\Users\sterl\AppData\Local\Microsoft\WindowsApps;;C:\Users\sterl\AppData\Local\Programs\Microsoft VS Code\bin;C:\Program Files (x86)\Brackets\;C:\Users\sterl\.dotnet\tools;C:\Program Files\Azure Data Studio\bin;C:\Users\sterl\AppData\Roaming\npm
USERNAME=sterl
OS=Windows_NT
PROCESSOR_IDENTIFIER=Intel64 Family 6 Model 140 Stepping 2, GenuineIntel
TMP=C:\Users\sterl\AppData\Local\Temp
TEMP=C:\Users\sterl\AppData\Local\Temp




Periodic native trim disabled

---------------  S Y S T E M  ---------------

OS:
 Windows 11 , 64 bit Build 26100 (10.0.26100.4484)
OS uptime: 2 days 13:32 hours
Hyper-V role detected

CPU: total 8 (initial active 8) (4 cores per cpu, 2 threads per core) family 6 model 140 stepping 2 microcode 0x34, cx8, cmov, fxsr, ht, mmx, 3dnowpref, sse, sse2, sse3, ssse3, sse4.1, sse4.2, popcnt, lzcnt, tsc, tscinvbit, avx, avx2, aes, erms, clmul, bmi1, bmi2, adx, avx512f, avx512dq, avx512cd, avx512bw, avx512vl, sha, fma, vzeroupper, avx512_vpopcntdq, avx512_vpclmulqdq, avx512_vaes, avx512_vnni, clflush, clflushopt, clwb, avx512_vbmi2, avx512_vbmi, hv, rdtscp, rdpid, fsrm, gfni, avx512_bitalg, f16c, cet_ibt, cet_ss, avx512_ifma
Processor Information for the first 8 processors :
  Max Mhz: 2496, Current Mhz: 2496, Mhz Limit: 2496

Memory: 4k page, system-wide physical 11930M (648M free)
TotalPageFile size 17050M (AvailPageFile size 2925M)
current process WorkingSet (physical memory assigned to process): 833M, peak: 834M
current process commit charge ("private bytes"): 773M, peak: 781M

vm_info: OpenJDK 64-Bit Server VM (21.0.7+6-LTS) for windows-amd64 JRE (21.0.7+6-LTS), built on 2025-04-15T00:00:00Z by "admin" with MS VC++ 17.7 (VS2022)

END.
